<html>
<body>
<pre>
<h1>µVision Build Log</h1>
<h2>Tool Versions:</h2>
IDE-Version: ¦ÌVision V5.38.0.0
Copyright (C) 2022 ARM Ltd and ARM Germany GmbH. All rights reserved.
License Information: 1 qiu, 1, LIC=JL28G-V89FM-MML9I-TXR8R-9LM29-P5CGD
 
Tool Versions:
Toolchain:       MDK-ARM Plus  Version: 5.38.0.0
Toolchain Path:  E:\dianzi\MDKv5\ARM\AC5\Bin
C Compiler:      Armcc.exe V5.06 update 7 (build 960)
Assembler:       Armasm.exe V5.06 update 7 (build 960)
Linker/Locator:  ArmLink.exe V5.06 update 7 (build 960)
Library Manager: ArmAr.exe V5.06 update 7 (build 960)
Hex Converter:   FromElf.exe V5.06 update 7 (build 960)
CPU DLL:         SARMCM3.DLL V5.38.0.0
Dialog DLL:      DARMCM1.DLL V1.19.6.0
Target DLL:      Segger\JL2CM3.dll V2.99.42.0
Dialog DLL:      TARMCM1.DLL V1.14.6.0
 
<h2>Project:</h2>
E:\StudyNote\study_CW32\2.²Î¿¼´úÂë\CW32F030_StdPeriph_Lib£¨¹Ì¼þ¿â£©\Examples\ADC\adc_sgl_ext_trig\MDK\adc_sgl_ext_trig.uvprojx
Project File Date:  02/10/2025

<h2>Output:</h2>
*** Using Compiler 'V5.06 update 7 (build 960)', folder: 'E:\dianzi\MDKv5\ARM\AC5\Bin'
Build target 'adc_sgl_ext_trig'
assembling startup_cw32f030.s...
compiling cw32f030_systick.c...
compiling cw32f030_gpio.c...
compiling system_cw32f030.c...
compiling main.c...
compiling cw32f030_gtim.c...
compiling cw32f030_rcc.c...
compiling interrupts_cw32f030.c...
compiling cw32f030_adc.c...
linking...
Program Size: Code=2796 RO-data=224 RW-data=36 ZI-data=516  
FromELF: creating hex file...
".\output\exe\adc_sgl_ext_trig.axf" - 0 Error(s), 0 Warning(s).

<h2>Software Packages used:</h2>

Package Vendor: ARM
                http://www.keil.com/pack/ARM.CMSIS.5.9.0.pack
                ARM.CMSIS.5.9.0
                CMSIS (Common Microcontroller Software Interface Standard)
   * Component: CORE Version: 5.6.0

<h2>Collection of Component include folders:</h2>
  ./RTE/_adc_sgl_ext_trig
  E:/dianzi/MDKv5/ARM/CMSIS/5.9.0/CMSIS/Core/Include
  E:/dianzi/MDKv5/ARM/CMSIS/5.9.0/Device/ARM/ARMCM0plus/Include

<h2>Collection of Component Files used:</h2>

   * Component: ARM::CMSIS:CORE:5.6.0
Build Time Elapsed:  00:00:01
</pre>
</body>
</html>
