Component: ARM Compiler 5.06 update 7 (build 960) Tool: armlink [4d3601]

==============================================================================

Section Cross References

    startup_cw32f030.o(RESET) refers to startup_cw32f030.o(STACK) for __initial_sp
    startup_cw32f030.o(RESET) refers to startup_cw32f030.o(.text) for Reset_Handler
    startup_cw32f030.o(RESET) refers to interrupts_cw32f030.o(i.NMI_Handler) for NMI_Handler
    startup_cw32f030.o(RESET) refers to interrupts_cw32f030.o(i.HardFault_Handler) for HardFault_Handler
    startup_cw32f030.o(RESET) refers to interrupts_cw32f030.o(i.SVC_Handler) for SVC_Handler
    startup_cw32f030.o(RESET) refers to interrupts_cw32f030.o(i.PendSV_Handler) for PendSV_Handler
    startup_cw32f030.o(RESET) refers to cw32f030_systick.o(i.SysTick_Handler) for SysTick_Handler
    startup_cw32f030.o(RESET) refers to interrupts_cw32f030.o(i.WDT_IRQHandler) for WDT_IRQHandler
    startup_cw32f030.o(RESET) refers to interrupts_cw32f030.o(i.LVD_IRQHandler) for LVD_IRQHandler
    startup_cw32f030.o(RESET) refers to interrupts_cw32f030.o(i.RTC_IRQHandler) for RTC_IRQHandler
    startup_cw32f030.o(RESET) refers to interrupts_cw32f030.o(i.FLASHRAM_IRQHandler) for FLASHRAM_IRQHandler
    startup_cw32f030.o(RESET) refers to interrupts_cw32f030.o(i.RCC_IRQHandler) for RCC_IRQHandler
    startup_cw32f030.o(RESET) refers to interrupts_cw32f030.o(i.GPIOA_IRQHandler) for GPIOA_IRQHandler
    startup_cw32f030.o(RESET) refers to interrupts_cw32f030.o(i.GPIOB_IRQHandler) for GPIOB_IRQHandler
    startup_cw32f030.o(RESET) refers to interrupts_cw32f030.o(i.GPIOC_IRQHandler) for GPIOC_IRQHandler
    startup_cw32f030.o(RESET) refers to interrupts_cw32f030.o(i.GPIOF_IRQHandler) for GPIOF_IRQHandler
    startup_cw32f030.o(RESET) refers to interrupts_cw32f030.o(i.DMACH1_IRQHandler) for DMACH1_IRQHandler
    startup_cw32f030.o(RESET) refers to interrupts_cw32f030.o(i.DMACH23_IRQHandler) for DMACH23_IRQHandler
    startup_cw32f030.o(RESET) refers to interrupts_cw32f030.o(i.DMACH45_IRQHandler) for DMACH45_IRQHandler
    startup_cw32f030.o(RESET) refers to interrupts_cw32f030.o(i.ADC_IRQHandler) for ADC_IRQHandler
    startup_cw32f030.o(RESET) refers to interrupts_cw32f030.o(i.ATIM_IRQHandler) for ATIM_IRQHandler
    startup_cw32f030.o(RESET) refers to interrupts_cw32f030.o(i.VC1_IRQHandler) for VC1_IRQHandler
    startup_cw32f030.o(RESET) refers to interrupts_cw32f030.o(i.VC2_IRQHandler) for VC2_IRQHandler
    startup_cw32f030.o(RESET) refers to interrupts_cw32f030.o(i.GTIM1_IRQHandler) for GTIM1_IRQHandler
    startup_cw32f030.o(RESET) refers to interrupts_cw32f030.o(i.GTIM2_IRQHandler) for GTIM2_IRQHandler
    startup_cw32f030.o(RESET) refers to interrupts_cw32f030.o(i.GTIM3_IRQHandler) for GTIM3_IRQHandler
    startup_cw32f030.o(RESET) refers to interrupts_cw32f030.o(i.GTIM4_IRQHandler) for GTIM4_IRQHandler
    startup_cw32f030.o(RESET) refers to interrupts_cw32f030.o(i.BTIM1_IRQHandler) for BTIM1_IRQHandler
    startup_cw32f030.o(RESET) refers to interrupts_cw32f030.o(i.BTIM2_IRQHandler) for BTIM2_IRQHandler
    startup_cw32f030.o(RESET) refers to interrupts_cw32f030.o(i.BTIM3_IRQHandler) for BTIM3_IRQHandler
    startup_cw32f030.o(RESET) refers to interrupts_cw32f030.o(i.I2C1_IRQHandler) for I2C1_IRQHandler
    startup_cw32f030.o(RESET) refers to interrupts_cw32f030.o(i.I2C2_IRQHandler) for I2C2_IRQHandler
    startup_cw32f030.o(RESET) refers to interrupts_cw32f030.o(i.SPI1_IRQHandler) for SPI1_IRQHandler
    startup_cw32f030.o(RESET) refers to interrupts_cw32f030.o(i.SPI2_IRQHandler) for SPI2_IRQHandler
    startup_cw32f030.o(RESET) refers to interrupts_cw32f030.o(i.UART1_IRQHandler) for UART1_IRQHandler
    startup_cw32f030.o(RESET) refers to interrupts_cw32f030.o(i.UART2_IRQHandler) for UART2_IRQHandler
    startup_cw32f030.o(RESET) refers to interrupts_cw32f030.o(i.UART3_IRQHandler) for UART3_IRQHandler
    startup_cw32f030.o(RESET) refers to interrupts_cw32f030.o(i.AWT_IRQHandler) for AWT_IRQHandler
    startup_cw32f030.o(RESET) refers to interrupts_cw32f030.o(i.FAULT_IRQHandler) for FAULT_IRQHandler
    startup_cw32f030.o(.text) refers to system_cw32f030.o(i.SystemInit) for SystemInit
    startup_cw32f030.o(.text) refers to entry.o(.ARM.Collect$$$$00000000) for __main
    main.o(i.GPIO_Configuration) refers to cw32f030_gpio.o(i.GPIO_Init) for GPIO_Init
    main.o(i.RCC_Configuration) refers to cw32f030_rcc.o(i.RCC_HSI_Enable) for RCC_HSI_Enable
    main.o(i.RCC_Configuration) refers to cw32f030_rcc.o(i.RCC_HCLKPRS_Config) for RCC_HCLKPRS_Config
    main.o(i.RCC_Configuration) refers to cw32f030_rcc.o(i.RCC_PCLKPRS_Config) for RCC_PCLKPRS_Config
    main.o(i.RCC_Configuration) refers to cw32f030_rcc.o(i.RCC_PLL_Enable) for RCC_PLL_Enable
    main.o(i.RCC_Configuration) refers to cw32f030_flash.o(i.FLASH_SetLatency) for FLASH_SetLatency
    main.o(i.RCC_Configuration) refers to cw32f030_rcc.o(i.RCC_SysClk_Switch) for RCC_SysClk_Switch
[...]
    cw32f030_adc.o(i.ADC_SerialChContinuousModeCfg) refers to cw32f030_adc.o(i.ADC_SerialChCommon) for ADC_SerialChCommon
    cw32f030_adc.o(i.ADC_SerialChMoreModeCfg) refers to cw32f030_adc.o(i.ADC_SerialChCommon) for ADC_SerialChCommon
    cw32f030_adc.o(i.ADC_SerialChScanModeCfg) refers to cw32f030_adc.o(i.ADC_SerialChCommon) for ADC_SerialChCommon
    cw32f030_adc.o(i.ADC_SingleChCommon) refers to cw32f030_adc.o(i.ADC_Init) for ADC_Init
    cw32f030_adc.o(i.ADC_SingleChCommon) refers to cw32f030_adc.o(i.ADC_BufEnSingleCh) for ADC_BufEnSingleCh
    cw32f030_adc.o(i.ADC_SingleChCommon) refers to cw32f030_adc.o(i.ADC_WdtConfig) for ADC_WdtConfig
    cw32f030_adc.o(i.ADC_SingleChContinuousModeCfg) refers to cw32f030_adc.o(i.ADC_SingleChCommon) for ADC_SingleChCommon
    cw32f030_adc.o(i.ADC_SingleChMoreModeCfg) refers to cw32f030_adc.o(i.ADC_SingleChCommon) for ADC_SingleChCommon
    cw32f030_adc.o(i.ADC_SingleChOneModeCfg) refers to cw32f030_adc.o(i.ADC_SingleChCommon) for ADC_SingleChCommon
    cw32f030_adc.o(i.ADC_Sqr01ChannelCfg) refers to cw32f030_adc.o(i.ADC_BufEnSerialCh) for ADC_BufEnSerialCh
    cw32f030_adc.o(i.ADC_Sqr02ChannelCfg) refers to cw32f030_adc.o(i.ADC_BufEnSerialCh) for ADC_BufEnSerialCh
    cw32f030_adc.o(i.ADC_Sqr03ChannelCfg) refers to cw32f030_adc.o(i.ADC_BufEnSerialCh) for ADC_BufEnSerialCh
    cw32f030_adc.o(i.ADC_Sqr0ChannelCfg) refers to cw32f030_adc.o(i.ADC_BufEnSerialCh) for ADC_BufEnSerialCh
    cw32f030_flash.o(i.FLASH_SetReadOutLevel) refers to cw32f030_flash.o(i.FLASH_GetReadOutLevel) for FLASH_GetReadOutLevel
    cw32f030_i2c.o(i.I2C_MasterReadEepomData) refers to cw32f030_i2c.o(i.I2C_GenerateSTART) for I2C_GenerateSTART
    cw32f030_i2c.o(i.I2C_MasterReadEepomData) refers to cw32f030_i2c.o(i.__ARM_common_switch8) for __ARM_common_switch8
    cw32f030_i2c.o(i.I2C_MasterReadEepomData) refers to cw32f030_i2c.o(i.I2C_Send7bitAddress) for I2C_Send7bitAddress
    cw32f030_i2c.o(i.I2C_MasterReadEepomData) refers to cw32f030_i2c.o(i.I2C_AcknowledgeConfig) for I2C_AcknowledgeConfig
    cw32f030_i2c.o(i.I2C_MasterReadEepomData) refers to cw32f030_i2c.o(i.I2C_GenerateSTOP) for I2C_GenerateSTOP
    cw32f030_i2c.o(i.I2C_MasterRecDataFromSlave) refers to cw32f030_i2c.o(i.I2C_GenerateSTART) for I2C_GenerateSTART
    cw32f030_i2c.o(i.I2C_MasterRecDataFromSlave) refers to cw32f030_i2c.o(i.I2C_Send7bitAddress) for I2C_Send7bitAddress
    cw32f030_i2c.o(i.I2C_MasterRecDataFromSlave) refers to cw32f030_i2c.o(i.I2C_AcknowledgeConfig) for I2C_AcknowledgeConfig
    cw32f030_i2c.o(i.I2C_MasterRecDataFromSlave) refers to cw32f030_i2c.o(i.I2C_GenerateSTOP) for I2C_GenerateSTOP
    cw32f030_i2c.o(i.I2C_MasterSendDataToSlave) refers to cw32f030_i2c.o(i.I2C_GenerateSTART) for I2C_GenerateSTART
    cw32f030_i2c.o(i.I2C_MasterSendDataToSlave) refers to cw32f030_i2c.o(i.I2C_Send7bitAddress) for I2C_Send7bitAddress
    cw32f030_i2c.o(i.I2C_MasterSendDataToSlave) refers to cw32f030_i2c.o(i.I2C_GenerateSTOP) for I2C_GenerateSTOP
    cw32f030_i2c.o(i.I2C_MasterWriteEepromData) refers to cw32f030_i2c.o(i.I2C_GenerateSTART) for I2C_GenerateSTART
    cw32f030_i2c.o(i.I2C_MasterWriteEepromData) refers to cw32f030_i2c.o(i.I2C_Send7bitAddress) for I2C_Send7bitAddress
    cw32f030_i2c.o(i.I2C_MasterWriteEepromData) refers to cw32f030_i2c.o(i.I2C_GenerateSTOP) for I2C_GenerateSTOP
    cw32f030_i2c.o(i.I2C_Master_Init) refers to cw32f030_i2c.o(i.I2C_BaudGeneratorEnable) for I2C_BaudGeneratorEnable
    cw32f030_i2c.o(i.I2C_Master_Init) refers to cw32f030_i2c.o(i.I2C_FilterConfig) for I2C_FilterConfig
    cw32f030_i2c.o(i.I2C_Master_Init) refers to cw32f030_i2c.o(i.I2C_AcknowledgeConfig) for I2C_AcknowledgeConfig
    cw32f030_i2c.o(i.I2C_SlaveRecDataFromMaster) refers to cw32f030_i2c.o(i.__ARM_common_switch8) for __ARM_common_switch8
    cw32f030_i2c.o(i.I2C_Slave_Init) refers to cw32f030_i2c.o(i.I2C_FilterConfig) for I2C_FilterConfig
    cw32f030_i2c.o(i.I2C_Slave_Init) refers to cw32f030_i2c.o(i.I2C_AcknowledgeConfig) for I2C_AcknowledgeConfig
    cw32f030_i2c.o(i.I2C_Slave_Init) refers to cw32f030_i2c.o(i.I2C_SetOwnSlaveAddress0) for I2C_SetOwnSlaveAddress0
    cw32f030_i2c.o(i.I2C_Slave_Init) refers to cw32f030_i2c.o(i.I2C_GcConfig) for I2C_GcConfig
    cw32f030_i2c.o(i.I2C_Slave_Init) refers to cw32f030_i2c.o(i.I2C_SetOwnSlaveAddress1) for I2C_SetOwnSlaveAddress1
    cw32f030_i2c.o(i.I2C_Slave_Init) refers to cw32f030_i2c.o(i.I2C_SetOwnSlaveAddress2) for I2C_SetOwnSlaveAddress2
    cw32f030_lvd.o(i.LVD_DeInit) refers to cw32f030_lvd.o(i.LVD_DisableIrq) for LVD_DisableIrq
    cw32f030_lvd.o(i.LVD_DeInit) refers to cw32f030_lvd.o(i.LVD_Disable) for LVD_Disable
    cw32f030_lvd.o(i.LVD_DisableIrq) refers to cw32f030_lvd.o(i.LVD_DisableNvic) for LVD_DisableNvic
    cw32f030_lvd.o(i.LVD_DisableNvic) refers to cw32f030_lvd.o(i.__NVIC_ClearPendingIRQ) for __NVIC_ClearPendingIRQ
    cw32f030_lvd.o(i.LVD_EnableIrq) refers to cw32f030_lvd.o(i.LVD_EnableNvic) for LVD_EnableNvic
    cw32f030_lvd.o(i.LVD_EnableNvic) refers to cw32f030_lvd.o(i.__NVIC_ClearPendingIRQ) for __NVIC_ClearPendingIRQ
    cw32f030_lvd.o(i.LVD_Init) refers to cw32f030_lvd.o(i.LVD_Disable) for LVD_Disable
    cw32f030_lvd.o(i.LVD_Init) refers to cw32f030_lvd.o(i.LVD_DisableIrq) for LVD_DisableIrq
    cw32f030_rcc.o(i.RCC_HSE_Enable) refers to uidiv.o(.text) for __aeabi_uidivmod
    cw32f030_rcc.o(i.RCC_HSE_Enable) refers to ldiv.o(.text) for __aeabi_ldivmod
    cw32f030_rcc.o(i.RCC_PLL_Enable) refers to memcpya.o(.text) for __aeabi_memcpy4
    cw32f030_rcc.o(i.RCC_PLL_Enable) refers to cw32f030_rcc.o(.constdata) for .constdata
    cw32f030_rcc.o(i.RCC_SYSCLKSRC_Config) refers to cw32f030_rcc.o(i.RCC_Sysctrl_GetHClkFreq) for RCC_Sysctrl_GetHClkFreq
    cw32f030_rcc.o(i.RCC_SYSCLKSRC_Config) refers to system_cw32f030.o(.data) for SystemCoreClock
    cw32f030_rcc.o(i.RCC_SysClk_Switch) refers to cw32f030_rcc.o(i.RCC_Sysctrl_GetHClkFreq) for RCC_Sysctrl_GetHClkFreq
    cw32f030_rcc.o(i.RCC_SysClk_Switch) refers to system_cw32f030.o(.data) for SystemCoreClock
    cw32f030_rcc.o(i.RCC_Sysctrl_GetHClkFreq) refers to cw32f030_i2c.o(i.__ARM_common_switch8) for __ARM_common_switch8
    cw32f030_rcc.o(i.RCC_Sysctrl_GetHClkFreq) refers to uidiv.o(.text) for __aeabi_uidivmod
    cw32f030_rcc.o(i.RCC_Sysctrl_GetHClkFreq) refers to cw32f030_rcc.o(.constdata) for .constdata
    cw32f030_rcc.o(i.RCC_Sysctrl_GetPClkFreq) refers to cw32f030_rcc.o(i.RCC_Sysctrl_GetHClkFreq) for RCC_Sysctrl_GetHClkFreq
    cw32f030_rcc.o(i.RCC_SystemCoreClockUpdate) refers to system_cw32f030.o(.data) for SystemCoreClock
    cw32f030_rtc.o(i.RTC_Init) refers to cw32f030_rtc.o(i.RTC_Cmd) for RTC_Cmd
    cw32f030_rtc.o(i.RTC_Init) refers to cw32f030_rtc.o(i.RTC_SetClockSource) for RTC_SetClockSource
    cw32f030_rtc.o(i.RTC_Init) refers to cw32f030_rcc.o(i.RCC_GetAllRstFlag) for RCC_GetAllRstFlag
    cw32f030_rtc.o(i.RTC_Init) refers to cw32f030_rtc.o(i.RTC_SetDate) for RTC_SetDate
    cw32f030_rtc.o(i.RTC_Init) refers to cw32f030_rtc.o(i.RTC_SetTime) for RTC_SetTime
    cw32f030_systick.o(i.GetTick) refers to cw32f030_systick.o(.data) for .data
    cw32f030_systick.o(i.InitTick) refers to uidiv.o(.text) for __aeabi_uidivmod
    cw32f030_systick.o(i.InitTick) refers to cw32f030_systick.o(i.__NVIC_SetPriority) for __NVIC_SetPriority
    cw32f030_systick.o(i.InitTick) refers to cw32f030_systick.o(.data) for .data
    cw32f030_systick.o(i.SysTickDelay) refers to cw32f030_systick.o(i.GetTick) for GetTick
    cw32f030_systick.o(i.SysTickDelay) refers to cw32f030_systick.o(.data) for .data
    cw32f030_systick.o(i.SysTick_Handler) refers to cw32f030_systick.o(.data) for .data
    cw32f030_uart.o(i.USART_Init) refers to ffltui.o(.text) for __aeabi_ui2f
    cw32f030_uart.o(i.USART_Init) refers to fdiv.o(.text) for __aeabi_fdiv
    cw32f030_uart.o(i.USART_Init) refers to ffixui.o(.text) for __aeabi_f2uiz
    cw32f030_uart.o(i.USART_Init) refers to fadd.o(.text) for __aeabi_frsub
    cw32f030_uart.o(i.USART_Init) refers to fscalb.o(.text) for __ARM_scalbnf
    cw32f030_uart.o(i.USART_Init) refers to f2d.o(.text) for __aeabi_f2d
    cw32f030_uart.o(i.USART_Init) refers to dadd.o(.text) for __aeabi_dadd
    cw32f030_uart.o(i.USART_Init) refers to dfixui.o(.text) for __aeabi_d2uiz
    cw32f030_vc.o(i.VC1VC2_INNInit) refers to cw32f030_adc.o(i.ADC_Enable) for ADC_Enable
    cw32f030_vc.o(i.VC1_ChannelDeInit) refers to cw32f030_vc.o(i.VC_DisableNvic) for VC_DisableNvic
    cw32f030_vc.o(i.VC1_ChannelInit) refers to cw32f030_vc.o(i.VC1VC2_INNInit) for VC1VC2_INNInit
    cw32f030_vc.o(i.VC1_DisableIrq) refers to cw32f030_vc.o(i.VC_DisableNvic) for VC_DisableNvic
    cw32f030_vc.o(i.VC1_EnableChannel) refers to cw32f030_vc.o(i.VC1_GetFlagStatus) for VC1_GetFlagStatus
    cw32f030_vc.o(i.VC1_EnableIrq) refers to cw32f030_vc.o(i.VC_EnableNvic) for VC_EnableNvic
    cw32f030_vc.o(i.VC2_ChannelDeInit) refers to cw32f030_vc.o(i.VC_DisableNvic) for VC_DisableNvic
    cw32f030_vc.o(i.VC2_ChannelInit) refers to cw32f030_vc.o(i.VC1VC2_INNInit) for VC1VC2_INNInit
    cw32f030_vc.o(i.VC2_DisableIrq) refers to cw32f030_vc.o(i.VC_DisableNvic) for VC_DisableNvic
    cw32f030_vc.o(i.VC2_EnableChannel) refers to cw32f030_vc.o(i.VC2_GetFlagStatus) for VC2_GetFlagStatus
    cw32f030_vc.o(i.VC2_EnableIrq) refers to cw32f030_vc.o(i.VC_EnableNvic) for VC_EnableNvic
    cw32f030_vc.o(i.VC_DeInit) refers to cw32f030_vc.o(i.VC1_ChannelDeInit) for VC1_ChannelDeInit
    cw32f030_vc.o(i.VC_DeInit) refers to cw32f030_vc.o(i.VC2_ChannelDeInit) for VC2_ChannelDeInit
    cw32f030_vc.o(i.VC_DisableNvic) refers to cw32f030_vc.o(i.__NVIC_ClearPendingIRQ) for __NVIC_ClearPendingIRQ
    cw32f030_vc.o(i.VC_EnableNvic) refers to cw32f030_vc.o(i.__NVIC_ClearPendingIRQ) for __NVIC_ClearPendingIRQ
    system_cw32f030.o(i.SystemCoreClockUpdate) refers to system_cw32f030.o(.data) for .data
    system_cw32f030.o(i.SystemInit) refers to system_cw32f030.o(.data) for .data
    system_cw32f030.o(i.delay10us) refers to uidiv.o(.text) for __aeabi_uidivmod
    system_cw32f030.o(i.delay10us) refers to system_cw32f030.o(.data) for .data
    system_cw32f030.o(i.delay1ms) refers to uidiv.o(.text) for __aeabi_uidivmod
    system_cw32f030.o(i.delay1ms) refers to system_cw32f030.o(.data) for .data
    lcd_calculate.o(i.DisplayButtonDown) refers to lcd_calculate.o(i.Gui_DrawLine) for Gui_DrawLine
    lcd_calculate.o(i.DisplayButtonUp) refers to lcd_calculate.o(i.Gui_DrawLine) for Gui_DrawLine
    lcd_calculate.o(i.Gui_Circle) refers to lcd_driver.o(i.Gui_DrawPoint) for Gui_DrawPoint
    lcd_calculate.o(i.Gui_DrawFont_GBK16) refers to lcd_driver.o(i.Gui_DrawPoint) for Gui_DrawPoint
    lcd_calculate.o(i.Gui_DrawFont_GBK16) refers to lcd_calculate.o(.constdata) for .constdata
    lcd_calculate.o(i.Gui_DrawFont_GBK24) refers to lcd_driver.o(i.Gui_DrawPoint) for Gui_DrawPoint
    lcd_calculate.o(i.Gui_DrawFont_GBK24) refers to lcd_calculate.o(.constdata) for .constdata
    lcd_calculate.o(i.Gui_DrawFont_Num32) refers to lcd_driver.o(i.Gui_DrawPoint) for Gui_DrawPoint
    lcd_calculate.o(i.Gui_DrawFont_Num32) refers to lcd_calculate.o(.constdata) for .constdata
    lcd_calculate.o(i.Gui_DrawLine) refers to lcd_driver.o(i.Lcd_SetXY) for Lcd_SetXY
    lcd_calculate.o(i.Gui_DrawLine) refers to lcd_driver.o(i.Gui_DrawPoint) for Gui_DrawPoint
    lcd_calculate.o(i.Gui_box) refers to lcd_calculate.o(i.Gui_DrawLine) for Gui_DrawLine
    lcd_calculate.o(i.Gui_box2) refers to lcd_calculate.o(i.Gui_DrawLine) for Gui_DrawLine
    lcd_driver.o(i.Color_Test) refers to lcd_driver.o(i.Lcd_Clear) for Lcd_Clear
    lcd_driver.o(i.Color_Test) refers to lcd_calculate.o(i.Gui_DrawFont_GBK16) for Gui_DrawFont_GBK16
    lcd_driver.o(i.Gui_DrawPoint) refers to lcd_driver.o(i.Lcd_SetRegion) for Lcd_SetRegion
    lcd_driver.o(i.Gui_DrawPoint) refers to lcd_driver.o(i.LCD_WriteData_16Bit) for LCD_WriteData_16Bit
    lcd_driver.o(i.LCD_GPIO_Init) refers to cw32f030_gpio.o(i.GPIO_Init) for GPIO_Init
    lcd_driver.o(i.LCD_WriteData_16Bit) refers to lcd_driver.o(i.SPI_WriteData) for SPI_WriteData
    lcd_driver.o(i.Lcd_Clear) refers to lcd_driver.o(i.Lcd_SetRegion) for Lcd_SetRegion
    lcd_driver.o(i.Lcd_Clear) refers to lcd_driver.o(i.Lcd_WriteIndex) for Lcd_WriteIndex
    lcd_driver.o(i.Lcd_Clear) refers to lcd_driver.o(i.LCD_WriteData_16Bit) for LCD_WriteData_16Bit
    lcd_driver.o(i.Lcd_Clear_1) refers to lcd_driver.o(i.Lcd_SetRegion) for Lcd_SetRegion
    lcd_driver.o(i.Lcd_Clear_1) refers to lcd_driver.o(i.Lcd_WriteIndex) for Lcd_WriteIndex
    lcd_driver.o(i.Lcd_Clear_1) refers to lcd_driver.o(i.LCD_WriteData_16Bit) for LCD_WriteData_16Bit
    lcd_driver.o(i.Lcd_Init) refers to lcd_driver.o(i.LCD_GPIO_Init) for LCD_GPIO_Init
    lcd_driver.o(i.Lcd_Init) refers to lcd_driver.o(i.Lcd_Reset) for Lcd_Reset
    lcd_driver.o(i.Lcd_Init) refers to lcd_driver.o(i.Lcd_WriteIndex) for Lcd_WriteIndex
    lcd_driver.o(i.Lcd_Init) refers to lcd_driver.o(i.Lcd_WriteData) for Lcd_WriteData
    lcd_driver.o(i.Lcd_ReadPoint) refers to lcd_driver.o(i.Lcd_SetXY) for Lcd_SetXY
    lcd_driver.o(i.Lcd_ReadPoint) refers to lcd_driver.o(i.Lcd_WriteData) for Lcd_WriteData
    lcd_driver.o(i.Lcd_SetRegion) refers to lcd_driver.o(i.Lcd_WriteIndex) for Lcd_WriteIndex
    lcd_driver.o(i.Lcd_SetRegion) refers to lcd_driver.o(i.Lcd_WriteData) for Lcd_WriteData
    lcd_driver.o(i.Lcd_SetXY) refers to lcd_driver.o(i.Lcd_SetRegion) for Lcd_SetRegion
    lcd_driver.o(i.Lcd_WriteData) refers to lcd_driver.o(i.SPI_WriteData) for SPI_WriteData
    lcd_driver.o(i.Lcd_WriteIndex) refers to lcd_driver.o(i.SPI_WriteData) for SPI_WriteData
    lcd_driver.o(i.Lcd_WriteReg) refers to lcd_driver.o(i.Lcd_WriteIndex) for Lcd_WriteIndex
    lcd_driver.o(i.Lcd_WriteReg) refers to lcd_driver.o(i.Lcd_WriteData) for Lcd_WriteData
    lcd_driver.o(i.Redraw_Mainmenu) refers to lcd_driver.o(i.Lcd_Clear) for Lcd_Clear
    lcd_driver.o(i.Redraw_Mainmenu) refers to lcd_calculate.o(i.Gui_DrawFont_GBK16) for Gui_DrawFont_GBK16
    lcd_driver.o(i.Redraw_Mainmenu) refers to lcd_calculate.o(i.DisplayButtonUp) for DisplayButtonUp
    lcd_driver.o(i.showimage) refers to lcd_driver.o(i.Lcd_Clear) for Lcd_Clear
    lcd_driver.o(i.showimage) refers to lcd_driver.o(i.Lcd_SetRegion) for Lcd_SetRegion
    lcd_driver.o(i.showimage) refers to lcd_driver.o(i.LCD_WriteData_16Bit) for LCD_WriteData_16Bit
    entry.o(.ARM.Collect$$$$00000000) refers (Special) to entry10a.o(.ARM.Collect$$$$0000000F) for __rt_final_cpp
    entry.o(.ARM.Collect$$$$00000000) refers (Special) to entry11a.o(.ARM.Collect$$$$00000011) for __rt_final_exit
    entry.o(.ARM.Collect$$$$00000000) refers (Special) to entry12b.o(.ARM.Collect$$$$0000000E) for __rt_lib_shutdown_fini
    entry.o(.ARM.Collect$$$$00000000) refers (Special) to entry7b.o(.ARM.Collect$$$$00000008) for _main_clock
    entry.o(.ARM.Collect$$$$00000000) refers (Special) to entry8b.o(.ARM.Collect$$$$0000000A) for _main_cpp_init
    entry.o(.ARM.Collect$$$$00000000) refers (Special) to entry9a.o(.ARM.Collect$$$$0000000B) for _main_init
    entry.o(.ARM.Collect$$$$00000000) refers (Special) to entry5.o(.ARM.Collect$$$$00000004) for _main_scatterload
    entry.o(.ARM.Collect$$$$00000000) refers (Special) to entry2.o(.ARM.Collect$$$$00000001) for _main_stk
    ldiv.o(.text) refers to uldiv.o(.text) for __aeabi_uldivmod
    fadd.o(.text) refers (Special) to iusefp.o(.text) for __I$use$fp
    fadd.o(.text) refers to fepilogue.o(.text) for _float_epilogue
    fmul.o(.text) refers (Special) to iusefp.o(.text) for __I$use$fp
    fdiv.o(.text) refers (Special) to iusefp.o(.text) for __I$use$fp
    fdiv.o(.text) refers to fepilogue.o(.text) for _float_round
    fscalb.o(.text) refers (Special) to iusefp.o(.text) for __I$use$fp
    dadd.o(.text) refers (Special) to iusefp.o(.text) for __I$use$fp
    dadd.o(.text) refers to llshl.o(.text) for __aeabi_llsl
    dadd.o(.text) refers to llsshr.o(.text) for __aeabi_lasr
    dadd.o(.text) refers to depilogue.o(.text) for _double_epilogue
    fflti.o(.text) refers (Special) to iusefp.o(.text) for __I$use$fp
    fflti.o(.text) refers to fepilogue.o(.text) for _float_epilogue
    ffltui.o(.text) refers (Special) to iusefp.o(.text) for __I$use$fp
    ffltui.o(.text) refers to fepilogue.o(.text) for _float_epilogue
    ffixui.o(.text) refers (Special) to iusefp.o(.text) for __I$use$fp
    dfixui.o(.text) refers (Special) to iusefp.o(.text) for __I$use$fp
    dfixui.o(.text) refers to llushr.o(.text) for __aeabi_llsr
    f2d.o(.text) refers (Special) to iusefp.o(.text) for __I$use$fp
    entry2.o(.ARM.Collect$$$$00000001) refers to entry2.o(.ARM.Collect$$$$00002712) for __lit__00000000
    entry2.o(.ARM.Collect$$$$00002712) refers to startup_cw32f030.o(STACK) for __initial_sp
    entry2.o(__vectab_stack_and_reset_area) refers to startup_cw32f030.o(STACK) for __initial_sp
    entry2.o(__vectab_stack_and_reset_area) refers to entry.o(.ARM.Collect$$$$00000000) for __main
    entry5.o(.ARM.Collect$$$$00000004) refers to init.o(.text) for __scatterload
    entry9a.o(.ARM.Collect$$$$0000000B) refers to main.o(i.main) for main
    entry9b.o(.ARM.Collect$$$$0000000C) refers to main.o(i.main) for main
    uldiv.o(.text) refers to llushr.o(.text) for __aeabi_llsr
    uldiv.o(.text) refers to llshl.o(.text) for __aeabi_llsl
    depilogue.o(.text) refers to depilogue.o(i.__ARM_clz) for __ARM_clz
    depilogue.o(.text) refers to llshl.o(.text) for __aeabi_llsl
    depilogue.o(.text) refers to llushr.o(.text) for __aeabi_llsr
    init.o(.text) refers to entry5.o(.ARM.Collect$$$$00000004) for __main_after_scatterload


==============================================================================

Removing Unused input sections from the image.

    Removing interrupts_cw32f030.o(.rev16_text), (4 bytes).
    Removing interrupts_cw32f030.o(.revsh_text), (4 bytes).
    Removing startup_cw32f030.o(HEAP), (512 bytes).
    Removing main.o(.rev16_text), (4 bytes).
    Removing main.o(.revsh_text), (4 bytes).
    Removing cw32f030_adc.o(.rev16_text), (4 bytes).
    Removing cw32f030_adc.o(.revsh_text), (4 bytes).
    Removing cw32f030_adc.o(i.ADC_AutoStop), (20 bytes).
    Removing cw32f030_adc.o(i.ADC_BufEnSerialCh), (52 bytes).
    Removing cw32f030_adc.o(i.ADC_BufEnSingleCh), (52 bytes).
    Removing cw32f030_adc.o(i.ADC_ClearITPendingAll), (16 bytes).
    Removing cw32f030_adc.o(i.ADC_ClearITPendingBit), (16 bytes).
    Removing cw32f030_adc.o(i.ADC_ClrAccResult), (16 bytes).
    Removing cw32f030_adc.o(i.ADC_DMACmd), (24 bytes).
    Removing cw32f030_adc.o(i.ADC_DMADisable), (16 bytes).
    Removing cw32f030_adc.o(i.ADC_DMAEnable), (16 bytes).
    Removing cw32f030_adc.o(i.ADC_DeInit), (24 bytes).
    Removing cw32f030_adc.o(i.ADC_Disable), (16 bytes).
    Removing cw32f030_adc.o(i.ADC_DisableIrq), (24 bytes).
    Removing cw32f030_adc.o(i.ADC_DisableNvic), (40 bytes).
    Removing cw32f030_adc.o(i.ADC_Enable), (28 bytes).
    Removing cw32f030_adc.o(i.ADC_EnableIrq), (8 bytes).
    Removing cw32f030_adc.o(i.ADC_EnableNvic), (36 bytes).
    Removing cw32f030_adc.o(i.ADC_ExtTrigCfg), (24 bytes).
    Removing cw32f030_adc.o(i.ADC_GetAccResult), (16 bytes).
    Removing cw32f030_adc.o(i.ADC_GetConversionValue), (12 bytes).
    Removing cw32f030_adc.o(i.ADC_GetITStatus), (20 bytes).
    Removing cw32f030_adc.o(i.ADC_GetITStatusAll), (12 bytes).
    Removing cw32f030_adc.o(i.ADC_GetSqr0Result), (16 bytes).
    Removing cw32f030_adc.o(i.ADC_GetSqr1Result), (16 bytes).
    Removing cw32f030_adc.o(i.ADC_GetSqr2Result), (16 bytes).
    Removing cw32f030_adc.o(i.ADC_GetSqr3Result), (16 bytes).
    Removing cw32f030_adc.o(i.ADC_GetTsVref1V5), (60 bytes).
    Removing cw32f030_adc.o(i.ADC_GetTsVref2V5), (64 bytes).
    Removing cw32f030_adc.o(i.ADC_ITConfig), (24 bytes).
    Removing cw32f030_adc.o(i.ADC_Init), (84 bytes).
    Removing cw32f030_adc.o(i.ADC_SerialChBreakModeCfg), (24 bytes).
    Removing cw32f030_adc.o(i.ADC_SerialChCommon), (68 bytes).
    Removing cw32f030_adc.o(i.ADC_SerialChContinuousModeCfg), (24 bytes).
    Removing cw32f030_adc.o(i.ADC_SerialChMoreModeCfg), (44 bytes).
    Removing cw32f030_adc.o(i.ADC_SerialChScanModeCfg), (24 bytes).
    Removing cw32f030_adc.o(i.ADC_SetAlign), (20 bytes).
    Removing cw32f030_adc.o(i.ADC_SetDiscard), (20 bytes).
    Removing cw32f030_adc.o(i.ADC_SetTs), (20 bytes).
    Removing cw32f030_adc.o(i.ADC_SetVref), (20 bytes).
    Removing cw32f030_adc.o(i.ADC_SingleChCommon), (60 bytes).
    Removing cw32f030_adc.o(i.ADC_SingleChContinuousModeCfg), (24 bytes).
    Removing cw32f030_adc.o(i.ADC_SingleChMoreModeCfg), (44 bytes).
    Removing cw32f030_adc.o(i.ADC_SingleChOneModeCfg), (24 bytes).
    Removing cw32f030_adc.o(i.ADC_SoftwareStartConvCmd), (28 bytes).
    Removing cw32f030_adc.o(i.ADC_Sqr01ChannelCfg), (52 bytes).
    Removing cw32f030_adc.o(i.ADC_Sqr02ChannelCfg), (64 bytes).
    Removing cw32f030_adc.o(i.ADC_Sqr03ChannelCfg), (72 bytes).
    Removing cw32f030_adc.o(i.ADC_Sqr0ChannelCfg), (36 bytes).
    Removing cw32f030_adc.o(i.ADC_StructInit), (24 bytes).
    Removing cw32f030_adc.o(i.ADC_WdtConfig), (76 bytes).
    Removing cw32f030_adc.o(i.ADC_WdtInit), (24 bytes).
    Removing cw32f030_adc.o(i.__NVIC_ClearPendingIRQ), (24 bytes).
    Removing cw32f030_adc.o(i.__NVIC_SetPriority), (68 bytes).
    Removing cw32f030_atim.o(.rev16_text), (4 bytes).
    Removing cw32f030_atim.o(.revsh_text), (4 bytes).
    Removing cw32f030_atim.o(i.ATIM_ADCTriggerConfig), (28 bytes).
    Removing cw32f030_atim.o(i.ATIM_BrakeConfig), (24 bytes).
    Removing cw32f030_atim.o(i.ATIM_CH1Config), (24 bytes).
    Removing cw32f030_atim.o(i.ATIM_CH2Config), (24 bytes).
    Removing cw32f030_atim.o(i.ATIM_CH3Config), (24 bytes).
    Removing cw32f030_atim.o(i.ATIM_CH4Config), (24 bytes).
    Removing cw32f030_atim.o(i.ATIM_ClearITPendingBit), (12 bytes).
    Removing cw32f030_atim.o(i.ATIM_Cmd), (24 bytes).
    Removing cw32f030_atim.o(i.ATIM_CtrlPWMOutputs), (24 bytes).
    Removing cw32f030_atim.o(i.ATIM_DeInit), (24 bytes).
    Removing cw32f030_atim.o(i.ATIM_ETRConfig), (20 bytes).
    Removing cw32f030_atim.o(i.ATIM_GetCapture1A), (12 bytes).
    Removing cw32f030_atim.o(i.ATIM_GetCapture1B), (12 bytes).
    Removing cw32f030_atim.o(i.ATIM_GetCapture2A), (12 bytes).
    Removing cw32f030_atim.o(i.ATIM_GetCapture2B), (12 bytes).
    Removing cw32f030_atim.o(i.ATIM_GetCapture3A), (12 bytes).
    Removing cw32f030_atim.o(i.ATIM_GetCapture3B), (12 bytes).
    Removing cw32f030_atim.o(i.ATIM_GetITStatus), (20 bytes).
    Removing cw32f030_atim.o(i.ATIM_IC1AInit), (44 bytes).
    Removing cw32f030_atim.o(i.ATIM_IC1BInit), (44 bytes).
    Removing cw32f030_atim.o(i.ATIM_IC2AInit), (44 bytes).
    Removing cw32f030_atim.o(i.ATIM_IC2BInit), (44 bytes).
    Removing cw32f030_atim.o(i.ATIM_IC3AInit), (44 bytes).
    Removing cw32f030_atim.o(i.ATIM_IC3BInit), (44 bytes).
    Removing cw32f030_atim.o(i.ATIM_ITConfig), (24 bytes).
    Removing cw32f030_atim.o(i.ATIM_Init), (88 bytes).
    Removing cw32f030_atim.o(i.ATIM_MasterModeConfig), (24 bytes).
    Removing cw32f030_atim.o(i.ATIM_OC1AInit), (88 bytes).
    Removing cw32f030_atim.o(i.ATIM_OC1BInit), (80 bytes).
    Removing cw32f030_atim.o(i.ATIM_OC2AInit), (96 bytes).
    Removing cw32f030_atim.o(i.ATIM_OC2BInit), (84 bytes).
    Removing cw32f030_atim.o(i.ATIM_OC3AInit), (96 bytes).
    Removing cw32f030_atim.o(i.ATIM_OC3BInit), (84 bytes).
    Removing cw32f030_atim.o(i.ATIM_OC4Init), (60 bytes).
    Removing cw32f030_atim.o(i.ATIM_PWMOutputConfig), (52 bytes).
    Removing cw32f030_atim.o(i.ATIM_SetCompare1A), (12 bytes).
    Removing cw32f030_atim.o(i.ATIM_SetCompare1B), (12 bytes).
    Removing cw32f030_atim.o(i.ATIM_SetCompare2A), (12 bytes).
    Removing cw32f030_atim.o(i.ATIM_SetCompare2B), (12 bytes).
    Removing cw32f030_atim.o(i.ATIM_SetCompare3A), (12 bytes).
    Removing cw32f030_atim.o(i.ATIM_SetCompare3B), (12 bytes).
    Removing cw32f030_atim.o(i.ATIM_SetCompare4), (12 bytes).
    Removing cw32f030_atim.o(i.ATIM_SetReloadValue), (12 bytes).
    Removing cw32f030_atim.o(i.ATIM_SlaverModeConfig), (24 bytes).
    Removing cw32f030_atim.o(i.ATIM_TriggerSelect), (24 bytes).
    Removing cw32f030_atim.o(i.ATIM_UpdateEventSelect), (24 bytes).
    Removing cw32f030_awt.o(.rev16_text), (4 bytes).
    Removing cw32f030_awt.o(.revsh_text), (4 bytes).
    Removing cw32f030_awt.o(i.AWT_ClearITPendingBit), (16 bytes).
    Removing cw32f030_awt.o(i.AWT_ClkSourceConfig), (20 bytes).
    Removing cw32f030_awt.o(i.AWT_Cmd), (28 bytes).
    Removing cw32f030_awt.o(i.AWT_DeInit), (24 bytes).
    Removing cw32f030_awt.o(i.AWT_GetAutoreload), (12 bytes).
    Removing cw32f030_awt.o(i.AWT_GetClkSource), (16 bytes).
    Removing cw32f030_awt.o(i.AWT_GetCounter), (12 bytes).
    Removing cw32f030_awt.o(i.AWT_GetITStatus), (20 bytes).
    Removing cw32f030_awt.o(i.AWT_GetPrescaler), (16 bytes).
    Removing cw32f030_awt.o(i.AWT_ITConfig), (24 bytes).
    Removing cw32f030_awt.o(i.AWT_PrescalerConfig), (20 bytes).
    Removing cw32f030_awt.o(i.AWT_TimeCntInit), (40 bytes).
    Removing cw32f030_awt.o(i.AWT_TimeCntStructInit), (24 bytes).
    Removing cw32f030_btim.o(.rev16_text), (4 bytes).
    Removing cw32f030_btim.o(.revsh_text), (4 bytes).
    Removing cw32f030_btim.o(i.BTIM_ClearITPendingBit), (8 bytes).
    Removing cw32f030_btim.o(i.BTIM_Cmd), (20 bytes).
    Removing cw32f030_btim.o(i.BTIM_DMACmd), (16 bytes).
    Removing cw32f030_btim.o(i.BTIM_DeInit), (24 bytes).
    Removing cw32f030_btim.o(i.BTIM_ETRConfig), (24 bytes).
    Removing cw32f030_btim.o(i.BTIM_GetAutoreload), (6 bytes).
    Removing cw32f030_btim.o(i.BTIM_GetCounter), (6 bytes).
    Removing cw32f030_btim.o(i.BTIM_GetITStatus), (10 bytes).
    Removing cw32f030_btim.o(i.BTIM_GetPrescaler), (8 bytes).
    Removing cw32f030_btim.o(i.BTIM_ITConfig), (16 bytes).
    Removing cw32f030_btim.o(i.BTIM_ModeConfig), (12 bytes).
    Removing cw32f030_btim.o(i.BTIM_OutputToggleCmd), (18 bytes).
    Removing cw32f030_btim.o(i.BTIM_PrescalerConfig), (32 bytes).
    Removing cw32f030_btim.o(i.BTIM_SelectETRInputPolarity), (12 bytes).
    Removing cw32f030_btim.o(i.BTIM_SelectInputTrigger), (12 bytes).
    Removing cw32f030_btim.o(i.BTIM_SelectOnePulseMode), (12 bytes).
    Removing cw32f030_btim.o(i.BTIM_SetAutoreload), (4 bytes).
    Removing cw32f030_btim.o(i.BTIM_SetCounter), (4 bytes).
    Removing cw32f030_btim.o(i.BTIM_TimeBaseInit), (32 bytes).
    Removing cw32f030_btim.o(i.BTIM_TimeBaseStructInit), (12 bytes).
    Removing cw32f030_crc.o(.rev16_text), (4 bytes).
    Removing cw32f030_crc.o(.revsh_text), (4 bytes).
    Removing cw32f030_crc.o(i.CRC16_Calc_16bit), (28 bytes).
    Removing cw32f030_crc.o(i.CRC16_Calc_32bit), (28 bytes).
    Removing cw32f030_crc.o(i.CRC16_Calc_8bit), (28 bytes).
    Removing cw32f030_crc.o(i.CRC32_Calc_16bit), (28 bytes).
    Removing cw32f030_crc.o(i.CRC32_Calc_32bit), (28 bytes).
    Removing cw32f030_crc.o(i.CRC32_Calc_8bit), (28 bytes).
    Removing cw32f030_debug.o(.rev16_text), (4 bytes).
    Removing cw32f030_debug.o(.revsh_text), (4 bytes).
    Removing cw32f030_debug.o(i.DBGMCU_Config), (24 bytes).
    Removing cw32f030_digitalsign.o(.rev16_text), (4 bytes).
    Removing cw32f030_digitalsign.o(.revsh_text), (4 bytes).
    Removing cw32f030_digitalsign.o(i.DIGITALSIGN_GetChipType), (22 bytes).
    Removing cw32f030_digitalsign.o(i.DIGITALSIGN_GetChipUid), (24 bytes).
    Removing cw32f030_digitalsign.o(i.DIGITALSIGN_GetFlashSize), (8 bytes).
    Removing cw32f030_digitalsign.o(i.DIGITALSIGN_GetPinCount), (12 bytes).
    Removing cw32f030_digitalsign.o(i.DIGITALSIGN_GetRamSize), (8 bytes).
    Removing cw32f030_dma.o(.rev16_text), (4 bytes).
    Removing cw32f030_dma.o(.revsh_text), (4 bytes).
    Removing cw32f030_dma.o(i.DMA_ClearITPendingBit), (16 bytes).
    Removing cw32f030_dma.o(i.DMA_Cmd), (20 bytes).
    Removing cw32f030_dma.o(i.DMA_DeInit), (26 bytes).
    Removing cw32f030_dma.o(i.DMA_GetFlagStatus), (8 bytes).
    Removing cw32f030_dma.o(i.DMA_GetITStatus), (20 bytes).
    Removing cw32f030_dma.o(i.DMA_ITConfig), (16 bytes).
    Removing cw32f030_dma.o(i.DMA_Init), (60 bytes).
    Removing cw32f030_dma.o(i.DMA_SWTrigCmd), (10 bytes).
    Removing cw32f030_dma.o(i.DMA_StructInit), (24 bytes).
    Removing cw32f030_flash.o(.rev16_text), (4 bytes).
    Removing cw32f030_flash.o(.revsh_text), (4 bytes).
    Removing cw32f030_flash.o(i.FLASH_CacheCmd), (20 bytes).
    Removing cw32f030_flash.o(i.FLASH_ClearITPendingBit), (16 bytes).
    Removing cw32f030_flash.o(i.FLASH_ErasePage), (80 bytes).
    Removing cw32f030_flash.o(i.FLASH_ErasePages), (100 bytes).
    Removing cw32f030_flash.o(i.FLASH_GetCacheStatus), (16 bytes).
    Removing cw32f030_flash.o(i.FLASH_GetITStatus), (20 bytes).
    Removing cw32f030_flash.o(i.FLASH_GetPrefetchStatus), (16 bytes).
    Removing cw32f030_flash.o(i.FLASH_GetReadOutLevel), (16 bytes).
    Removing cw32f030_flash.o(i.FLASH_GetStatus), (48 bytes).
    Removing cw32f030_flash.o(i.FLASH_ITConfig), (24 bytes).
    Removing cw32f030_flash.o(i.FLASH_LockAllPages), (16 bytes).
    Removing cw32f030_flash.o(i.FLASH_LockPage), (32 bytes).
    Removing cw32f030_flash.o(i.FLASH_LockPages), (64 bytes).
    Removing cw32f030_flash.o(i.FLASH_PrefetchCmd), (20 bytes).
    Removing cw32f030_flash.o(i.FLASH_SetReadOutLevel), (48 bytes).
    Removing cw32f030_flash.o(i.FLASH_UnlockAllPages), (16 bytes).
    Removing cw32f030_flash.o(i.FLASH_UnlockPage), (32 bytes).
    Removing cw32f030_flash.o(i.FLASH_UnlockPages), (64 bytes).
    Removing cw32f030_flash.o(i.FLASH_WirteBytes), (104 bytes).
    Removing cw32f030_gpio.o(.rev16_text), (4 bytes).
    Removing cw32f030_gpio.o(.revsh_text), (4 bytes).
    Removing cw32f030_gpio.o(i.GPIO_ConfigFilter), (6 bytes).
    Removing cw32f030_gpio.o(i.GPIO_DeInit), (56 bytes).
    Removing cw32f030_gpio.o(i.GPIO_GPIO2SWD), (24 bytes).
    Removing cw32f030_gpio.o(i.GPIO_HighByte_Write), (6 bytes).
    Removing cw32f030_gpio.o(i.GPIO_LockPin), (8 bytes).
    Removing cw32f030_gpio.o(i.GPIO_LowByte_Write), (6 bytes).
    Removing cw32f030_gpio.o(i.GPIO_ReadPin), (10 bytes).
    Removing cw32f030_gpio.o(i.GPIO_SWD2GPIO), (20 bytes).
    Removing cw32f030_gpio.o(i.GPIO_TogglePin), (4 bytes).
    Removing cw32f030_gpio.o(i.GPIO_WritePin), (12 bytes).
    Removing cw32f030_gtim.o(.rev16_text), (4 bytes).
    Removing cw32f030_gtim.o(.revsh_text), (4 bytes).
    Removing cw32f030_gtim.o(i.GTIM1_DeInit), (24 bytes).
    Removing cw32f030_gtim.o(i.GTIM1_ITRConfig), (36 bytes).
    Removing cw32f030_gtim.o(i.GTIM2_DeInit), (24 bytes).
    Removing cw32f030_gtim.o(i.GTIM2_ITRConfig), (40 bytes).
    Removing cw32f030_gtim.o(i.GTIM3_DeInit), (24 bytes).
    Removing cw32f030_gtim.o(i.GTIM3_ITRConfig), (40 bytes).
    Removing cw32f030_gtim.o(i.GTIM4_DeInit), (24 bytes).
    Removing cw32f030_gtim.o(i.GTIM4_ITRConfig), (40 bytes).
    Removing cw32f030_gtim.o(i.GTIM_ClearITPendingBit), (12 bytes).
    Removing cw32f030_gtim.o(i.GTIM_Cmd), (22 bytes).
    Removing cw32f030_gtim.o(i.GTIM_DMAConfig), (22 bytes).
    Removing cw32f030_gtim.o(i.GTIM_ETRConfig), (30 bytes).
    Removing cw32f030_gtim.o(i.GTIM_EncodeInit), (72 bytes).
    Removing cw32f030_gtim.o(i.GTIM_GetCapture1), (10 bytes).
    Removing cw32f030_gtim.o(i.GTIM_GetCapture2), (10 bytes).
    Removing cw32f030_gtim.o(i.GTIM_GetCapture3), (10 bytes).
    Removing cw32f030_gtim.o(i.GTIM_GetCapture4), (10 bytes).
    Removing cw32f030_gtim.o(i.GTIM_GetITStatus), (16 bytes).
    Removing cw32f030_gtim.o(i.GTIM_ICChannelConfig), (28 bytes).
    Removing cw32f030_gtim.o(i.GTIM_ICInit), (52 bytes).
    Removing cw32f030_gtim.o(i.GTIM_ITConfig), (22 bytes).
    Removing cw32f030_gtim.o(i.GTIM_OCInit), (24 bytes).
    Removing cw32f030_gtim.o(i.GTIM_SetCompare1), (12 bytes).
    Removing cw32f030_gtim.o(i.GTIM_SetCompare2), (12 bytes).
    Removing cw32f030_gtim.o(i.GTIM_SetCompare3), (12 bytes).
    Removing cw32f030_gtim.o(i.GTIM_SetCompare4), (12 bytes).
    Removing cw32f030_gtim.o(i.GTIM_SetCounterValue), (10 bytes).
    Removing cw32f030_gtim.o(i.GTIM_SetPrescaler), (20 bytes).
    Removing cw32f030_gtim.o(i.GTIM_SetReloadValue), (10 bytes).
    Removing cw32f030_gtim.o(i.GTIM_TimeBaseInit), (48 bytes).
    Removing cw32f030_i2c.o(.rev16_text), (4 bytes).
    Removing cw32f030_i2c.o(.revsh_text), (4 bytes).
    Removing cw32f030_i2c.o(i.I2C1_DeInit), (32 bytes).
    Removing cw32f030_i2c.o(i.I2C1_SoftwareResetCmd), (24 bytes).
    Removing cw32f030_i2c.o(i.I2C2_DeInit), (32 bytes).
    Removing cw32f030_i2c.o(i.I2C2_SoftwareResetCmd), (24 bytes).
    Removing cw32f030_i2c.o(i.I2C_AcknowledgeConfig), (18 bytes).
    Removing cw32f030_i2c.o(i.I2C_BaudGeneratorEnable), (20 bytes).
    Removing cw32f030_i2c.o(i.I2C_ClearIrq), (10 bytes).
    Removing cw32f030_i2c.o(i.I2C_Cmd), (18 bytes).
    Removing cw32f030_i2c.o(i.I2C_FilterConfig), (20 bytes).
    Removing cw32f030_i2c.o(i.I2C_GcConfig), (20 bytes).
    Removing cw32f030_i2c.o(i.I2C_GenerateSTART), (36 bytes).
    Removing cw32f030_i2c.o(i.I2C_GenerateSTOP), (18 bytes).
    Removing cw32f030_i2c.o(i.I2C_GetIrq), (8 bytes).
    Removing cw32f030_i2c.o(i.I2C_GetState), (6 bytes).
    Removing cw32f030_i2c.o(i.I2C_MasterReadEepomData), (176 bytes).
    Removing cw32f030_i2c.o(i.I2C_MasterRecDataFromSlave), (160 bytes).
    Removing cw32f030_i2c.o(i.I2C_MasterSendDataToSlave), (136 bytes).
    Removing cw32f030_i2c.o(i.I2C_MasterWriteEepromData), (140 bytes).
    Removing cw32f030_i2c.o(i.I2C_Master_Init), (50 bytes).
    Removing cw32f030_i2c.o(i.I2C_ReceiveData), (6 bytes).
    Removing cw32f030_i2c.o(i.I2C_Send7bitAddress), (18 bytes).
    Removing cw32f030_i2c.o(i.I2C_SendData), (4 bytes).
    Removing cw32f030_i2c.o(i.I2C_SetBaud), (4 bytes).
    Removing cw32f030_i2c.o(i.I2C_SetOwnSlaveAddress0), (16 bytes).
    Removing cw32f030_i2c.o(i.I2C_SetOwnSlaveAddress1), (16 bytes).
    Removing cw32f030_i2c.o(i.I2C_SetOwnSlaveAddress2), (16 bytes).
    Removing cw32f030_i2c.o(i.I2C_SlaveRecDataFromMaster), (70 bytes).
    Removing cw32f030_i2c.o(i.I2C_SlaveSendDataToMaster), (56 bytes).
    Removing cw32f030_i2c.o(i.I2C_Slave_Init), (54 bytes).
    Removing cw32f030_iwdt.o(.rev16_text), (4 bytes).
    Removing cw32f030_iwdt.o(.revsh_text), (4 bytes).
    Removing cw32f030_iwdt.o(i.IWDT_DeInit), (24 bytes).
    Removing cw32f030_iwdt.o(i.IWDT_GetCounterValue), (16 bytes).
    Removing cw32f030_iwdt.o(i.IWDT_GetFlagStatus), (16 bytes).
    Removing cw32f030_iwdt.o(i.IWDT_ITConfig), (48 bytes).
    Removing cw32f030_iwdt.o(i.IWDT_Init), (72 bytes).
    Removing cw32f030_iwdt.o(i.IWDT_SetPrescaler), (44 bytes).
    Removing cw32f030_iwdt.o(i.IWDT_SetReloadValue), (32 bytes).
    Removing cw32f030_iwdt.o(i.IWDT_SetWindowValue), (32 bytes).
    Removing cw32f030_lvd.o(.rev16_text), (4 bytes).
    Removing cw32f030_lvd.o(.revsh_text), (4 bytes).
    Removing cw32f030_lvd.o(i.LVD_ClearIrq), (16 bytes).
    Removing cw32f030_lvd.o(i.LVD_DeInit), (12 bytes).
    Removing cw32f030_lvd.o(i.LVD_Disable), (16 bytes).
    Removing cw32f030_lvd.o(i.LVD_DisableIrq), (32 bytes).
    Removing cw32f030_lvd.o(i.LVD_DisableNvic), (28 bytes).
    Removing cw32f030_lvd.o(i.LVD_Enable), (16 bytes).
    Removing cw32f030_lvd.o(i.LVD_EnableIrq), (24 bytes).
    Removing cw32f030_lvd.o(i.LVD_EnableNvic), (48 bytes).
    Removing cw32f030_lvd.o(i.LVD_GetFilterResult), (16 bytes).
    Removing cw32f030_lvd.o(i.LVD_GetFlagStatus), (20 bytes).
    Removing cw32f030_lvd.o(i.LVD_GetIrqStatus), (16 bytes).
    Removing cw32f030_lvd.o(i.LVD_Init), (60 bytes).
    Removing cw32f030_lvd.o(i.LVD_TrigConfig), (24 bytes).
    Removing cw32f030_lvd.o(i.__NVIC_ClearPendingIRQ), (24 bytes).
    Removing cw32f030_pwr.o(.rev16_text), (4 bytes).
    Removing cw32f030_pwr.o(.revsh_text), (4 bytes).
    Removing cw32f030_pwr.o(i.PWR_Config), (28 bytes).
    Removing cw32f030_pwr.o(i.PWR_GotoLpmMode), (4 bytes).
    Removing cw32f030_ram.o(.rev16_text), (4 bytes).
    Removing cw32f030_ram.o(.revsh_text), (4 bytes).
    Removing cw32f030_ram.o(i.RAM_ClearITPendingBit), (16 bytes).
    Removing cw32f030_ram.o(i.RAM_GetErrorAddress), (12 bytes).
    Removing cw32f030_ram.o(i.RAM_GetITStatus), (20 bytes).
    Removing cw32f030_ram.o(i.RAM_ITConfig), (24 bytes).
    Removing cw32f030_rcc.o(.rev16_text), (4 bytes).
    Removing cw32f030_rcc.o(.revsh_text), (4 bytes).
    Removing cw32f030_rcc.o(i.RCC_AHBPeriphClk_Enable), (24 bytes).
    Removing cw32f030_rcc.o(i.RCC_AHBPeriphReset), (24 bytes).
    Removing cw32f030_rcc.o(i.RCC_APBPeriphClk_Enable1), (24 bytes).
    Removing cw32f030_rcc.o(i.RCC_APBPeriphClk_Enable2), (24 bytes).
    Removing cw32f030_rcc.o(i.RCC_APBPeriphReset1), (24 bytes).
    Removing cw32f030_rcc.o(i.RCC_APBPeriphReset2), (24 bytes).
    Removing cw32f030_rcc.o(i.RCC_ATIMITRSelect), (24 bytes).
    Removing cw32f030_rcc.o(i.RCC_BTIM1ITRSelect), (24 bytes).
    Removing cw32f030_rcc.o(i.RCC_BTIM2ITRSelect), (24 bytes).
    Removing cw32f030_rcc.o(i.RCC_BTIM3ITRSelect), (24 bytes).
    Removing cw32f030_rcc.o(i.RCC_CCS_Config), (36 bytes).
    Removing cw32f030_rcc.o(i.RCC_ClearITPendingBit), (16 bytes).
    Removing cw32f030_rcc.o(i.RCC_ClearRstFlag), (16 bytes).
    Removing cw32f030_rcc.o(i.RCC_DeInit), (92 bytes).
    Removing cw32f030_rcc.o(i.RCC_GTIM1ITRSelect), (24 bytes).
    Removing cw32f030_rcc.o(i.RCC_GTIM2ITRSelect), (24 bytes).
    Removing cw32f030_rcc.o(i.RCC_GTIM3ITRSelect), (24 bytes).
    Removing cw32f030_rcc.o(i.RCC_GTIM4ITRSelect), (24 bytes).
    Removing cw32f030_rcc.o(i.RCC_GetAllRstFlag), (12 bytes).
    Removing cw32f030_rcc.o(i.RCC_GetAllStableFlag), (12 bytes).
    Removing cw32f030_rcc.o(i.RCC_GetITStatus), (20 bytes).
    Removing cw32f030_rcc.o(i.RCC_GetRstFlag), (20 bytes).
    Removing cw32f030_rcc.o(i.RCC_GetStableFlag), (20 bytes).
    Removing cw32f030_rcc.o(i.RCC_HCLK_OUT), (48 bytes).
    Removing cw32f030_rcc.o(i.RCC_HSE_Disable), (28 bytes).
    Removing cw32f030_rcc.o(i.RCC_HSE_Enable), (156 bytes).
    Removing cw32f030_rcc.o(i.RCC_HSE_OUT), (52 bytes).
    Removing cw32f030_rcc.o(i.RCC_HSI_Disable), (28 bytes).
    Removing cw32f030_rcc.o(i.RCC_HSI_OUT), (48 bytes).
    Removing cw32f030_rcc.o(i.RCC_ITConfig), (36 bytes).
    Removing cw32f030_rcc.o(i.RCC_LOCKUP_Config), (32 bytes).
    Removing cw32f030_rcc.o(i.RCC_LSELOCK_Config), (24 bytes).
    Removing cw32f030_rcc.o(i.RCC_LSE_Disable), (28 bytes).
    Removing cw32f030_rcc.o(i.RCC_LSE_Enable), (96 bytes).
    Removing cw32f030_rcc.o(i.RCC_LSE_OUT), (56 bytes).
    Removing cw32f030_rcc.o(i.RCC_LSI_Disable), (28 bytes).
    Removing cw32f030_rcc.o(i.RCC_LSI_Enable), (44 bytes).
    Removing cw32f030_rcc.o(i.RCC_LSI_OUT), (56 bytes).
    Removing cw32f030_rcc.o(i.RCC_MCO_OUT), (56 bytes).
    Removing cw32f030_rcc.o(i.RCC_PCLK_OUT), (52 bytes).
    Removing cw32f030_rcc.o(i.RCC_PLL_Disable), (28 bytes).
    Removing cw32f030_rcc.o(i.RCC_PLL_OUT), (52 bytes).
    Removing cw32f030_rcc.o(i.RCC_SWDIO_Config), (32 bytes).
    Removing cw32f030_rcc.o(i.RCC_SYSCLKSRC_Config), (44 bytes).
    Removing cw32f030_rcc.o(i.RCC_Sysctrl_GetPClkFreq), (24 bytes).
    Removing cw32f030_rcc.o(i.RCC_WAKEUPCLK_Config), (32 bytes).
    Removing cw32f030_rtc.o(.rev16_text), (4 bytes).
    Removing cw32f030_rtc.o(.revsh_text), (4 bytes).
    Removing cw32f030_rtc.o(i.RTC_AWTCmd), (92 bytes).
    Removing cw32f030_rtc.o(i.RTC_AWTConfig), (96 bytes).
    Removing cw32f030_rtc.o(i.RTC_AlarmCmd), (112 bytes).
    Removing cw32f030_rtc.o(i.RTC_BCDToBin), (16 bytes).
    Removing cw32f030_rtc.o(i.RTC_BinToBCD), (22 bytes).
    Removing cw32f030_rtc.o(i.RTC_CalibrationCmd), (92 bytes).
    Removing cw32f030_rtc.o(i.RTC_CalibrationConfig), (100 bytes).
    Removing cw32f030_rtc.o(i.RTC_ClearITPendingBit), (52 bytes).
    Removing cw32f030_rtc.o(i.RTC_Cmd), (64 bytes).
    Removing cw32f030_rtc.o(i.RTC_DeInit), (104 bytes).
    Removing cw32f030_rtc.o(i.RTC_GetAlarm), (88 bytes).
    Removing cw32f030_rtc.o(i.RTC_GetDate), (32 bytes).
    Removing cw32f030_rtc.o(i.RTC_GetITState), (28 bytes).
    Removing cw32f030_rtc.o(i.RTC_GetTamperDate), (36 bytes).
    Removing cw32f030_rtc.o(i.RTC_GetTamperTime), (44 bytes).
    Removing cw32f030_rtc.o(i.RTC_GetTime), (60 bytes).
    Removing cw32f030_rtc.o(i.RTC_ITConfig), (64 bytes).
    Removing cw32f030_rtc.o(i.RTC_Init), (132 bytes).
    Removing cw32f030_rtc.o(i.RTC_OutputConfig), (92 bytes).
    Removing cw32f030_rtc.o(i.RTC_SetAlarm), (104 bytes).
    Removing cw32f030_rtc.o(i.RTC_SetClockSource), (52 bytes).
    Removing cw32f030_rtc.o(i.RTC_SetDate), (72 bytes).
    Removing cw32f030_rtc.o(i.RTC_SetInterval), (92 bytes).
    Removing cw32f030_rtc.o(i.RTC_SetTime), (116 bytes).
    Removing cw32f030_rtc.o(i.RTC_TamperCmd), (92 bytes).
    Removing cw32f030_rtc.o(i.RTC_TamperTriggerConfig), (92 bytes).
    Removing cw32f030_spi.o(.rev16_text), (4 bytes).
    Removing cw32f030_spi.o(.revsh_text), (4 bytes).
    Removing cw32f030_spi.o(i.SPI1_DeInit), (24 bytes).
    Removing cw32f030_spi.o(i.SPI2_DeInit), (24 bytes).
    Removing cw32f030_spi.o(i.SPI_BiDirectionalLineConfig), (4 bytes).
    Removing cw32f030_spi.o(i.SPI_ClearFlag), (8 bytes).
    Removing cw32f030_spi.o(i.SPI_ClearITPendingBit), (8 bytes).
    Removing cw32f030_spi.o(i.SPI_Cmd), (16 bytes).
    Removing cw32f030_spi.o(i.SPI_DMACmd), (16 bytes).
    Removing cw32f030_spi.o(i.SPI_DataSizeConfig), (14 bytes).
    Removing cw32f030_spi.o(i.SPI_FlushSendBuff), (10 bytes).
    Removing cw32f030_spi.o(i.SPI_GetFlagStatus), (10 bytes).
    Removing cw32f030_spi.o(i.SPI_GetITStatus), (10 bytes).
    Removing cw32f030_spi.o(i.SPI_ITConfig), (16 bytes).
    Removing cw32f030_spi.o(i.SPI_Init), (52 bytes).
    Removing cw32f030_spi.o(i.SPI_MISOOutputConfig), (18 bytes).
    Removing cw32f030_spi.o(i.SPI_NSSInternalSoftwareConfig), (4 bytes).
    Removing cw32f030_spi.o(i.SPI_ReceiveData), (6 bytes).
    Removing cw32f030_spi.o(i.SPI_SendData), (4 bytes).
    Removing cw32f030_spi.o(i.SPI_StructInit), (26 bytes).
    Removing cw32f030_systick.o(.rev16_text), (4 bytes).
    Removing cw32f030_systick.o(.revsh_text), (4 bytes).
    Removing cw32f030_systick.o(i.GetTick), (12 bytes).
    Removing cw32f030_systick.o(i.InitTick), (88 bytes).
    Removing cw32f030_systick.o(i.ResumeTick), (16 bytes).
    Removing cw32f030_systick.o(i.SuspendTick), (16 bytes).
    Removing cw32f030_systick.o(i.SysTickDelay), (36 bytes).
    Removing cw32f030_systick.o(i.__NVIC_SetPriority), (68 bytes).
    Removing cw32f030_uart.o(.rev16_text), (4 bytes).
    Removing cw32f030_uart.o(.revsh_text), (4 bytes).
    Removing cw32f030_uart.o(i.UART1_DeInit), (24 bytes).
    Removing cw32f030_uart.o(i.UART2_DeInit), (24 bytes).
    Removing cw32f030_uart.o(i.UART3_DeInit), (24 bytes).
    Removing cw32f030_uart.o(i.USART_ClearFlag), (8 bytes).
    Removing cw32f030_uart.o(i.USART_ClearITPendingBit), (8 bytes).
    Removing cw32f030_uart.o(i.USART_ClockInit), (28 bytes).
    Removing cw32f030_uart.o(i.USART_ClockStructInit), (8 bytes).
    Removing cw32f030_uart.o(i.USART_DMACmd), (20 bytes).
    Removing cw32f030_uart.o(i.USART_GetFlagStatus), (10 bytes).
    Removing cw32f030_uart.o(i.USART_GetITStatus), (10 bytes).
    Removing cw32f030_uart.o(i.USART_HalfDuplexCmd), (16 bytes).
    Removing cw32f030_uart.o(i.USART_ITConfig), (20 bytes).
    Removing cw32f030_uart.o(i.USART_Init), (228 bytes).
    Removing cw32f030_uart.o(i.USART_ReceiveData), (8 bytes).
    Removing cw32f030_uart.o(i.USART_ReceiveData_8bit), (6 bytes).
    Removing cw32f030_uart.o(i.USART_SendData), (8 bytes).
    Removing cw32f030_uart.o(i.USART_SendData_8bit), (4 bytes).
    Removing cw32f030_uart.o(i.USART_SetMultiMode), (32 bytes).
    Removing cw32f030_uart.o(i.USART_StructInit), (26 bytes).
    Removing cw32f030_uart.o(i.USART_TxRxEN), (20 bytes).
    Removing cw32f030_uart.o(i.USART_TxRxINV), (20 bytes).
    Removing cw32f030_vc.o(.rev16_text), (4 bytes).
    Removing cw32f030_vc.o(.revsh_text), (4 bytes).
    Removing cw32f030_vc.o(i.VC1VC2_BlankInit), (12 bytes).
    Removing cw32f030_vc.o(i.VC1VC2_DIVDeInit), (16 bytes).
    Removing cw32f030_vc.o(i.VC1VC2_DIVInit), (76 bytes).
    Removing cw32f030_vc.o(i.VC1VC2_INNInit), (80 bytes).
    Removing cw32f030_vc.o(i.VC1VC2_OutInit), (8 bytes).
    Removing cw32f030_vc.o(i.VC1_BlankCfg), (32 bytes).
    Removing cw32f030_vc.o(i.VC1_ChannelDeInit), (24 bytes).
    Removing cw32f030_vc.o(i.VC1_ChannelInit), (72 bytes).
    Removing cw32f030_vc.o(i.VC1_ClearIrq), (16 bytes).
    Removing cw32f030_vc.o(i.VC1_DisableChannel), (16 bytes).
    Removing cw32f030_vc.o(i.VC1_DisableFilter), (16 bytes).
    Removing cw32f030_vc.o(i.VC1_DisableIrq), (24 bytes).
    Removing cw32f030_vc.o(i.VC1_EnableChannel), (28 bytes).
    Removing cw32f030_vc.o(i.VC1_EnableFilter), (16 bytes).
    Removing cw32f030_vc.o(i.VC1_EnableIrq), (28 bytes).
    Removing cw32f030_vc.o(i.VC1_GetFlagStatus), (20 bytes).
    Removing cw32f030_vc.o(i.VC1_ITConfig), (24 bytes).
    Removing cw32f030_vc.o(i.VC1_OutputCfg), (28 bytes).
    Removing cw32f030_vc.o(i.VC1_PolarityCfg), (24 bytes).
    Removing cw32f030_vc.o(i.VC1_WindowEnable), (24 bytes).
    Removing cw32f030_vc.o(i.VC2_BlankCfg), (32 bytes).
    Removing cw32f030_vc.o(i.VC2_ChannelDeInit), (24 bytes).
    Removing cw32f030_vc.o(i.VC2_ChannelInit), (72 bytes).
    Removing cw32f030_vc.o(i.VC2_ClearIrq), (16 bytes).
    Removing cw32f030_vc.o(i.VC2_DisableChannel), (16 bytes).
    Removing cw32f030_vc.o(i.VC2_DisableFilter), (16 bytes).
    Removing cw32f030_vc.o(i.VC2_DisableIrq), (24 bytes).
    Removing cw32f030_vc.o(i.VC2_EnableChannel), (28 bytes).
    Removing cw32f030_vc.o(i.VC2_EnableFilter), (16 bytes).
    Removing cw32f030_vc.o(i.VC2_EnableIrq), (28 bytes).
    Removing cw32f030_vc.o(i.VC2_GetFlagStatus), (20 bytes).
    Removing cw32f030_vc.o(i.VC2_ITConfig), (24 bytes).
    Removing cw32f030_vc.o(i.VC2_OutputCfg), (28 bytes).
    Removing cw32f030_vc.o(i.VC2_PolarityCfg), (24 bytes).
    Removing cw32f030_vc.o(i.VC2_WindowEnable), (24 bytes).
    Removing cw32f030_vc.o(i.VC_DeInit), (32 bytes).
    Removing cw32f030_vc.o(i.VC_DisableNvic), (40 bytes).
    Removing cw32f030_vc.o(i.VC_EnableNvic), (104 bytes).
    Removing cw32f030_vc.o(i.__NVIC_ClearPendingIRQ), (24 bytes).
    Removing cw32f030_wwdt.o(.rev16_text), (4 bytes).
    Removing cw32f030_wwdt.o(.revsh_text), (4 bytes).
    Removing cw32f030_wwdt.o(i.WWDT_ClearFlag), (16 bytes).
    Removing cw32f030_wwdt.o(i.WWDT_Cmd), (16 bytes).
    Removing cw32f030_wwdt.o(i.WWDT_DeInit), (24 bytes).
    Removing cw32f030_wwdt.o(i.WWDT_EnableIT), (16 bytes).
    Removing cw32f030_wwdt.o(i.WWDT_GetCounterValue), (16 bytes).
    Removing cw32f030_wwdt.o(i.WWDT_GetFlagStatus), (12 bytes).
    Removing cw32f030_wwdt.o(i.WWDT_GetWindowValue), (16 bytes).
    Removing cw32f030_wwdt.o(i.WWDT_Init), (52 bytes).
    Removing cw32f030_wwdt.o(i.WWDT_Refresh), (24 bytes).
    Removing cw32f030_wwdt.o(i.WWDT_SetPrescaler), (20 bytes).
    Removing cw32f030_wwdt.o(i.WWDT_SetWindowValue), (24 bytes).
    Removing system_cw32f030.o(.rev16_text), (4 bytes).
    Removing system_cw32f030.o(.revsh_text), (4 bytes).
    Removing system_cw32f030.o(i.FirmwareDelay), (16 bytes).
    Removing system_cw32f030.o(i.MemClr), (18 bytes).
    Removing system_cw32f030.o(i.SystemCoreClockUpdate), (16 bytes).
    Removing system_cw32f030.o(i.delay10us), (80 bytes).
    Removing system_cw32f030.o(i.delay1ms), (76 bytes).
    Removing lcd_calculate.o(.rev16_text), (4 bytes).
    Removing lcd_calculate.o(.revsh_text), (4 bytes).
    Removing lcd_calculate.o(i.DisplayButtonDown), (108 bytes).
    Removing lcd_calculate.o(i.DisplayButtonUp), (116 bytes).
    Removing lcd_calculate.o(i.Gui_Circle), (260 bytes).
    Removing lcd_calculate.o(i.Gui_DrawFont_GBK24), (356 bytes).
    Removing lcd_calculate.o(i.Gui_DrawFont_Num32), (120 bytes).
    Removing lcd_calculate.o(i.Gui_DrawLine), (164 bytes).
    Removing lcd_calculate.o(i.Gui_box), (100 bytes).
    Removing lcd_calculate.o(i.Gui_box2), (200 bytes).
    Removing lcd_calculate.o(i.LCD_BGR2RGB), (20 bytes).
    Removing lcd_driver.o(.rev16_text), (4 bytes).
    Removing lcd_driver.o(.revsh_text), (4 bytes).
    Removing lcd_driver.o(i.Color_Test), (96 bytes).
    Removing lcd_driver.o(i.Lcd_Clear_1), (46 bytes).
    Removing lcd_driver.o(i.Lcd_ReadPoint), (16 bytes).
    Removing lcd_driver.o(i.Lcd_SetXY), (12 bytes).
    Removing lcd_driver.o(i.Lcd_WriteReg), (16 bytes).
    Removing lcd_driver.o(i.Num_Test), (2 bytes).
    Removing lcd_driver.o(i.QDTFT_Test_Demo), (2 bytes).
    Removing lcd_driver.o(i.Redraw_Mainmenu), (56 bytes).
    Removing lcd_driver.o(i.showimage), (92 bytes).
    Removing fadd.o(.text), (178 bytes).
    Removing fmul.o(.text), (122 bytes).
    Removing fdiv.o(.text), (124 bytes).
    Removing fscalb.o(.text), (24 bytes).
    Removing dadd.o(.text), (360 bytes).
    Removing fflti.o(.text), (22 bytes).
    Removing ffltui.o(.text), (14 bytes).
    Removing ffixui.o(.text), (40 bytes).
    Removing dfixui.o(.text), (60 bytes).
    Removing f2d.o(.text), (40 bytes).
    Removing fepilogue.o(.text), (130 bytes).
    Removing depilogue.o(.text), (190 bytes).
    Removing cw32f030_iwdt.o(i.IWDT_Cmd), (16 bytes).
    Removing cw32f030_iwdt.o(i.IWDT_Refresh), (16 bytes).
    Removing cw32f030_iwdt.o(i.IWDT_Unlock), (16 bytes).
    Removing cw32f030_iwdt.o(i.IWDT_Lock), (16 bytes).
    Removing cw32f030_iwdt.o(i.IWDT_Stop), (24 bytes).
    Removing cw32f030_iwdt.o(i.IWDT_ClearOVFlag), (16 bytes).
    Removing depilogue.o(i.__ARM_clz), (46 bytes).

534 unused section(s) (total 18080 bytes) removed from the image.

==============================================================================

Image Symbol Table

    Local Symbols

    Symbol Name                              Value     Ov Type        Size  Object(Section)

    RESET                                    0x00000000   Section      192  startup_cw32f030.o(RESET)
    ../clib/microlib/division.c              0x00000000   Number         0  uidiv.o ABSOLUTE
    ../clib/microlib/division.c              0x00000000   Number         0  ldiv.o ABSOLUTE
    ../clib/microlib/division.c              0x00000000   Number         0  uldiv.o ABSOLUTE
    ../clib/microlib/init/entry.s            0x00000000   Number         0  entry.o ABSOLUTE
    ../clib/microlib/init/entry.s            0x00000000   Number         0  entry9a.o ABSOLUTE
    ../clib/microlib/init/entry.s            0x00000000   Number         0  entry8b.o ABSOLUTE
    ../clib/microlib/init/entry.s            0x00000000   Number         0  entry8a.o ABSOLUTE
    ../clib/microlib/init/entry.s            0x00000000   Number         0  entry11a.o ABSOLUTE
    ../clib/microlib/init/entry.s            0x00000000   Number         0  entry7b.o ABSOLUTE
    ../clib/microlib/init/entry.s            0x00000000   Number         0  entry10b.o ABSOLUTE
    ../clib/microlib/init/entry.s            0x00000000   Number         0  entry7a.o ABSOLUTE
    ../clib/microlib/init/entry.s            0x00000000   Number         0  entry9b.o ABSOLUTE
    ../clib/microlib/init/entry.s            0x00000000   Number         0  entry5.o ABSOLUTE
    ../clib/microlib/init/entry.s            0x00000000   Number         0  entry10a.o ABSOLUTE
    ../clib/microlib/init/entry.s            0x00000000   Number         0  entry2.o ABSOLUTE
    ../clib/microlib/init/entry.s            0x00000000   Number         0  entry12b.o ABSOLUTE
    ../clib/microlib/init/entry.s            0x00000000   Number         0  entry12a.o ABSOLUTE
    ../clib/microlib/init/entry.s            0x00000000   Number         0  entry11b.o ABSOLUTE
    ../clib/microlib/longlong.c              0x00000000   Number         0  llsshr.o ABSOLUTE
    ../clib/microlib/longlong.c              0x00000000   Number         0  llushr.o ABSOLUTE
    ../clib/microlib/longlong.c              0x00000000   Number         0  llshl.o ABSOLUTE
    ../clib/microlib/string/memcpy.c         0x00000000   Number         0  memcpyb.o ABSOLUTE
    ../clib/microlib/string/memcpy.c         0x00000000   Number         0  memcpya.o ABSOLUTE
    ../clib/microlib/stubs.s                 0x00000000   Number         0  iusefp.o ABSOLUTE
    ../fplib/microlib/f2d.c                  0x00000000   Number         0  f2d.o ABSOLUTE
    ../fplib/microlib/fpadd.c                0x00000000   Number         0  fadd.o ABSOLUTE
    ../fplib/microlib/fpadd.c                0x00000000   Number         0  dadd.o ABSOLUTE
    ../fplib/microlib/fpdiv.c                0x00000000   Number         0  fdiv.o ABSOLUTE
    ../fplib/microlib/fpepilogue.c           0x00000000   Number         0  depilogue.o ABSOLUTE
    ../fplib/microlib/fpepilogue.c           0x00000000   Number         0  fepilogue.o ABSOLUTE
    ../fplib/microlib/fpfix.c                0x00000000   Number         0  dfixui.o ABSOLUTE
    ../fplib/microlib/fpfix.c                0x00000000   Number         0  ffixui.o ABSOLUTE
    ../fplib/microlib/fpflt.c                0x00000000   Number         0  fflti.o ABSOLUTE
    ../fplib/microlib/fpflt.c                0x00000000   Number         0  ffltui.o ABSOLUTE
    ../fplib/microlib/fpmul.c                0x00000000   Number         0  fmul.o ABSOLUTE
    ../fplib/microlib/fpscalb.c              0x00000000   Number         0  fscalb.o ABSOLUTE
    ..\Libraries\src\cw32f030_adc.c          0x00000000   Number         0  cw32f030_adc.o ABSOLUTE
    ..\Libraries\src\cw32f030_atim.c         0x00000000   Number         0  cw32f030_atim.o ABSOLUTE
    ..\Libraries\src\cw32f030_awt.c          0x00000000   Number         0  cw32f030_awt.o ABSOLUTE
    ..\Libraries\src\cw32f030_btim.c         0x00000000   Number         0  cw32f030_btim.o ABSOLUTE
    ..\Libraries\src\cw32f030_crc.c          0x00000000   Number         0  cw32f030_crc.o ABSOLUTE
    ..\Libraries\src\cw32f030_debug.c        0x00000000   Number         0  cw32f030_debug.o ABSOLUTE
    ..\Libraries\src\cw32f030_digitalsign.c  0x00000000   Number         0  cw32f030_digitalsign.o ABSOLUTE
    ..\Libraries\src\cw32f030_dma.c          0x00000000   Number         0  cw32f030_dma.o ABSOLUTE
    ..\Libraries\src\cw32f030_flash.c        0x00000000   Number         0  cw32f030_flash.o ABSOLUTE
    ..\Libraries\src\cw32f030_gpio.c         0x00000000   Number         0  cw32f030_gpio.o ABSOLUTE
    ..\Libraries\src\cw32f030_gtim.c         0x00000000   Number         0  cw32f030_gtim.o ABSOLUTE
    ..\Libraries\src\cw32f030_i2c.c          0x00000000   Number         0  cw32f030_i2c.o ABSOLUTE
    ..\Libraries\src\cw32f030_iwdt.c         0x00000000   Number         0  cw32f030_iwdt.o ABSOLUTE
    ..\Libraries\src\cw32f030_lvd.c          0x00000000   Number         0  cw32f030_lvd.o ABSOLUTE
    ..\Libraries\src\cw32f030_pwr.c          0x00000000   Number         0  cw32f030_pwr.o ABSOLUTE
    ..\Libraries\src\cw32f030_ram.c          0x00000000   Number         0  cw32f030_ram.o ABSOLUTE
    ..\Libraries\src\cw32f030_rcc.c          0x00000000   Number         0  cw32f030_rcc.o ABSOLUTE
    ..\Libraries\src\cw32f030_rtc.c          0x00000000   Number         0  cw32f030_rtc.o ABSOLUTE
    ..\Libraries\src\cw32f030_spi.c          0x00000000   Number         0  cw32f030_spi.o ABSOLUTE
    ..\Libraries\src\cw32f030_systick.c      0x00000000   Number         0  cw32f030_systick.o ABSOLUTE
    ..\Libraries\src\cw32f030_uart.c         0x00000000   Number         0  cw32f030_uart.o ABSOLUTE
    ..\Libraries\src\cw32f030_vc.c           0x00000000   Number         0  cw32f030_vc.o ABSOLUTE
    ..\Libraries\src\cw32f030_wwdt.c         0x00000000   Number         0  cw32f030_wwdt.o ABSOLUTE
    ..\Libraries\src\system_cw32f030.c       0x00000000   Number         0  system_cw32f030.o ABSOLUTE
    ..\\Libraries\\src\\cw32f030_adc.c       0x00000000   Number         0  cw32f030_adc.o ABSOLUTE
    ..\\Libraries\\src\\cw32f030_atim.c      0x00000000   Number         0  cw32f030_atim.o ABSOLUTE
    ..\\Libraries\\src\\cw32f030_awt.c       0x00000000   Number         0  cw32f030_awt.o ABSOLUTE
    ..\\Libraries\\src\\cw32f030_btim.c      0x00000000   Number         0  cw32f030_btim.o ABSOLUTE
    ..\\Libraries\\src\\cw32f030_crc.c       0x00000000   Number         0  cw32f030_crc.o ABSOLUTE
    ..\\Libraries\\src\\cw32f030_debug.c     0x00000000   Number         0  cw32f030_debug.o ABSOLUTE
    ..\\Libraries\\src\\cw32f030_digitalsign.c 0x00000000   Number         0  cw32f030_digitalsign.o ABSOLUTE
    ..\\Libraries\\src\\cw32f030_dma.c       0x00000000   Number         0  cw32f030_dma.o ABSOLUTE
    ..\\Libraries\\src\\cw32f030_flash.c     0x00000000   Number         0  cw32f030_flash.o ABSOLUTE
    ..\\Libraries\\src\\cw32f030_gpio.c      0x00000000   Number         0  cw32f030_gpio.o ABSOLUTE
    ..\\Libraries\\src\\cw32f030_gtim.c      0x00000000   Number         0  cw32f030_gtim.o ABSOLUTE
    ..\\Libraries\\src\\cw32f030_i2c.c       0x00000000   Number         0  cw32f030_i2c.o ABSOLUTE
    ..\\Libraries\\src\\cw32f030_iwdt.c      0x00000000   Number         0  cw32f030_iwdt.o ABSOLUTE
    ..\\Libraries\\src\\cw32f030_lvd.c       0x00000000   Number         0  cw32f030_lvd.o ABSOLUTE
    ..\\Libraries\\src\\cw32f030_pwr.c       0x00000000   Number         0  cw32f030_pwr.o ABSOLUTE
    ..\\Libraries\\src\\cw32f030_ram.c       0x00000000   Number         0  cw32f030_ram.o ABSOLUTE
    ..\\Libraries\\src\\cw32f030_rcc.c       0x00000000   Number         0  cw32f030_rcc.o ABSOLUTE
    ..\\Libraries\\src\\cw32f030_rtc.c       0x00000000   Number         0  cw32f030_rtc.o ABSOLUTE
    ..\\Libraries\\src\\cw32f030_spi.c       0x00000000   Number         0  cw32f030_spi.o ABSOLUTE
    ..\\Libraries\\src\\cw32f030_systick.c   0x00000000   Number         0  cw32f030_systick.o ABSOLUTE
    ..\\Libraries\\src\\cw32f030_uart.c      0x00000000   Number         0  cw32f030_uart.o ABSOLUTE
    ..\\Libraries\\src\\cw32f030_vc.c        0x00000000   Number         0  cw32f030_vc.o ABSOLUTE
    ..\\Libraries\\src\\cw32f030_wwdt.c      0x00000000   Number         0  cw32f030_wwdt.o ABSOLUTE
    ..\\Libraries\\src\\system_cw32f030.c    0x00000000   Number         0  system_cw32f030.o ABSOLUTE
    TFT\LCD_calculate.c                      0x00000000   Number         0  lcd_calculate.o ABSOLUTE
    TFT\Lcd_Driver.c                         0x00000000   Number         0  lcd_driver.o ABSOLUTE
    TFT\\LCD_calculate.c                     0x00000000   Number         0  lcd_calculate.o ABSOLUTE
    TFT\\Lcd_Driver.c                        0x00000000   Number         0  lcd_driver.o ABSOLUTE
    USER\MAIN.c                              0x00000000   Number         0  main.o ABSOLUTE
    USER\\MAIN.c                             0x00000000   Number         0  main.o ABSOLUTE
    USER\\interrupts_cw32f030.c              0x00000000   Number         0  interrupts_cw32f030.o ABSOLUTE
    USER\interrupts_cw32f030.c               0x00000000   Number         0  interrupts_cw32f030.o ABSOLUTE
    USER\startup_cw32f030.s                  0x00000000   Number         0  startup_cw32f030.o ABSOLUTE
    dc.s                                     0x00000000   Number         0  dc.o ABSOLUTE
    handlers.s                               0x00000000   Number         0  handlers.o ABSOLUTE
    init.s                                   0x00000000   Number         0  init.o ABSOLUTE
    .ARM.Collect$$$$00000000                 0x000000c0   Section        0  entry.o(.ARM.Collect$$$$00000000)
    .ARM.Collect$$$$00000001                 0x000000c0   Section        4  entry2.o(.ARM.Collect$$$$00000001)
    .ARM.Collect$$$$00000004                 0x000000c4   Section        4  entry5.o(.ARM.Collect$$$$00000004)
    .ARM.Collect$$$$00000008                 0x000000c8   Section        0  entry7b.o(.ARM.Collect$$$$00000008)
    .ARM.Collect$$$$0000000A                 0x000000c8   Section        0  entry8b.o(.ARM.Collect$$$$0000000A)
    .ARM.Collect$$$$0000000B                 0x000000c8   Section        8  entry9a.o(.ARM.Collect$$$$0000000B)
    .ARM.Collect$$$$0000000E                 0x000000d0   Section        4  entry12b.o(.ARM.Collect$$$$0000000E)
    .ARM.Collect$$$$0000000F                 0x000000d4   Section        0  entry10a.o(.ARM.Collect$$$$0000000F)
    .ARM.Collect$$$$00000011                 0x000000d4   Section        0  entry11a.o(.ARM.Collect$$$$00000011)
    .ARM.Collect$$$$00002712                 0x000000d4   Section        4  entry2.o(.ARM.Collect$$$$00002712)
    __lit__00000000                          0x000000d4   Data           4  entry2.o(.ARM.Collect$$$$00002712)
    .text                                    0x000000d8   Section       60  startup_cw32f030.o(.text)
    .text                                    0x00000114   Section        0  uidiv.o(.text)
    .text                                    0x00000140   Section        0  memcpya.o(.text)
    .text                                    0x00000164   Section       36  init.o(.text)
    i.ADC_IRQHandler                         0x00000188   Section        0  interrupts_cw32f030.o(i.ADC_IRQHandler)
    i.ATIM_IRQHandler                        0x0000018a   Section        0  interrupts_cw32f030.o(i.ATIM_IRQHandler)
    i.AWT_IRQHandler                         0x0000018c   Section        0  interrupts_cw32f030.o(i.AWT_IRQHandler)
    i.BTIM1_IRQHandler                       0x0000018e   Section        0  interrupts_cw32f030.o(i.BTIM1_IRQHandler)
    i.BTIM2_IRQHandler                       0x00000190   Section        0  interrupts_cw32f030.o(i.BTIM2_IRQHandler)
    i.BTIM3_IRQHandler                       0x00000192   Section        0  interrupts_cw32f030.o(i.BTIM3_IRQHandler)
    i.DMACH1_IRQHandler                      0x00000194   Section        0  interrupts_cw32f030.o(i.DMACH1_IRQHandler)
    i.DMACH23_IRQHandler                     0x00000196   Section        0  interrupts_cw32f030.o(i.DMACH23_IRQHandler)
    i.DMACH45_IRQHandler                     0x00000198   Section        0  interrupts_cw32f030.o(i.DMACH45_IRQHandler)
    i.FAULT_IRQHandler                       0x0000019a   Section        0  interrupts_cw32f030.o(i.FAULT_IRQHandler)
    i.FLASHRAM_IRQHandler                    0x0000019c   Section        0  interrupts_cw32f030.o(i.FLASHRAM_IRQHandler)
    i.FLASH_SetLatency                       0x000001a0   Section        0  cw32f030_flash.o(i.FLASH_SetLatency)
    i.GPIOA_IRQHandler                       0x000001bc   Section        0  interrupts_cw32f030.o(i.GPIOA_IRQHandler)
    i.GPIOB_IRQHandler                       0x000001be   Section        0  interrupts_cw32f030.o(i.GPIOB_IRQHandler)
    i.GPIOC_IRQHandler                       0x000001c0   Section        0  interrupts_cw32f030.o(i.GPIOC_IRQHandler)
    i.GPIOF_IRQHandler                       0x000001c2   Section        0  interrupts_cw32f030.o(i.GPIOF_IRQHandler)
    i.GPIO_Configuration                     0x000001c4   Section        0  main.o(i.GPIO_Configuration)
    i.GPIO_Init                              0x000001fc   Section        0  cw32f030_gpio.o(i.GPIO_Init)
    i.GTIM1_IRQHandler                       0x000002e0   Section        0  interrupts_cw32f030.o(i.GTIM1_IRQHandler)
    i.GTIM2_IRQHandler                       0x000002e2   Section        0  interrupts_cw32f030.o(i.GTIM2_IRQHandler)
    i.GTIM3_IRQHandler                       0x000002e4   Section        0  interrupts_cw32f030.o(i.GTIM3_IRQHandler)
    i.GTIM4_IRQHandler                       0x000002e6   Section        0  interrupts_cw32f030.o(i.GTIM4_IRQHandler)
    i.Gui_DrawFont_GBK16                     0x000002e8   Section        0  lcd_calculate.o(i.Gui_DrawFont_GBK16)
    i.Gui_DrawPoint                          0x00000424   Section        0  lcd_driver.o(i.Gui_DrawPoint)
    i.HardFault_Handler                      0x00000438   Section        0  interrupts_cw32f030.o(i.HardFault_Handler)
    i.I2C1_IRQHandler                        0x0000043a   Section        0  interrupts_cw32f030.o(i.I2C1_IRQHandler)
    i.I2C2_IRQHandler                        0x0000043c   Section        0  interrupts_cw32f030.o(i.I2C2_IRQHandler)
    i.LCD_GPIO_Init                          0x00000440   Section        0  lcd_driver.o(i.LCD_GPIO_Init)
    i.LCD_WriteData_16Bit                    0x00000488   Section        0  lcd_driver.o(i.LCD_WriteData_16Bit)
    i.LVD_IRQHandler                         0x000004ac   Section        0  interrupts_cw32f030.o(i.LVD_IRQHandler)
    i.Lcd_Clear                              0x000004ae   Section        0  lcd_driver.o(i.Lcd_Clear)
    i.Lcd_Init                               0x000004dc   Section        0  lcd_driver.o(i.Lcd_Init)
    i.Lcd_Reset                              0x00000710   Section        0  lcd_driver.o(i.Lcd_Reset)
    i.Lcd_SetRegion                          0x00000738   Section        0  lcd_driver.o(i.Lcd_SetRegion)
    i.Lcd_WriteData                          0x0000078c   Section        0  lcd_driver.o(i.Lcd_WriteData)
    i.Lcd_WriteIndex                         0x000007a4   Section        0  lcd_driver.o(i.Lcd_WriteIndex)
    i.NMI_Handler                            0x000007bc   Section        0  interrupts_cw32f030.o(i.NMI_Handler)
    i.PendSV_Handler                         0x000007be   Section        0  interrupts_cw32f030.o(i.PendSV_Handler)
    i.RCC_Configuration                      0x000007c0   Section        0  main.o(i.RCC_Configuration)
    i.RCC_HCLKPRS_Config                     0x00000808   Section        0  cw32f030_rcc.o(i.RCC_HCLKPRS_Config)
    i.RCC_HSI_Enable                         0x00000828   Section        0  cw32f030_rcc.o(i.RCC_HSI_Enable)
    i.RCC_IRQHandler                         0x00000850   Section        0  interrupts_cw32f030.o(i.RCC_IRQHandler)
    i.RCC_PCLKPRS_Config                     0x00000854   Section        0  cw32f030_rcc.o(i.RCC_PCLKPRS_Config)
    i.RCC_PLL_Enable                         0x00000874   Section        0  cw32f030_rcc.o(i.RCC_PLL_Enable)
    i.RCC_SysClk_Switch                      0x000008fc   Section        0  cw32f030_rcc.o(i.RCC_SysClk_Switch)
    i.RCC_Sysctrl_GetHClkFreq                0x0000093c   Section        0  cw32f030_rcc.o(i.RCC_Sysctrl_GetHClkFreq)
    i.RCC_SystemCoreClockUpdate              0x000009b8   Section        0  cw32f030_rcc.o(i.RCC_SystemCoreClockUpdate)
    i.RTC_IRQHandler                         0x000009c4   Section        0  interrupts_cw32f030.o(i.RTC_IRQHandler)
    i.SPI1_IRQHandler                        0x000009c6   Section        0  interrupts_cw32f030.o(i.SPI1_IRQHandler)
    i.SPI2_IRQHandler                        0x000009c8   Section        0  interrupts_cw32f030.o(i.SPI2_IRQHandler)
    i.SPI_WriteData                          0x000009cc   Section        0  lcd_driver.o(i.SPI_WriteData)
    i.SVC_Handler                            0x000009f8   Section        0  interrupts_cw32f030.o(i.SVC_Handler)
    i.SysTick_Handler                        0x000009fc   Section        0  cw32f030_systick.o(i.SysTick_Handler)
    i.SystemInit                             0x00000a0c   Section        0  system_cw32f030.o(i.SystemInit)
    i.UART1_IRQHandler                       0x00000a48   Section        0  interrupts_cw32f030.o(i.UART1_IRQHandler)
    i.UART2_IRQHandler                       0x00000a4a   Section        0  interrupts_cw32f030.o(i.UART2_IRQHandler)
    i.UART3_IRQHandler                       0x00000a4c   Section        0  interrupts_cw32f030.o(i.UART3_IRQHandler)
    i.VC1_IRQHandler                         0x00000a4e   Section        0  interrupts_cw32f030.o(i.VC1_IRQHandler)
    i.VC2_IRQHandler                         0x00000a50   Section        0  interrupts_cw32f030.o(i.VC2_IRQHandler)
    i.WDT_IRQHandler                         0x00000a52   Section        0  interrupts_cw32f030.o(i.WDT_IRQHandler)
    i.__ARM_common_switch8                   0x00000a54   Section        0  cw32f030_i2c.o(i.__ARM_common_switch8)
    i.__scatterload_copy                     0x00000a6e   Section       14  handlers.o(i.__scatterload_copy)
    i.__scatterload_null                     0x00000a7c   Section        2  handlers.o(i.__scatterload_null)
    i.__scatterload_zeroinit                 0x00000a7e   Section       14  handlers.o(i.__scatterload_zeroinit)
    i.main                                   0x00000a8c   Section        0  main.o(i.main)
    .constdata                               0x00000ae8   Section      100  cw32f030_rcc.o(.constdata)
    .constdata                               0x00000b4c   Section     6582  lcd_calculate.o(.constdata)
    .data                                    0x20000000   Section       12  cw32f030_systick.o(.data)
    .data                                    0x2000000c   Section        4  system_cw32f030.o(.data)
    STACK                                    0x20000010   Section      512  startup_cw32f030.o(STACK)

    Global Symbols

    Symbol Name                              Value     Ov Type        Size  Object(Section)

    BuildAttributes$$THM_ISAv3M$S$PE$A:L22$X:L11$S22$IEEE1$IW$USESV6$~STKCKD$USESV7$~SHL$OTIME$ROPI$EBA8$MICROLIB$REQ8$PRES8$EABIv2 0x00000000   Number         0  anon$$obj.o ABSOLUTE
    __ARM_use_no_argv                        0x00000000   Number         0  main.o ABSOLUTE
    __Vectors                                0x00000000   Data           0  startup_cw32f030.o(RESET)
    __arm_fini_                               - Undefined Weak Reference
    __cpp_initialize__aeabi_                  - Undefined Weak Reference
    __cxa_finalize                            - Undefined Weak Reference
    __decompress                              - Undefined Weak Reference
    _clock_init                               - Undefined Weak Reference
    _microlib_exit                            - Undefined Weak Reference
    __Vectors_End                            0x000000c0   Data           0  startup_cw32f030.o(RESET)
    __Vectors_Size                           0x000000c0   Number         0  startup_cw32f030.o ABSOLUTE
    __main                                   0x000000c1   Thumb Code     0  entry.o(.ARM.Collect$$$$00000000)
    _main_stk                                0x000000c1   Thumb Code     0  entry2.o(.ARM.Collect$$$$00000001)
    _main_scatterload                        0x000000c5   Thumb Code     0  entry5.o(.ARM.Collect$$$$00000004)
    __main_after_scatterload                 0x000000c9   Thumb Code     0  entry5.o(.ARM.Collect$$$$00000004)
    _main_clock                              0x000000c9   Thumb Code     0  entry7b.o(.ARM.Collect$$$$00000008)
    _main_cpp_init                           0x000000c9   Thumb Code     0  entry8b.o(.ARM.Collect$$$$0000000A)
    _main_init                               0x000000c9   Thumb Code     0  entry9a.o(.ARM.Collect$$$$0000000B)
    __rt_lib_shutdown_fini                   0x000000d1   Thumb Code     0  entry12b.o(.ARM.Collect$$$$0000000E)
    __rt_final_cpp                           0x000000d5   Thumb Code     0  entry10a.o(.ARM.Collect$$$$0000000F)
    __rt_final_exit                          0x000000d5   Thumb Code     0  entry11a.o(.ARM.Collect$$$$00000011)
    Reset_Handler                            0x000000d9   Thumb Code    26  startup_cw32f030.o(.text)
    __aeabi_uidiv                            0x00000115   Thumb Code     0  uidiv.o(.text)
    __aeabi_uidivmod                         0x00000115   Thumb Code    44  uidiv.o(.text)
    __aeabi_memcpy                           0x00000141   Thumb Code    36  memcpya.o(.text)
    __aeabi_memcpy4                          0x00000141   Thumb Code     0  memcpya.o(.text)
    __aeabi_memcpy8                          0x00000141   Thumb Code     0  memcpya.o(.text)
    __scatterload                            0x00000165   Thumb Code    28  init.o(.text)
    __scatterload_rt2                        0x00000165   Thumb Code     0  init.o(.text)
    ADC_IRQHandler                           0x00000189   Thumb Code     2  interrupts_cw32f030.o(i.ADC_IRQHandler)
    ATIM_IRQHandler                          0x0000018b   Thumb Code     2  interrupts_cw32f030.o(i.ATIM_IRQHandler)
    AWT_IRQHandler                           0x0000018d   Thumb Code     2  interrupts_cw32f030.o(i.AWT_IRQHandler)
    BTIM1_IRQHandler                         0x0000018f   Thumb Code     2  interrupts_cw32f030.o(i.BTIM1_IRQHandler)
    BTIM2_IRQHandler                         0x00000191   Thumb Code     2  interrupts_cw32f030.o(i.BTIM2_IRQHandler)
    BTIM3_IRQHandler                         0x00000193   Thumb Code     2  interrupts_cw32f030.o(i.BTIM3_IRQHandler)
    DMACH1_IRQHandler                        0x00000195   Thumb Code     2  interrupts_cw32f030.o(i.DMACH1_IRQHandler)
    DMACH23_IRQHandler                       0x00000197   Thumb Code     2  interrupts_cw32f030.o(i.DMACH23_IRQHandler)
    DMACH45_IRQHandler                       0x00000199   Thumb Code     2  interrupts_cw32f030.o(i.DMACH45_IRQHandler)
    FAULT_IRQHandler                         0x0000019b   Thumb Code     2  interrupts_cw32f030.o(i.FAULT_IRQHandler)
    FLASHRAM_IRQHandler                      0x0000019d   Thumb Code     2  interrupts_cw32f030.o(i.FLASHRAM_IRQHandler)
    FLASH_SetLatency                         0x000001a1   Thumb Code    18  cw32f030_flash.o(i.FLASH_SetLatency)
    GPIOA_IRQHandler                         0x000001bd   Thumb Code     2  interrupts_cw32f030.o(i.GPIOA_IRQHandler)
    GPIOB_IRQHandler                         0x000001bf   Thumb Code     2  interrupts_cw32f030.o(i.GPIOB_IRQHandler)
    GPIOC_IRQHandler                         0x000001c1   Thumb Code     2  interrupts_cw32f030.o(i.GPIOC_IRQHandler)
    GPIOF_IRQHandler                         0x000001c3   Thumb Code     2  interrupts_cw32f030.o(i.GPIOF_IRQHandler)
    GPIO_Configuration                       0x000001c5   Thumb Code    44  main.o(i.GPIO_Configuration)
    GPIO_Init                                0x000001fd   Thumb Code   224  cw32f030_gpio.o(i.GPIO_Init)
    GTIM1_IRQHandler                         0x000002e1   Thumb Code     2  interrupts_cw32f030.o(i.GTIM1_IRQHandler)
    GTIM2_IRQHandler                         0x000002e3   Thumb Code     2  interrupts_cw32f030.o(i.GTIM2_IRQHandler)
    GTIM3_IRQHandler                         0x000002e5   Thumb Code     2  interrupts_cw32f030.o(i.GTIM3_IRQHandler)
    GTIM4_IRQHandler                         0x000002e7   Thumb Code     2  interrupts_cw32f030.o(i.GTIM4_IRQHandler)
    Gui_DrawFont_GBK16                       0x000002e9   Thumb Code   308  lcd_calculate.o(i.Gui_DrawFont_GBK16)
    Gui_DrawPoint                            0x00000425   Thumb Code    20  lcd_driver.o(i.Gui_DrawPoint)
    HardFault_Handler                        0x00000439   Thumb Code     2  interrupts_cw32f030.o(i.HardFault_Handler)
    I2C1_IRQHandler                          0x0000043b   Thumb Code     2  interrupts_cw32f030.o(i.I2C1_IRQHandler)
    I2C2_IRQHandler                          0x0000043d   Thumb Code     2  interrupts_cw32f030.o(i.I2C2_IRQHandler)
    LCD_GPIO_Init                            0x00000441   Thumb Code    60  lcd_driver.o(i.LCD_GPIO_Init)
    LCD_WriteData_16Bit                      0x00000489   Thumb Code    32  lcd_driver.o(i.LCD_WriteData_16Bit)
    LVD_IRQHandler                           0x000004ad   Thumb Code     2  interrupts_cw32f030.o(i.LVD_IRQHandler)
    Lcd_Clear                                0x000004af   Thumb Code    46  lcd_driver.o(i.Lcd_Clear)
    Lcd_Init                                 0x000004dd   Thumb Code   558  lcd_driver.o(i.Lcd_Init)
    Lcd_Reset                                0x00000711   Thumb Code    30  lcd_driver.o(i.Lcd_Reset)
    Lcd_SetRegion                            0x00000739   Thumb Code    82  lcd_driver.o(i.Lcd_SetRegion)
    Lcd_WriteData                            0x0000078d   Thumb Code    20  lcd_driver.o(i.Lcd_WriteData)
    Lcd_WriteIndex                           0x000007a5   Thumb Code    20  lcd_driver.o(i.Lcd_WriteIndex)
    NMI_Handler                              0x000007bd   Thumb Code     2  interrupts_cw32f030.o(i.NMI_Handler)
    PendSV_Handler                           0x000007bf   Thumb Code     2  interrupts_cw32f030.o(i.PendSV_Handler)
    RCC_Configuration                        0x000007c1   Thumb Code    60  main.o(i.RCC_Configuration)
    RCC_HCLKPRS_Config                       0x00000809   Thumb Code    18  cw32f030_rcc.o(i.RCC_HCLKPRS_Config)
    RCC_HSI_Enable                           0x00000829   Thumb Code    30  cw32f030_rcc.o(i.RCC_HSI_Enable)
    RCC_IRQHandler                           0x00000851   Thumb Code     2  interrupts_cw32f030.o(i.RCC_IRQHandler)
    RCC_PCLKPRS_Config                       0x00000855   Thumb Code    18  cw32f030_rcc.o(i.RCC_PCLKPRS_Config)
    RCC_PLL_Enable                           0x00000875   Thumb Code   124  cw32f030_rcc.o(i.RCC_PLL_Enable)
    RCC_SysClk_Switch                        0x000008fd   Thumb Code    46  cw32f030_rcc.o(i.RCC_SysClk_Switch)
    RCC_Sysctrl_GetHClkFreq                  0x0000093d   Thumb Code   104  cw32f030_rcc.o(i.RCC_Sysctrl_GetHClkFreq)
    RCC_SystemCoreClockUpdate                0x000009b9   Thumb Code     6  cw32f030_rcc.o(i.RCC_SystemCoreClockUpdate)
    RTC_IRQHandler                           0x000009c5   Thumb Code     2  interrupts_cw32f030.o(i.RTC_IRQHandler)
    SPI1_IRQHandler                          0x000009c7   Thumb Code     2  interrupts_cw32f030.o(i.SPI1_IRQHandler)
    SPI2_IRQHandler                          0x000009c9   Thumb Code     2  interrupts_cw32f030.o(i.SPI2_IRQHandler)
    SPI_WriteData                            0x000009cd   Thumb Code    38  lcd_driver.o(i.SPI_WriteData)
    SVC_Handler                              0x000009f9   Thumb Code     2  interrupts_cw32f030.o(i.SVC_Handler)
    SysTick_Handler                          0x000009fd   Thumb Code    12  cw32f030_systick.o(i.SysTick_Handler)
    SystemInit                               0x00000a0d   Thumb Code    46  system_cw32f030.o(i.SystemInit)
    UART1_IRQHandler                         0x00000a49   Thumb Code     2  interrupts_cw32f030.o(i.UART1_IRQHandler)
    UART2_IRQHandler                         0x00000a4b   Thumb Code     2  interrupts_cw32f030.o(i.UART2_IRQHandler)
    UART3_IRQHandler                         0x00000a4d   Thumb Code     2  interrupts_cw32f030.o(i.UART3_IRQHandler)
    VC1_IRQHandler                           0x00000a4f   Thumb Code     2  interrupts_cw32f030.o(i.VC1_IRQHandler)
    VC2_IRQHandler                           0x00000a51   Thumb Code     2  interrupts_cw32f030.o(i.VC2_IRQHandler)
    WDT_IRQHandler                           0x00000a53   Thumb Code     2  interrupts_cw32f030.o(i.WDT_IRQHandler)
    __ARM_common_switch8                     0x00000a55   Thumb Code    26  cw32f030_i2c.o(i.__ARM_common_switch8)
    __scatterload_copy                       0x00000a6f   Thumb Code    14  handlers.o(i.__scatterload_copy)
    __scatterload_null                       0x00000a7d   Thumb Code     2  handlers.o(i.__scatterload_null)
    __scatterload_zeroinit                   0x00000a7f   Thumb Code    14  handlers.o(i.__scatterload_zeroinit)
    main                                     0x00000a8d   Thumb Code    58  main.o(i.main)
    hsiprs_tbl                               0x00000ae8   Data          64  cw32f030_rcc.o(.constdata)
    asc16                                    0x00000b4c   Data        1521  lcd_calculate.o(.constdata)
    sz32                                     0x0000113d   Data        1921  lcd_calculate.o(.constdata)
    hz16                                     0x000018be   Data        1734  lcd_calculate.o(.constdata)
    hz24                                     0x00001f84   Data        1406  lcd_calculate.o(.constdata)
    Region$$Table$$Base                      0x00002504   Number         0  anon$$obj.o(Region$$Table)
    Region$$Table$$Limit                     0x00002524   Number         0  anon$$obj.o(Region$$Table)
    uwTickFreq                               0x20000000   Data           1  cw32f030_systick.o(.data)
    uwTickPrio                               0x20000004   Data           4  cw32f030_systick.o(.data)
    uwTick                                   0x20000008   Data           4  cw32f030_systick.o(.data)
    SystemCoreClock                          0x2000000c   Data           4  system_cw32f030.o(.data)
    __initial_sp                             0x20000210   Data           0  startup_cw32f030.o(STACK)



==============================================================================

Memory Map of the image

  Image Entry point : 0x000000c1

  Load Region LR_IROM1 (Base: 0x00000000, Size: 0x00002534, Max: 0x00010000, ABSOLUTE)

    Execution Region ER_IROM1 (Exec base: 0x00000000, Load base: 0x00000000, Size: 0x00002524, Max: 0x00010000, ABSOLUTE)

    Exec Addr    Load Addr    Size         Type   Attr      Idx    E Section Name        Object

    0x00000000   0x00000000   0x000000c0   Data   RO          347    RESET               startup_cw32f030.o
    0x000000c0   0x000000c0   0x00000000   Code   RO         3687  * .ARM.Collect$$$$00000000  mc_p.l(entry.o)
    0x000000c0   0x000000c0   0x00000004   Code   RO         3718    .ARM.Collect$$$$00000001  mc_p.l(entry2.o)
    0x000000c4   0x000000c4   0x00000004   Code   RO         3721    .ARM.Collect$$$$00000004  mc_p.l(entry5.o)
    0x000000c8   0x000000c8   0x00000000   Code   RO         3723    .ARM.Collect$$$$00000008  mc_p.l(entry7b.o)
    0x000000c8   0x000000c8   0x00000000   Code   RO         3725    .ARM.Collect$$$$0000000A  mc_p.l(entry8b.o)
    0x000000c8   0x000000c8   0x00000008   Code   RO         3726    .ARM.Collect$$$$0000000B  mc_p.l(entry9a.o)
    0x000000d0   0x000000d0   0x00000004   Code   RO         3733    .ARM.Collect$$$$0000000E  mc_p.l(entry12b.o)
    0x000000d4   0x000000d4   0x00000000   Code   RO         3728    .ARM.Collect$$$$0000000F  mc_p.l(entry10a.o)
    0x000000d4   0x000000d4   0x00000000   Code   RO         3730    .ARM.Collect$$$$00000011  mc_p.l(entry11a.o)
    0x000000d4   0x000000d4   0x00000004   Code   RO         3719    .ARM.Collect$$$$00002712  mc_p.l(entry2.o)
    0x000000d8   0x000000d8   0x0000003c   Code   RO          348    .text               startup_cw32f030.o
    0x00000114   0x00000114   0x0000002c   Code   RO         3690    .text               mc_p.l(uidiv.o)
    0x00000140   0x00000140   0x00000024   Code   RO         3694    .text               mc_p.l(memcpya.o)
    0x00000164   0x00000164   0x00000024   Code   RO         3749    .text               mc_p.l(init.o)
    0x00000188   0x00000188   0x00000002   Code   RO            3    i.ADC_IRQHandler    interrupts_cw32f030.o
    0x0000018a   0x0000018a   0x00000002   Code   RO            4    i.ATIM_IRQHandler   interrupts_cw32f030.o
    0x0000018c   0x0000018c   0x00000002   Code   RO            5    i.AWT_IRQHandler    interrupts_cw32f030.o
    0x0000018e   0x0000018e   0x00000002   Code   RO            6    i.BTIM1_IRQHandler  interrupts_cw32f030.o
    0x00000190   0x00000190   0x00000002   Code   RO            7    i.BTIM2_IRQHandler  interrupts_cw32f030.o
    0x00000192   0x00000192   0x00000002   Code   RO            8    i.BTIM3_IRQHandler  interrupts_cw32f030.o
    0x00000194   0x00000194   0x00000002   Code   RO            9    i.DMACH1_IRQHandler  interrupts_cw32f030.o
    0x00000196   0x00000196   0x00000002   Code   RO           10    i.DMACH23_IRQHandler  interrupts_cw32f030.o
    0x00000198   0x00000198   0x00000002   Code   RO           11    i.DMACH45_IRQHandler  interrupts_cw32f030.o
    0x0000019a   0x0000019a   0x00000002   Code   RO           12    i.FAULT_IRQHandler  interrupts_cw32f030.o
    0x0000019c   0x0000019c   0x00000002   Code   RO           13    i.FLASHRAM_IRQHandler  interrupts_cw32f030.o
    0x0000019e   0x0000019e   0x00000002   PAD
    0x000001a0   0x000001a0   0x0000001c   Code   RO         1428    i.FLASH_SetLatency  cw32f030_flash.o
    0x000001bc   0x000001bc   0x00000002   Code   RO           14    i.GPIOA_IRQHandler  interrupts_cw32f030.o
    0x000001be   0x000001be   0x00000002   Code   RO           15    i.GPIOB_IRQHandler  interrupts_cw32f030.o
    0x000001c0   0x000001c0   0x00000002   Code   RO           16    i.GPIOC_IRQHandler  interrupts_cw32f030.o
    0x000001c2   0x000001c2   0x00000002   Code   RO           17    i.GPIOF_IRQHandler  interrupts_cw32f030.o
    0x000001c4   0x000001c4   0x00000038   Code   RO          354    i.GPIO_Configuration  main.o
    0x000001fc   0x000001fc   0x000000e4   Code   RO         1552    i.GPIO_Init         cw32f030_gpio.o
    0x000002e0   0x000002e0   0x00000002   Code   RO           18    i.GTIM1_IRQHandler  interrupts_cw32f030.o
    0x000002e2   0x000002e2   0x00000002   Code   RO           19    i.GTIM2_IRQHandler  interrupts_cw32f030.o
    0x000002e4   0x000002e4   0x00000002   Code   RO           20    i.GTIM3_IRQHandler  interrupts_cw32f030.o
    0x000002e6   0x000002e6   0x00000002   Code   RO           21    i.GTIM4_IRQHandler  interrupts_cw32f030.o
    0x000002e8   0x000002e8   0x0000013c   Code   RO         3474    i.Gui_DrawFont_GBK16  lcd_calculate.o
    0x00000424   0x00000424   0x00000014   Code   RO         3555    i.Gui_DrawPoint     lcd_driver.o
    0x00000438   0x00000438   0x00000002   Code   RO           22    i.HardFault_Handler  interrupts_cw32f030.o
    0x0000043a   0x0000043a   0x00000002   Code   RO           23    i.I2C1_IRQHandler   interrupts_cw32f030.o
    0x0000043c   0x0000043c   0x00000002   Code   RO           24    i.I2C2_IRQHandler   interrupts_cw32f030.o
    0x0000043e   0x0000043e   0x00000002   PAD
    0x00000440   0x00000440   0x00000048   Code   RO         3556    i.LCD_GPIO_Init     lcd_driver.o
    0x00000488   0x00000488   0x00000024   Code   RO         3557    i.LCD_WriteData_16Bit  lcd_driver.o
    0x000004ac   0x000004ac   0x00000002   Code   RO           25    i.LVD_IRQHandler    interrupts_cw32f030.o
    0x000004ae   0x000004ae   0x0000002e   Code   RO         3558    i.Lcd_Clear         lcd_driver.o
    0x000004dc   0x000004dc   0x00000234   Code   RO         3560    i.Lcd_Init          lcd_driver.o
    0x00000710   0x00000710   0x00000028   Code   RO         3562    i.Lcd_Reset         lcd_driver.o
    0x00000738   0x00000738   0x00000052   Code   RO         3563    i.Lcd_SetRegion     lcd_driver.o
    0x0000078a   0x0000078a   0x00000002   PAD
    0x0000078c   0x0000078c   0x00000018   Code   RO         3565    i.Lcd_WriteData     lcd_driver.o
    0x000007a4   0x000007a4   0x00000018   Code   RO         3566    i.Lcd_WriteIndex    lcd_driver.o
    0x000007bc   0x000007bc   0x00000002   Code   RO           26    i.NMI_Handler       interrupts_cw32f030.o
    0x000007be   0x000007be   0x00000002   Code   RO           27    i.PendSV_Handler    interrupts_cw32f030.o
    0x000007c0   0x000007c0   0x00000048   Code   RO          355    i.RCC_Configuration  main.o
    0x00000808   0x00000808   0x00000020   Code   RO         2281    i.RCC_HCLKPRS_Config  cw32f030_rcc.o
    0x00000828   0x00000828   0x00000028   Code   RO         2287    i.RCC_HSI_Enable    cw32f030_rcc.o
    0x00000850   0x00000850   0x00000002   Code   RO           28    i.RCC_IRQHandler    interrupts_cw32f030.o
    0x00000852   0x00000852   0x00000002   PAD
    0x00000854   0x00000854   0x00000020   Code   RO         2299    i.RCC_PCLKPRS_Config  cw32f030_rcc.o
    0x00000874   0x00000874   0x00000088   Code   RO         2302    i.RCC_PLL_Enable    cw32f030_rcc.o
    0x000008fc   0x000008fc   0x00000040   Code   RO         2306    i.RCC_SysClk_Switch  cw32f030_rcc.o
    0x0000093c   0x0000093c   0x0000007c   Code   RO         2307    i.RCC_Sysctrl_GetHClkFreq  cw32f030_rcc.o
    0x000009b8   0x000009b8   0x0000000c   Code   RO         2309    i.RCC_SystemCoreClockUpdate  cw32f030_rcc.o
    0x000009c4   0x000009c4   0x00000002   Code   RO           29    i.RTC_IRQHandler    interrupts_cw32f030.o
    0x000009c6   0x000009c6   0x00000002   Code   RO           30    i.SPI1_IRQHandler   interrupts_cw32f030.o
    0x000009c8   0x000009c8   0x00000002   Code   RO           31    i.SPI2_IRQHandler   interrupts_cw32f030.o
    0x000009ca   0x000009ca   0x00000002   PAD
    0x000009cc   0x000009cc   0x0000002c   Code   RO         3571    i.SPI_WriteData     lcd_driver.o
    0x000009f8   0x000009f8   0x00000002   Code   RO           32    i.SVC_Handler       interrupts_cw32f030.o
    0x000009fa   0x000009fa   0x00000002   PAD
    0x000009fc   0x000009fc   0x00000010   Code   RO         2890    i.SysTick_Handler   cw32f030_systick.o
    0x00000a0c   0x00000a0c   0x0000003c   Code   RO         3418    i.SystemInit        system_cw32f030.o
    0x00000a48   0x00000a48   0x00000002   Code   RO           33    i.UART1_IRQHandler  interrupts_cw32f030.o
    0x00000a4a   0x00000a4a   0x00000002   Code   RO           34    i.UART2_IRQHandler  interrupts_cw32f030.o
    0x00000a4c   0x00000a4c   0x00000002   Code   RO           35    i.UART3_IRQHandler  interrupts_cw32f030.o
    0x00000a4e   0x00000a4e   0x00000002   Code   RO           36    i.VC1_IRQHandler    interrupts_cw32f030.o
    0x00000a50   0x00000a50   0x00000002   Code   RO           37    i.VC2_IRQHandler    interrupts_cw32f030.o
    0x00000a52   0x00000a52   0x00000002   Code   RO           38    i.WDT_IRQHandler    interrupts_cw32f030.o
    0x00000a54   0x00000a54   0x0000001a   Code   RO         1990    i.__ARM_common_switch8  cw32f030_i2c.o
    0x00000a6e   0x00000a6e   0x0000000e   Code   RO         3753    i.__scatterload_copy  mc_p.l(handlers.o)
    0x00000a7c   0x00000a7c   0x00000002   Code   RO         3754    i.__scatterload_null  mc_p.l(handlers.o)
    0x00000a7e   0x00000a7e   0x0000000e   Code   RO         3755    i.__scatterload_zeroinit  mc_p.l(handlers.o)
    0x00000a8c   0x00000a8c   0x0000005c   Code   RO          356    i.main              main.o
    0x00000ae8   0x00000ae8   0x00000064   Data   RO         2311    .constdata          cw32f030_rcc.o
    0x00000b4c   0x00000b4c   0x000019b6   Data   RO         3481    .constdata          lcd_calculate.o
    0x00002502   0x00002502   0x00000002   PAD
    0x00002504   0x00002504   0x00000020   Data   RO         3751    Region$$Table       anon$$obj.o


    Execution Region RW_IRAM1 (Exec base: 0x20000000, Load base: 0x00002524, Size: 0x00000210, Max: 0x00020000, ABSOLUTE)

    Exec Addr    Load Addr    Size         Type   Attr      Idx    E Section Name        Object

    0x20000000   0x00002524   0x0000000c   Data   RW         2892    .data               cw32f030_systick.o
    0x2000000c   0x00002530   0x00000004   Data   RW         3421    .data               system_cw32f030.o
    0x20000010        -       0x00000200   Zero   RW          345    STACK               startup_cw32f030.o


==============================================================================

Image component sizes


      Code (inc. data)   RO Data    RW Data    ZI Data      Debug   Object Name

        28         10          0          0          0        575   cw32f030_flash.o
       228          4          0          0          0       1244   cw32f030_gpio.o
        26          0          0          0          0         72   cw32f030_i2c.o
       440        102        100          0          0       5603   cw32f030_rcc.o
        16          4          0         12          0       1933   cw32f030_systick.o
        72          0          0          0          0     199028   interrupts_cw32f030.o
       316          8       6582          0          0       2744   lcd_calculate.o
       952         46          0          0          0       6831   lcd_driver.o
       220         58          0          0          0       1552   main.o
        60         22        192          0        512        648   startup_cw32f030.o
        60         14          0          4          0       1359   system_cw32f030.o

    ----------------------------------------------------------------------
      2430        268       6908         16        512     221589   Object Totals
         0          0         32          0          0          0   (incl. Generated)
        12          0          2          0          0          0   (incl. Padding)

    ----------------------------------------------------------------------

      Code (inc. data)   RO Data    RW Data    ZI Data      Debug   Library Member Name

         0          0          0          0          0          0   entry.o
         0          0          0          0          0          0   entry10a.o
         0          0          0          0          0          0   entry11a.o
         4          0          0          0          0          0   entry12b.o
         8          4          0          0          0          0   entry2.o
         4          0          0          0          0          0   entry5.o
         0          0          0          0          0          0   entry7b.o
         0          0          0          0          0          0   entry8b.o
         8          4          0          0          0          0   entry9a.o
        30          0          0          0          0          0   handlers.o
        36          8          0          0          0         68   init.o
        36          0          0          0          0         60   memcpya.o
        44          0          0          0          0         72   uidiv.o

    ----------------------------------------------------------------------
       170         16          0          0          0        200   Library Totals
         0          0          0          0          0          0   (incl. Padding)

    ----------------------------------------------------------------------

      Code (inc. data)   RO Data    RW Data    ZI Data      Debug   Library Name

       170         16          0          0          0        200   mc_p.l

    ----------------------------------------------------------------------
       170         16          0          0          0        200   Library Totals

    ----------------------------------------------------------------------

==============================================================================


      Code (inc. data)   RO Data    RW Data    ZI Data      Debug   

      2600        284       6908         16        512     219345   Grand Totals
      2600        284       6908         16        512     219345   ELF Image Totals
      2600        284       6908         16          0          0   ROM Totals

==============================================================================

    Total RO  Size (Code + RO Data)                 9508 (   9.29kB)
    Total RW  Size (RW Data + ZI Data)               528 (   0.52kB)
    Total ROM Size (Code + RO Data + RW Data)       9524 (   9.30kB)

==============================================================================

