<html>
<body>
<pre>
<h1>µVision Build Log</h1>
<h2>Tool Versions:</h2>
IDE-Version: ¶ÃVision V5.30.0.0
Copyright (C) 2020 ARM Ltd and ARM Germany GmbH. All rights reserved.
License Information: 1 1, 1, LIC=JDALF-6QUIM-48PFA-1AGAU-G69J9-4VQGW
 
Tool Versions:
Toolchain:       MDK-ARM Professional  Version: 5.30.0.0
Toolchain Path:  D:\install\keil\ARM\ARM\ARMCC\Bin
C Compiler:      Armcc.exe V5.06 update 6 (build 750)
Assembler:       Armasm.exe V5.06 update 6 (build 750)
Linker/Locator:  ArmLink.exe V5.06 update 6 (build 750)
Library Manager: ArmAr.exe V5.06 update 6 (build 750)
Hex Converter:   FromElf.exe V5.06 update 6 (build 750)
CPU DLL:         SARMCM3.DLL V5.30.0.0
Dialog DLL:      DARMCW.DLL
Target DLL:      CMSIS_AGDI.dll V1.32.5.0
Dialog DLL:      TARMCM1.DLL V1.14.2.0
 
<h2>Project:</h2>
F:\Ura_Project\œÓƒø“ª_≥‰µÁºÏ≤‚“«\≥‰µÁºÏ≤‚“«≥Ã–Ú_202411081529\USB≥‰µÁºÏ≤‚“«(LCD∞Ê)\BaseTimer\MDK\project.uvprojx
Project File Date:  10/30/2024

<h2>Output:</h2>
*** Using Compiler 'V5.06 update 6 (build 750)', folder: 'D:\install\keil\ARM\ARM\ARMCC\Bin'
Rebuild target 'Project'
assembling startup_cw32l010.s...
compiling system_cw32l010.c...
compiling interrupts_cw32l010.c...
compiling main.c...
compiling ADC.C...
compiling flash.c...
compiling cw32l010_sysctrl.c...
compiling cw32l010_gpio.c...
compiling cw32l010_btim.c...
compiling cw32l010_adc.c...
compiling cw32l010_flash.c...
compiling cw32l010_systick.c...
compiling cw32l010_spi.c...
compiling lcd_init.c...
compiling timer.c...
compiling lcd.c...
compiling ntc.c...
linking...
Program Size: Code=15568 RO-data=34960 RW-data=96 ZI-data=2144  
".\Objects\project.axf" - 0 Error(s), 0 Warning(s).

<h2>Software Packages used:</h2>

Package Vendor: ARM
                http://www.keil.com/pack/ARM.CMSIS.5.7.0.pack
                ARM.CMSIS.5.7.0
                CMSIS (Cortex Microcontroller Software Interface Standard)
   * Component: CORE Version: 5.4.0

Package Vendor: WHXY
                
                WHXY.CW32L01x_DFP.1.0.0
                CW32 ARM Cortex-M0+ Device Family Pack

<h2>Collection of Component include folders:</h2>
  .\RTE\_Project
  D:\install\keil\ARM\packs\ARM\CMSIS\5.7.0\CMSIS\Core\Include
  D:\install\keil\ARM\packs\WHXY\CW32L01x_DFP\1.0.0\Device\Include

<h2>Collection of Component Files used:</h2>

   * Component: ARM::CMSIS:CORE:5.4.0
Build Time Elapsed:  00:00:06
</pre>
</body>
</html>
