<html>
<body>
<pre>
<h1>礦ision Build Log</h1>
<h2>Tool Versions:</h2>
IDE-Version: μVision V5.38.0.0
Copyright (C) 2022 ARM Ltd and ARM Germany GmbH. All rights reserved.
License Information: 1 qiu, 1, LIC=JL28G-V89FM-MML9I-TXR8R-9LM29-P5CGD
 
Tool Versions:
Toolchain:       MDK-ARM Plus  Version: 5.38.0.0
Toolchain Path:  E:\dianzi\MDKv5\ARM\AC5\Bin
C Compiler:      Armcc.exe V5.06 update 7 (build 960)
Assembler:       Armasm.exe V5.06 update 7 (build 960)
Linker/Locator:  ArmLink.exe V5.06 update 7 (build 960)
Library Manager: ArmAr.exe V5.06 update 7 (build 960)
Hex Converter:   FromElf.exe V5.06 update 7 (build 960)
CPU DLL:         SARMCM3.DLL V5.38.0.0
Dialog DLL:      DARMCM1.DLL V1.19.6.0
Target DLL:      STLink\ST-LINKIII-KEIL_SWO.dll V3.1.0.0
Dialog DLL:      TARMCM1.DLL V1.14.6.0
 
<h2>Project:</h2>
E:\StudyNote\study_CW32\5.实战项目\1.基于CW32F030的电压电流表\2.软件逐渐实现\8.压流同采显示\实验八 电压电流同时采集显示\GPIO.uvprojx
Project File Date:  03/02/2025

<h2>Output:</h2>
*** Using Compiler 'V5.06 update 7 (build 960)', folder: 'E:\dianzi\MDKv5\ARM\AC5\Bin'
Build target 'Target 1'
compiling cw32f030_dma.c...
compiling cw32f030_awt.c...
compiling cw32f030_adc.c...
compiling cw32f030_debug.c...
compiling cw32f030_btim.c...
compiling cw32f030_flash.c...
compiling cw32f030_digitalsign.c...
compiling cw32f030_crc.c...
compiling cw32f030_gtim.c...
compiling cw32f030_lvd.c...
compiling cw32f030_iwdt.c...
compiling cw32f030_gpio.c...
compiling cw32f030_i2c.c...
compiling cw32f030_atim.c...
compiling cw32f030_pwr.c...
compiling cw32f030_ram.c...
assembling startup_cw32f030.s...
compiling cw32f030_rcc.c...
compiling cw32f030_spi.c...
compiling cw32f030_systick.c...
compiling cw32f030_uart.c...
compiling system_cw32f030.c...
compiling cw32f030_wwdt.c...
compiling cw32f030_rtc.c...
compiling BTIM1.c...
compiling ADC.c...
hardware\ADC.c(10): warning:  #177-D: variable "GPIO_Init_Struct"  was declared but never referenced
      GPIO_InitTypeDef    GPIO_Init_Struct;
hardware\ADC.c: 1 warning, 0 errors
compiling cw32f030_vc.c...
compiling Seg_Dis.c...
hardware\Seg_Dis.c(42): warning:  #188-D: enumerated type mixed with another type
                GPIO_WritePin(CW_GPIOA,GPIO_PIN_2,(Dis_Value >> i) & 0x01);    //PA02,A
hardware\Seg_Dis.c(45): warning:  #188-D: enumerated type mixed with another type
                GPIO_WritePin(CW_GPIOA,GPIO_PIN_0,(Dis_Value >> i) & 0x01);    //PA00,B
hardware\Seg_Dis.c(48): warning:  #188-D: enumerated type mixed with another type
                GPIO_WritePin(CW_GPIOA,GPIO_PIN_4,(Dis_Value >> i) & 0x01);    //PA04,C
hardware\Seg_Dis.c(51): warning:  #188-D: enumerated type mixed with another type
                GPIO_WritePin(CW_GPIOA,GPIO_PIN_6,(Dis_Value >> i) & 0x01);    //PA06,D
hardware\Seg_Dis.c(54): warning:  #188-D: enumerated type mixed with another type
                GPIO_WritePin(CW_GPIOA,GPIO_PIN_7,(Dis_Value >> i) & 0x01);    //PA07,E
hardware\Seg_Dis.c(57): warning:  #188-D: enumerated type mixed with another type
                GPIO_WritePin(CW_GPIOA,GPIO_PIN_1,(Dis_Value >> i) & 0x01);    //PA01,F
hardware\Seg_Dis.c(60): warning:  #188-D: enumerated type mixed with another type
                GPIO_WritePin(CW_GPIOA,GPIO_PIN_3,(Dis_Value >> i) & 0x01);    //PA03,G
hardware\Seg_Dis.c(63): warning:  #188-D: enumerated type mixed with another type
                GPIO_WritePin(CW_GPIOA,GPIO_PIN_5,(Dis_Value >> i) & 0x01);    //PA05,DP
hardware\Seg_Dis.c(181): warning:  #177-D: variable "Thousands"  was declared but never referenced
  	uint8_t Thousands;
hardware\Seg_Dis.c(182): warning:  #177-D: variable "Hundreds"  was declared but never referenced
    uint8_t Hundreds;
hardware\Seg_Dis.c(183): warning:  #177-D: variable "Tens"  was declared but never referenced
    uint8_t Tens;
hardware\Seg_Dis.c(184): warning:  #177-D: variable "Units"  was declared but never referenced
    uint8_t Units; // 个位数
hardware\Seg_Dis.c: 12 warnings, 0 errors
compiling interrupts_cw32f030.c...
compiling MAIN.c...
USER\MAIN.c(133): warning:  #177-D: variable "t"  was declared but never referenced
  	float t,KT1;
USER\MAIN.c(133): warning:  #177-D: variable "KT1"  was declared but never referenced
  	float t,KT1;
USER\MAIN.c(160): warning:  #177-D: variable "Cnt"  was declared but never referenced
    static uint32_t Cnt=0,keytime=0,timecount1=0,ledcount=0;
USER\MAIN.c(160): warning:  #177-D: variable "keytime"  was declared but never referenced
    static uint32_t Cnt=0,keytime=0,timecount1=0,ledcount=0;
USER\MAIN.c(160): warning:  #177-D: variable "timecount1"  was declared but never referenced
    static uint32_t Cnt=0,keytime=0,timecount1=0,ledcount=0;
USER\MAIN.c: 5 warnings, 0 errors
linking...
Program Size: Code=3100 RO-data=324 RW-data=64 ZI-data=912  
".\Objects\GPIO.axf" - 0 Error(s), 18 Warning(s).

<h2>Software Packages used:</h2>

Package Vendor: ARM
                http://www.keil.com/pack/ARM.CMSIS.5.9.0.pack
                ARM.CMSIS.5.9.0
                CMSIS (Common Microcontroller Software Interface Standard)
   * Component: CORE Version: 5.6.0

<h2>Collection of Component include folders:</h2>
  ./RTE/_Target_1
  E:/dianzi/MDKv5/ARM/CMSIS/5.9.0/CMSIS/Core/Include
  E:/dianzi/MDKv5/ARM/CMSIS/5.9.0/Device/ARM/ARMCM0plus/Include

<h2>Collection of Component Files used:</h2>

   * Component: ARM::CMSIS:CORE:5.6.0
Build Time Elapsed:  00:00:01
</pre>
</body>
</html>
