Component: ARM Compiler 5.06 update 7 (build 960) Tool: armlink [4d3601]

==============================================================================

Image Symbol Table

    Local Symbols

    Symbol Name                              Value     Ov Type        Size  Object(Section)

    RESET                                    0x00000000   Section      192  startup_cw32f030.o(RESET)
    ../clib/microlib/division.c              0x00000000   Number         0  uidiv.o ABSOLUTE
    ../clib/microlib/division.c              0x00000000   Number         0  ldiv.o ABSOLUTE
    ../clib/microlib/division.c              0x00000000   Number         0  uldiv.o ABSOLUTE
    ../clib/microlib/init/entry.s            0x00000000   Number         0  entry.o ABSOLUTE
    ../clib/microlib/init/entry.s            0x00000000   Number         0  entry9b.o ABSOLUTE
    ../clib/microlib/init/entry.s            0x00000000   Number         0  entry2.o ABSOLUTE
    ../clib/microlib/init/entry.s            0x00000000   Number         0  entry5.o ABSOLUTE
    ../clib/microlib/init/entry.s            0x00000000   Number         0  entry11b.o ABSOLUTE
    ../clib/microlib/init/entry.s            0x00000000   Number         0  entry7a.o ABSOLUTE
    ../clib/microlib/init/entry.s            0x00000000   Number         0  entry7b.o ABSOLUTE
    ../clib/microlib/init/entry.s            0x00000000   Number         0  entry8a.o ABSOLUTE
    ../clib/microlib/init/entry.s            0x00000000   Number         0  entry12b.o ABSOLUTE
    ../clib/microlib/init/entry.s            0x00000000   Number         0  entry12a.o ABSOLUTE
    ../clib/microlib/init/entry.s            0x00000000   Number         0  entry8b.o ABSOLUTE
    ../clib/microlib/init/entry.s            0x00000000   Number         0  entry11a.o ABSOLUTE
    ../clib/microlib/init/entry.s            0x00000000   Number         0  entry10b.o ABSOLUTE
    ../clib/microlib/init/entry.s            0x00000000   Number         0  entry9a.o ABSOLUTE
    ../clib/microlib/init/entry.s            0x00000000   Number         0  entry10a.o ABSOLUTE
    ../clib/microlib/longlong.c              0x00000000   Number         0  llushr.o ABSOLUTE
    ../clib/microlib/longlong.c              0x00000000   Number         0  llshl.o ABSOLUTE
    ../clib/microlib/string/memcpy.c         0x00000000   Number         0  memcpya.o ABSOLUTE
    ../clib/microlib/string/memcpy.c         0x00000000   Number         0  memcpyb.o ABSOLUTE
    ..\..\..\..\IdeSupport\MDK\startup_cw32f030.s 0x00000000   Number         0  startup_cw32f030.o ABSOLUTE
    ..\..\..\..\Libraries\src\cw32f030_flash.c 0x00000000   Number         0  cw32f030_flash.o ABSOLUTE
    ..\..\..\..\Libraries\src\cw32f030_gpio.c 0x00000000   Number         0  cw32f030_gpio.o ABSOLUTE
    ..\..\..\..\Libraries\src\cw32f030_rcc.c 0x00000000   Number         0  cw32f030_rcc.o ABSOLUTE
    ..\..\..\..\Libraries\src\cw32f030_systick.c 0x00000000   Number         0  cw32f030_systick.o ABSOLUTE
    ..\..\..\..\Libraries\src\system_cw32f030.c 0x00000000   Number         0  system_cw32f030.o ABSOLUTE
    ..\USER\src\interrupts_cw32f030.c        0x00000000   Number         0  interrupts_cw32f030.o ABSOLUTE
    ..\USER\src\main.c                       0x00000000   Number         0  main.o ABSOLUTE
    ..\\..\\..\\..\\Libraries\\src\\cw32f030_flash.c 0x00000000   Number         0  cw32f030_flash.o ABSOLUTE
    ..\\..\\..\\..\\Libraries\\src\\cw32f030_gpio.c 0x00000000   Number         0  cw32f030_gpio.o ABSOLUTE
    ..\\..\\..\\..\\Libraries\\src\\cw32f030_rcc.c 0x00000000   Number         0  cw32f030_rcc.o ABSOLUTE
    ..\\..\\..\\..\\Libraries\\src\\cw32f030_systick.c 0x00000000   Number         0  cw32f030_systick.o ABSOLUTE
    ..\\..\\..\\..\\Libraries\\src\\system_cw32f030.c 0x00000000   Number         0  system_cw32f030.o ABSOLUTE
    ..\\USER\\src\\interrupts_cw32f030.c     0x00000000   Number         0  interrupts_cw32f030.o ABSOLUTE
    ..\\USER\\src\\main.c                    0x00000000   Number         0  main.o ABSOLUTE
    dc.s                                     0x00000000   Number         0  dc.o ABSOLUTE
    handlers.s                               0x00000000   Number         0  handlers.o ABSOLUTE
    init.s                                   0x00000000   Number         0  init.o ABSOLUTE
    .ARM.Collect$$$$00000000                 0x000000c0   Section        0  entry.o(.ARM.Collect$$$$00000000)
    .ARM.Collect$$$$00000001                 0x000000c0   Section        4  entry2.o(.ARM.Collect$$$$00000001)
    .ARM.Collect$$$$00000004                 0x000000c4   Section        4  entry5.o(.ARM.Collect$$$$00000004)
    .ARM.Collect$$$$00000008                 0x000000c8   Section        0  entry7b.o(.ARM.Collect$$$$00000008)
    .ARM.Collect$$$$0000000A                 0x000000c8   Section        0  entry8b.o(.ARM.Collect$$$$0000000A)
    .ARM.Collect$$$$0000000B                 0x000000c8   Section        8  entry9a.o(.ARM.Collect$$$$0000000B)
    .ARM.Collect$$$$0000000E                 0x000000d0   Section        4  entry12b.o(.ARM.Collect$$$$0000000E)
    .ARM.Collect$$$$0000000F                 0x000000d4   Section        0  entry10a.o(.ARM.Collect$$$$0000000F)
    .ARM.Collect$$$$00000011                 0x000000d4   Section        0  entry11a.o(.ARM.Collect$$$$00000011)
    .ARM.Collect$$$$00002712                 0x000000d4   Section        4  entry2.o(.ARM.Collect$$$$00002712)
    __lit__00000000                          0x000000d4   Data           4  entry2.o(.ARM.Collect$$$$00002712)
    .text                                    0x000000d8   Section       60  startup_cw32f030.o(.text)
    .text                                    0x00000114   Section        0  uidiv.o(.text)
    .text                                    0x00000140   Section        0  ldiv.o(.text)
    .text                                    0x0000018c   Section        0  uldiv.o(.text)
    .text                                    0x000001ec   Section       36  init.o(.text)
    .text                                    0x00000210   Section        0  llshl.o(.text)
    .text                                    0x00000230   Section        0  llushr.o(.text)
    i.ADC_IRQHandler                         0x00000252   Section        0  interrupts_cw32f030.o(i.ADC_IRQHandler)
    i.ATIM_IRQHandler                        0x00000254   Section        0  interrupts_cw32f030.o(i.ATIM_IRQHandler)
    i.AWT_IRQHandler                         0x00000256   Section        0  interrupts_cw32f030.o(i.AWT_IRQHandler)
    i.BTIM1_IRQHandler                       0x00000258   Section        0  interrupts_cw32f030.o(i.BTIM1_IRQHandler)
    i.BTIM2_IRQHandler                       0x0000025a   Section        0  interrupts_cw32f030.o(i.BTIM2_IRQHandler)
    i.BTIM3_IRQHandler                       0x0000025c   Section        0  interrupts_cw32f030.o(i.BTIM3_IRQHandler)
    i.DMACH1_IRQHandler                      0x0000025e   Section        0  interrupts_cw32f030.o(i.DMACH1_IRQHandler)
    i.DMACH23_IRQHandler                     0x00000260   Section        0  interrupts_cw32f030.o(i.DMACH23_IRQHandler)
    i.DMACH45_IRQHandler                     0x00000262   Section        0  interrupts_cw32f030.o(i.DMACH45_IRQHandler)
    i.FAULT_IRQHandler                       0x00000264   Section        0  interrupts_cw32f030.o(i.FAULT_IRQHandler)
    i.FLASHRAM_IRQHandler                    0x00000266   Section        0  interrupts_cw32f030.o(i.FLASHRAM_IRQHandler)
    i.FLASH_SetLatency                       0x00000268   Section        0  cw32f030_flash.o(i.FLASH_SetLatency)
    i.FirmwareDelay                          0x000002a0   Section        0  system_cw32f030.o(i.FirmwareDelay)
    i.GPIOA_IRQHandler                       0x000002b2   Section        0  interrupts_cw32f030.o(i.GPIOA_IRQHandler)
    i.GPIOB_IRQHandler                       0x000002b4   Section        0  interrupts_cw32f030.o(i.GPIOB_IRQHandler)
    i.GPIOC_IRQHandler                       0x000002b6   Section        0  interrupts_cw32f030.o(i.GPIOC_IRQHandler)
    i.GPIOF_IRQHandler                       0x000002b8   Section        0  interrupts_cw32f030.o(i.GPIOF_IRQHandler)
    i.GPIO_Init                              0x000002bc   Section        0  cw32f030_gpio.o(i.GPIO_Init)
    i.GTIM1_IRQHandler                       0x000003bc   Section        0  interrupts_cw32f030.o(i.GTIM1_IRQHandler)
    i.GTIM2_IRQHandler                       0x000003be   Section        0  interrupts_cw32f030.o(i.GTIM2_IRQHandler)
    i.GTIM3_IRQHandler                       0x000003c0   Section        0  interrupts_cw32f030.o(i.GTIM3_IRQHandler)
    i.GTIM4_IRQHandler                       0x000003c2   Section        0  interrupts_cw32f030.o(i.GTIM4_IRQHandler)
    i.HardFault_Handler                      0x000003c4   Section        0  interrupts_cw32f030.o(i.HardFault_Handler)
    i.I2C1_IRQHandler                        0x000003c8   Section        0  interrupts_cw32f030.o(i.I2C1_IRQHandler)
    i.I2C2_IRQHandler                        0x000003ca   Section        0  interrupts_cw32f030.o(i.I2C2_IRQHandler)
    i.LVD_IRQHandler                         0x000003cc   Section        0  interrupts_cw32f030.o(i.LVD_IRQHandler)
    i.NMI_Handler                            0x000003ce   Section        0  interrupts_cw32f030.o(i.NMI_Handler)
    i.PendSV_Handler                         0x000003d0   Section        0  interrupts_cw32f030.o(i.PendSV_Handler)
    i.RCC_AHBPeriphClk_Enable                0x000003d4   Section        0  cw32f030_rcc.o(i.RCC_AHBPeriphClk_Enable)
    i.RCC_HCLK_OUT                           0x000003f4   Section        0  cw32f030_rcc.o(i.RCC_HCLK_OUT)
    i.RCC_HSE_Disable                        0x0000043c   Section        0  cw32f030_rcc.o(i.RCC_HSE_Disable)
    i.RCC_HSE_Enable                         0x00000458   Section        0  cw32f030_rcc.o(i.RCC_HSE_Enable)
    i.RCC_HSE_OUT                            0x00000524   Section        0  cw32f030_rcc.o(i.RCC_HSE_OUT)
    i.RCC_HSI_Disable                        0x00000568   Section        0  cw32f030_rcc.o(i.RCC_HSI_Disable)
    i.RCC_HSI_Enable                         0x00000584   Section        0  cw32f030_rcc.o(i.RCC_HSI_Enable)
    i.RCC_HSI_OUT                            0x000005b8   Section        0  cw32f030_rcc.o(i.RCC_HSI_OUT)
    i.RCC_IRQHandler                         0x000005f0   Section        0  interrupts_cw32f030.o(i.RCC_IRQHandler)
    i.RCC_PCLK_OUT                           0x000005f4   Section        0  cw32f030_rcc.o(i.RCC_PCLK_OUT)
    i.RCC_SysClk_Switch                      0x0000063c   Section        0  cw32f030_rcc.o(i.RCC_SysClk_Switch)
    i.RCC_Sysctrl_GetHClkFreq                0x0000067c   Section        0  cw32f030_rcc.o(i.RCC_Sysctrl_GetHClkFreq)
    i.RCC_SystemCoreClockUpdate              0x00000754   Section        0  cw32f030_rcc.o(i.RCC_SystemCoreClockUpdate)
    i.RTC_IRQHandler                         0x00000760   Section        0  interrupts_cw32f030.o(i.RTC_IRQHandler)
    i.SPI1_IRQHandler                        0x00000762   Section        0  interrupts_cw32f030.o(i.SPI1_IRQHandler)
    i.SPI2_IRQHandler                        0x00000764   Section        0  interrupts_cw32f030.o(i.SPI2_IRQHandler)
    i.SVC_Handler                            0x00000766   Section        0  interrupts_cw32f030.o(i.SVC_Handler)
    i.SysTick_Handler                        0x00000768   Section        0  cw32f030_systick.o(i.SysTick_Handler)
    i.SystemCoreClockUpdate                  0x00000780   Section        0  system_cw32f030.o(i.SystemCoreClockUpdate)
    i.SystemInit                             0x00000790   Section        0  system_cw32f030.o(i.SystemInit)
    i.UART1_IRQHandler                       0x000007cc   Section        0  interrupts_cw32f030.o(i.UART1_IRQHandler)
    i.UART2_IRQHandler                       0x000007ce   Section        0  interrupts_cw32f030.o(i.UART2_IRQHandler)
    i.UART3_IRQHandler                       0x000007d0   Section        0  interrupts_cw32f030.o(i.UART3_IRQHandler)
    i.VC1_IRQHandler                         0x000007d2   Section        0  interrupts_cw32f030.o(i.VC1_IRQHandler)
    i.VC2_IRQHandler                         0x000007d4   Section        0  interrupts_cw32f030.o(i.VC2_IRQHandler)
    i.WDT_IRQHandler                         0x000007d6   Section        0  interrupts_cw32f030.o(i.WDT_IRQHandler)
    i.__ARM_common_switch8                   0x000007d8   Section        0  cw32f030_rcc.o(i.__ARM_common_switch8)
    i.__scatterload_copy                     0x000007f4   Section       14  handlers.o(i.__scatterload_copy)
    i.__scatterload_null                     0x00000802   Section        2  handlers.o(i.__scatterload_null)
    i.__scatterload_zeroinit                 0x00000804   Section       14  handlers.o(i.__scatterload_zeroinit)
    i.main                                   0x00000814   Section        0  main.o(i.main)
    .constdata                               0x00000928   Section      100  cw32f030_rcc.o(.constdata)
    .data                                    0x20000000   Section        4  system_cw32f030.o(.data)
    .data                                    0x20000004   Section        9  cw32f030_systick.o(.data)
    STACK                                    0x20000010   Section      512  startup_cw32f030.o(STACK)

    Global Symbols

    Symbol Name                              Value     Ov Type        Size  Object(Section)

    BuildAttributes$$THM_ISAv3M$S$PE$A:L22$X:L11$S22$IEEE1$IW$USESV6$~STKCKD$USESV7$~SHL$OSPACE$EBA8$MICROLIB$REQ8$PRES8$EABIv2 0x00000000   Number         0  anon$$obj.o ABSOLUTE
    __ARM_use_no_argv                        0x00000000   Number         0  main.o ABSOLUTE
    __Vectors                                0x00000000   Data           0  startup_cw32f030.o(RESET)
    __arm_fini_                               - Undefined Weak Reference
    __cpp_initialize__aeabi_                  - Undefined Weak Reference
    __cxa_finalize                            - Undefined Weak Reference
    __decompress                              - Undefined Weak Reference
    _clock_init                               - Undefined Weak Reference
    _microlib_exit                            - Undefined Weak Reference
    __Vectors_End                            0x000000c0   Data           0  startup_cw32f030.o(RESET)
    __Vectors_Size                           0x000000c0   Number         0  startup_cw32f030.o ABSOLUTE
    __main                                   0x000000c1   Thumb Code     0  entry.o(.ARM.Collect$$$$00000000)
    _main_stk                                0x000000c1   Thumb Code     0  entry2.o(.ARM.Collect$$$$00000001)
    _main_scatterload                        0x000000c5   Thumb Code     0  entry5.o(.ARM.Collect$$$$00000004)
    __main_after_scatterload                 0x000000c9   Thumb Code     0  entry5.o(.ARM.Collect$$$$00000004)
    _main_clock                              0x000000c9   Thumb Code     0  entry7b.o(.ARM.Collect$$$$00000008)
    _main_cpp_init                           0x000000c9   Thumb Code     0  entry8b.o(.ARM.Collect$$$$0000000A)
    _main_init                               0x000000c9   Thumb Code     0  entry9a.o(.ARM.Collect$$$$0000000B)
    __rt_lib_shutdown_fini                   0x000000d1   Thumb Code     0  entry12b.o(.ARM.Collect$$$$0000000E)
    __rt_final_cpp                           0x000000d5   Thumb Code     0  entry10a.o(.ARM.Collect$$$$0000000F)
    __rt_final_exit                          0x000000d5   Thumb Code     0  entry11a.o(.ARM.Collect$$$$00000011)
    Reset_Handler                            0x000000d9   Thumb Code    26  startup_cw32f030.o(.text)
    __aeabi_uidiv                            0x00000115   Thumb Code     0  uidiv.o(.text)
    __aeabi_uidivmod                         0x00000115   Thumb Code    44  uidiv.o(.text)
    __aeabi_ldivmod                          0x00000141   Thumb Code    76  ldiv.o(.text)
    __aeabi_uldivmod                         0x0000018d   Thumb Code    96  uldiv.o(.text)
    __scatterload                            0x000001ed   Thumb Code    28  init.o(.text)
    __scatterload_rt2                        0x000001ed   Thumb Code     0  init.o(.text)
    __aeabi_llsl                             0x00000211   Thumb Code    32  llshl.o(.text)
    _ll_shift_l                              0x00000211   Thumb Code     0  llshl.o(.text)
    __aeabi_llsr                             0x00000231   Thumb Code    34  llushr.o(.text)
    _ll_ushift_r                             0x00000231   Thumb Code     0  llushr.o(.text)
    ADC_IRQHandler                           0x00000253   Thumb Code     2  interrupts_cw32f030.o(i.ADC_IRQHandler)
    ATIM_IRQHandler                          0x00000255   Thumb Code     2  interrupts_cw32f030.o(i.ATIM_IRQHandler)
    AWT_IRQHandler                           0x00000257   Thumb Code     2  interrupts_cw32f030.o(i.AWT_IRQHandler)
    BTIM1_IRQHandler                         0x00000259   Thumb Code     2  interrupts_cw32f030.o(i.BTIM1_IRQHandler)
    BTIM2_IRQHandler                         0x0000025b   Thumb Code     2  interrupts_cw32f030.o(i.BTIM2_IRQHandler)
    BTIM3_IRQHandler                         0x0000025d   Thumb Code     2  interrupts_cw32f030.o(i.BTIM3_IRQHandler)
    DMACH1_IRQHandler                        0x0000025f   Thumb Code     2  interrupts_cw32f030.o(i.DMACH1_IRQHandler)
    DMACH23_IRQHandler                       0x00000261   Thumb Code     2  interrupts_cw32f030.o(i.DMACH23_IRQHandler)
    DMACH45_IRQHandler                       0x00000263   Thumb Code     2  interrupts_cw32f030.o(i.DMACH45_IRQHandler)
    FAULT_IRQHandler                         0x00000265   Thumb Code     2  interrupts_cw32f030.o(i.FAULT_IRQHandler)
    FLASHRAM_IRQHandler                      0x00000267   Thumb Code     2  interrupts_cw32f030.o(i.FLASHRAM_IRQHandler)
    FLASH_SetLatency                         0x00000269   Thumb Code    42  cw32f030_flash.o(i.FLASH_SetLatency)
    FirmwareDelay                            0x000002a1   Thumb Code    18  system_cw32f030.o(i.FirmwareDelay)
    GPIOA_IRQHandler                         0x000002b3   Thumb Code     2  interrupts_cw32f030.o(i.GPIOA_IRQHandler)
    GPIOB_IRQHandler                         0x000002b5   Thumb Code     2  interrupts_cw32f030.o(i.GPIOB_IRQHandler)
    GPIOC_IRQHandler                         0x000002b7   Thumb Code     2  interrupts_cw32f030.o(i.GPIOC_IRQHandler)
    GPIOF_IRQHandler                         0x000002b9   Thumb Code     2  interrupts_cw32f030.o(i.GPIOF_IRQHandler)
    GPIO_Init                                0x000002bd   Thumb Code   252  cw32f030_gpio.o(i.GPIO_Init)
    GTIM1_IRQHandler                         0x000003bd   Thumb Code     2  interrupts_cw32f030.o(i.GTIM1_IRQHandler)
    GTIM2_IRQHandler                         0x000003bf   Thumb Code     2  interrupts_cw32f030.o(i.GTIM2_IRQHandler)
    GTIM3_IRQHandler                         0x000003c1   Thumb Code     2  interrupts_cw32f030.o(i.GTIM3_IRQHandler)
    GTIM4_IRQHandler                         0x000003c3   Thumb Code     2  interrupts_cw32f030.o(i.GTIM4_IRQHandler)
    HardFault_Handler                        0x000003c5   Thumb Code     4  interrupts_cw32f030.o(i.HardFault_Handler)
    I2C1_IRQHandler                          0x000003c9   Thumb Code     2  interrupts_cw32f030.o(i.I2C1_IRQHandler)
    I2C2_IRQHandler                          0x000003cb   Thumb Code     2  interrupts_cw32f030.o(i.I2C2_IRQHandler)
    LVD_IRQHandler                           0x000003cd   Thumb Code     2  interrupts_cw32f030.o(i.LVD_IRQHandler)
    NMI_Handler                              0x000003cf   Thumb Code     2  interrupts_cw32f030.o(i.NMI_Handler)
    PendSV_Handler                           0x000003d1   Thumb Code     2  interrupts_cw32f030.o(i.PendSV_Handler)
    RCC_AHBPeriphClk_Enable                  0x000003d5   Thumb Code    28  cw32f030_rcc.o(i.RCC_AHBPeriphClk_Enable)
    RCC_HCLK_OUT                             0x000003f5   Thumb Code    66  cw32f030_rcc.o(i.RCC_HCLK_OUT)
    RCC_HSE_Disable                          0x0000043d   Thumb Code    20  cw32f030_rcc.o(i.RCC_HSE_Disable)
    RCC_HSE_Enable                           0x00000459   Thumb Code   178  cw32f030_rcc.o(i.RCC_HSE_Enable)
    RCC_HSE_OUT                              0x00000525   Thumb Code    58  cw32f030_rcc.o(i.RCC_HSE_OUT)
    RCC_HSI_Disable                          0x00000569   Thumb Code    20  cw32f030_rcc.o(i.RCC_HSI_Disable)
    RCC_HSI_Enable                           0x00000585   Thumb Code    44  cw32f030_rcc.o(i.RCC_HSI_Enable)
    RCC_HSI_OUT                              0x000005b9   Thumb Code    48  cw32f030_rcc.o(i.RCC_HSI_OUT)
    RCC_IRQHandler                           0x000005f1   Thumb Code     2  interrupts_cw32f030.o(i.RCC_IRQHandler)
    RCC_PCLK_OUT                             0x000005f5   Thumb Code    66  cw32f030_rcc.o(i.RCC_PCLK_OUT)
    RCC_SysClk_Switch                        0x0000063d   Thumb Code    54  cw32f030_rcc.o(i.RCC_SysClk_Switch)
    RCC_Sysctrl_GetHClkFreq                  0x0000067d   Thumb Code   194  cw32f030_rcc.o(i.RCC_Sysctrl_GetHClkFreq)
    RCC_SystemCoreClockUpdate                0x00000755   Thumb Code     6  cw32f030_rcc.o(i.RCC_SystemCoreClockUpdate)
    RTC_IRQHandler                           0x00000761   Thumb Code     2  interrupts_cw32f030.o(i.RTC_IRQHandler)
    SPI1_IRQHandler                          0x00000763   Thumb Code     2  interrupts_cw32f030.o(i.SPI1_IRQHandler)
    SPI2_IRQHandler                          0x00000765   Thumb Code     2  interrupts_cw32f030.o(i.SPI2_IRQHandler)
    SVC_Handler                              0x00000767   Thumb Code     2  interrupts_cw32f030.o(i.SVC_Handler)
    SysTick_Handler                          0x00000769   Thumb Code    16  cw32f030_systick.o(i.SysTick_Handler)
    SystemCoreClockUpdate                    0x00000781   Thumb Code     8  system_cw32f030.o(i.SystemCoreClockUpdate)
    SystemInit                               0x00000791   Thumb Code    54  system_cw32f030.o(i.SystemInit)
    UART1_IRQHandler                         0x000007cd   Thumb Code     2  interrupts_cw32f030.o(i.UART1_IRQHandler)
    UART2_IRQHandler                         0x000007cf   Thumb Code     2  interrupts_cw32f030.o(i.UART2_IRQHandler)
    UART3_IRQHandler                         0x000007d1   Thumb Code     2  interrupts_cw32f030.o(i.UART3_IRQHandler)
    VC1_IRQHandler                           0x000007d3   Thumb Code     2  interrupts_cw32f030.o(i.VC1_IRQHandler)
    VC2_IRQHandler                           0x000007d5   Thumb Code     2  interrupts_cw32f030.o(i.VC2_IRQHandler)
    WDT_IRQHandler                           0x000007d7   Thumb Code     2  interrupts_cw32f030.o(i.WDT_IRQHandler)
    __ARM_common_switch8                     0x000007d9   Thumb Code    28  cw32f030_rcc.o(i.__ARM_common_switch8)
    __scatterload_copy                       0x000007f5   Thumb Code    14  handlers.o(i.__scatterload_copy)
    __scatterload_null                       0x00000803   Thumb Code     2  handlers.o(i.__scatterload_null)
    __scatterload_zeroinit                   0x00000805   Thumb Code    14  handlers.o(i.__scatterload_zeroinit)
    main                                     0x00000815   Thumb Code   250  main.o(i.main)
    hsiprs_tbl                               0x00000928   Data          64  cw32f030_rcc.o(.constdata)
    Region$$Table$$Base                      0x0000098c   Number         0  anon$$obj.o(Region$$Table)
    Region$$Table$$Limit                     0x000009ac   Number         0  anon$$obj.o(Region$$Table)
    SystemCoreClock                          0x20000000   Data           4  system_cw32f030.o(.data)
    uwTick                                   0x20000004   Data           4  cw32f030_systick.o(.data)
    uwTickPrio                               0x20000008   Data           4  cw32f030_systick.o(.data)
    uwTickFreq                               0x2000000c   Data           1  cw32f030_systick.o(.data)
    __initial_sp                             0x20000210   Data           0  startup_cw32f030.o(STACK)



==============================================================================

Memory Map of the image

  Image Entry point : 0x000000c1

  Load Region LR_IROM1 (Base: 0x00000000, Size: 0x000009bc, Max: 0x00010000, ABSOLUTE)

    Execution Region ER_IROM1 (Exec base: 0x00000000, Load base: 0x00000000, Size: 0x000009ac, Max: 0x00010000, ABSOLUTE)

    Exec Addr    Load Addr    Size         Type   Attr      Idx    E Section Name        Object

    0x00000000   0x00000000   0x000000c0   Data   RO            3    RESET               startup_cw32f030.o
    0x000000c0   0x000000c0   0x00000000   Code   RO          977  * .ARM.Collect$$$$00000000  mc_p.l(entry.o)
    0x000000c0   0x000000c0   0x00000004   Code   RO          988    .ARM.Collect$$$$00000001  mc_p.l(entry2.o)
    0x000000c4   0x000000c4   0x00000004   Code   RO          991    .ARM.Collect$$$$00000004  mc_p.l(entry5.o)
    0x000000c8   0x000000c8   0x00000000   Code   RO          993    .ARM.Collect$$$$00000008  mc_p.l(entry7b.o)
    0x000000c8   0x000000c8   0x00000000   Code   RO          995    .ARM.Collect$$$$0000000A  mc_p.l(entry8b.o)
    0x000000c8   0x000000c8   0x00000008   Code   RO          996    .ARM.Collect$$$$0000000B  mc_p.l(entry9a.o)
    0x000000d0   0x000000d0   0x00000004   Code   RO         1003    .ARM.Collect$$$$0000000E  mc_p.l(entry12b.o)
    0x000000d4   0x000000d4   0x00000000   Code   RO          998    .ARM.Collect$$$$0000000F  mc_p.l(entry10a.o)
    0x000000d4   0x000000d4   0x00000000   Code   RO         1000    .ARM.Collect$$$$00000011  mc_p.l(entry11a.o)
    0x000000d4   0x000000d4   0x00000004   Code   RO          989    .ARM.Collect$$$$00002712  mc_p.l(entry2.o)
    0x000000d8   0x000000d8   0x0000003c   Code   RO            4    .text               startup_cw32f030.o
    0x00000114   0x00000114   0x0000002c   Code   RO          980    .text               mc_p.l(uidiv.o)
    0x00000140   0x00000140   0x0000004c   Code   RO          982    .text               mc_p.l(ldiv.o)
    0x0000018c   0x0000018c   0x00000060   Code   RO         1004    .text               mc_p.l(uldiv.o)
    0x000001ec   0x000001ec   0x00000024   Code   RO         1006    .text               mc_p.l(init.o)
    0x00000210   0x00000210   0x00000020   Code   RO         1008    .text               mc_p.l(llshl.o)
    0x00000230   0x00000230   0x00000022   Code   RO         1010    .text               mc_p.l(llushr.o)
    0x00000252   0x00000252   0x00000002   Code   RO          134    i.ADC_IRQHandler    interrupts_cw32f030.o
    0x00000254   0x00000254   0x00000002   Code   RO          135    i.ATIM_IRQHandler   interrupts_cw32f030.o
    0x00000256   0x00000256   0x00000002   Code   RO          136    i.AWT_IRQHandler    interrupts_cw32f030.o
    0x00000258   0x00000258   0x00000002   Code   RO          137    i.BTIM1_IRQHandler  interrupts_cw32f030.o
    0x0000025a   0x0000025a   0x00000002   Code   RO          138    i.BTIM2_IRQHandler  interrupts_cw32f030.o
    0x0000025c   0x0000025c   0x00000002   Code   RO          139    i.BTIM3_IRQHandler  interrupts_cw32f030.o
    0x0000025e   0x0000025e   0x00000002   Code   RO          140    i.DMACH1_IRQHandler  interrupts_cw32f030.o
    0x00000260   0x00000260   0x00000002   Code   RO          141    i.DMACH23_IRQHandler  interrupts_cw32f030.o
    0x00000262   0x00000262   0x00000002   Code   RO          142    i.DMACH45_IRQHandler  interrupts_cw32f030.o
    0x00000264   0x00000264   0x00000002   Code   RO          143    i.FAULT_IRQHandler  interrupts_cw32f030.o
    0x00000266   0x00000266   0x00000002   Code   RO          144    i.FLASHRAM_IRQHandler  interrupts_cw32f030.o
    0x00000268   0x00000268   0x00000038   Code   RO          378    i.FLASH_SetLatency  cw32f030_flash.o
    0x000002a0   0x000002a0   0x00000012   Code   RO           12    i.FirmwareDelay     system_cw32f030.o
    0x000002b2   0x000002b2   0x00000002   Code   RO          145    i.GPIOA_IRQHandler  interrupts_cw32f030.o
    0x000002b4   0x000002b4   0x00000002   Code   RO          146    i.GPIOB_IRQHandler  interrupts_cw32f030.o
    0x000002b6   0x000002b6   0x00000002   Code   RO          147    i.GPIOC_IRQHandler  interrupts_cw32f030.o
    0x000002b8   0x000002b8   0x00000002   Code   RO          148    i.GPIOF_IRQHandler  interrupts_cw32f030.o
    0x000002ba   0x000002ba   0x00000002   PAD
    0x000002bc   0x000002bc   0x00000100   Code   RO          839    i.GPIO_Init         cw32f030_gpio.o
    0x000003bc   0x000003bc   0x00000002   Code   RO          149    i.GTIM1_IRQHandler  interrupts_cw32f030.o
    0x000003be   0x000003be   0x00000002   Code   RO          150    i.GTIM2_IRQHandler  interrupts_cw32f030.o
    0x000003c0   0x000003c0   0x00000002   Code   RO          151    i.GTIM3_IRQHandler  interrupts_cw32f030.o
    0x000003c2   0x000003c2   0x00000002   Code   RO          152    i.GTIM4_IRQHandler  interrupts_cw32f030.o
    0x000003c4   0x000003c4   0x00000004   Code   RO          153    i.HardFault_Handler  interrupts_cw32f030.o
    0x000003c8   0x000003c8   0x00000002   Code   RO          154    i.I2C1_IRQHandler   interrupts_cw32f030.o
    0x000003ca   0x000003ca   0x00000002   Code   RO          155    i.I2C2_IRQHandler   interrupts_cw32f030.o
    0x000003cc   0x000003cc   0x00000002   Code   RO          156    i.LVD_IRQHandler    interrupts_cw32f030.o
    0x000003ce   0x000003ce   0x00000002   Code   RO          157    i.NMI_Handler       interrupts_cw32f030.o
    0x000003d0   0x000003d0   0x00000002   Code   RO          158    i.PendSV_Handler    interrupts_cw32f030.o
    0x000003d2   0x000003d2   0x00000002   PAD
    0x000003d4   0x000003d4   0x00000020   Code   RO          498    i.RCC_AHBPeriphClk_Enable  cw32f030_rcc.o
    0x000003f4   0x000003f4   0x00000048   Code   RO          522    i.RCC_HCLK_OUT      cw32f030_rcc.o
    0x0000043c   0x0000043c   0x0000001c   Code   RO          523    i.RCC_HSE_Disable   cw32f030_rcc.o
    0x00000458   0x00000458   0x000000cc   Code   RO          524    i.RCC_HSE_Enable    cw32f030_rcc.o
    0x00000524   0x00000524   0x00000044   Code   RO          525    i.RCC_HSE_OUT       cw32f030_rcc.o
    0x00000568   0x00000568   0x0000001c   Code   RO          526    i.RCC_HSI_Disable   cw32f030_rcc.o
    0x00000584   0x00000584   0x00000034   Code   RO          527    i.RCC_HSI_Enable    cw32f030_rcc.o
    0x000005b8   0x000005b8   0x00000038   Code   RO          528    i.RCC_HSI_OUT       cw32f030_rcc.o
    0x000005f0   0x000005f0   0x00000002   Code   RO          159    i.RCC_IRQHandler    interrupts_cw32f030.o
    0x000005f2   0x000005f2   0x00000002   PAD
    0x000005f4   0x000005f4   0x00000048   Code   RO          540    i.RCC_PCLK_OUT      cw32f030_rcc.o
    0x0000063c   0x0000063c   0x00000040   Code   RO          546    i.RCC_SysClk_Switch  cw32f030_rcc.o
    0x0000067c   0x0000067c   0x000000d8   Code   RO          547    i.RCC_Sysctrl_GetHClkFreq  cw32f030_rcc.o
    0x00000754   0x00000754   0x0000000c   Code   RO          549    i.RCC_SystemCoreClockUpdate  cw32f030_rcc.o
    0x00000760   0x00000760   0x00000002   Code   RO          160    i.RTC_IRQHandler    interrupts_cw32f030.o
    0x00000762   0x00000762   0x00000002   Code   RO          161    i.SPI1_IRQHandler   interrupts_cw32f030.o
    0x00000764   0x00000764   0x00000002   Code   RO          162    i.SPI2_IRQHandler   interrupts_cw32f030.o
    0x00000766   0x00000766   0x00000002   Code   RO          163    i.SVC_Handler       interrupts_cw32f030.o
    0x00000768   0x00000768   0x00000018   Code   RO          920    i.SysTick_Handler   cw32f030_systick.o
    0x00000780   0x00000780   0x00000010   Code   RO           14    i.SystemCoreClockUpdate  system_cw32f030.o
    0x00000790   0x00000790   0x0000003c   Code   RO           15    i.SystemInit        system_cw32f030.o
    0x000007cc   0x000007cc   0x00000002   Code   RO          164    i.UART1_IRQHandler  interrupts_cw32f030.o
    0x000007ce   0x000007ce   0x00000002   Code   RO          165    i.UART2_IRQHandler  interrupts_cw32f030.o
    0x000007d0   0x000007d0   0x00000002   Code   RO          166    i.UART3_IRQHandler  interrupts_cw32f030.o
    0x000007d2   0x000007d2   0x00000002   Code   RO          167    i.VC1_IRQHandler    interrupts_cw32f030.o
    0x000007d4   0x000007d4   0x00000002   Code   RO          168    i.VC2_IRQHandler    interrupts_cw32f030.o
    0x000007d6   0x000007d6   0x00000002   Code   RO          169    i.WDT_IRQHandler    interrupts_cw32f030.o
    0x000007d8   0x000007d8   0x0000001c   Code   RO          828    i.__ARM_common_switch8  cw32f030_rcc.o
    0x000007f4   0x000007f4   0x0000000e   Code   RO         1014    i.__scatterload_copy  mc_p.l(handlers.o)
    0x00000802   0x00000802   0x00000002   Code   RO         1015    i.__scatterload_null  mc_p.l(handlers.o)
    0x00000804   0x00000804   0x0000000e   Code   RO         1016    i.__scatterload_zeroinit  mc_p.l(handlers.o)
    0x00000812   0x00000812   0x00000002   PAD
    0x00000814   0x00000814   0x00000114   Code   RO           94    i.main              main.o
    0x00000928   0x00000928   0x00000064   Data   RO          551    .constdata          cw32f030_rcc.o
    0x0000098c   0x0000098c   0x00000020   Data   RO         1012    Region$$Table       anon$$obj.o


    Execution Region RW_IRAM1 (Exec base: 0x20000000, Load base: 0x000009ac, Size: 0x00000210, Max: 0x00002000, ABSOLUTE)

    Exec Addr    Load Addr    Size         Type   Attr      Idx    E Section Name        Object

    0x20000000   0x000009ac   0x00000004   Data   RW           16    .data               system_cw32f030.o
    0x20000004   0x000009b0   0x00000009   Data   RW          922    .data               cw32f030_systick.o
    0x2000000d   0x000009b9   0x00000003   PAD
    0x20000010        -       0x00000200   Zero   RW            1    STACK               startup_cw32f030.o


==============================================================================

Image component sizes


      Code (inc. data)   RO Data    RW Data    ZI Data      Debug   Object Name

        56         14          0          0          0        607   cw32f030_flash.o
       256          4          0          0          0       1148   cw32f030_gpio.o
       932        130        100          0          0       8053   cw32f030_rcc.o
        24          8          0          9          0       2021   cw32f030_systick.o
        74          0          0          0          0      18080   interrupts_cw32f030.o
       276         26          0          0          0      49187   main.o
        60         22        192          0        512        736   startup_cw32f030.o
        94         14          0          4          0     138091   system_cw32f030.o

    ----------------------------------------------------------------------
      1778        218        324         16        512     217923   Object Totals
         0          0         32          0          0          0   (incl. Generated)
         6          0          0          3          0          0   (incl. Padding)

    ----------------------------------------------------------------------

      Code (inc. data)   RO Data    RW Data    ZI Data      Debug   Library Member Name

         0          0          0          0          0          0   entry.o
         0          0          0          0          0          0   entry10a.o
         0          0          0          0          0          0   entry11a.o
         4          0          0          0          0          0   entry12b.o
         8          4          0          0          0          0   entry2.o
         4          0          0          0          0          0   entry5.o
         0          0          0          0          0          0   entry7b.o
         0          0          0          0          0          0   entry8b.o
         8          4          0          0          0          0   entry9a.o
        30          0          0          0          0          0   handlers.o
        36          8          0          0          0         68   init.o
        76          0          0          0          0         76   ldiv.o
        32          0          0          0          0         68   llshl.o
        34          0          0          0          0         68   llushr.o
        44          0          0          0          0         72   uidiv.o
        96          0          0          0          0         84   uldiv.o

    ----------------------------------------------------------------------
       374         16          0          0          0        436   Library Totals
         2          0          0          0          0          0   (incl. Padding)

    ----------------------------------------------------------------------

      Code (inc. data)   RO Data    RW Data    ZI Data      Debug   Library Name

       372         16          0          0          0        436   mc_p.l

    ----------------------------------------------------------------------
       374         16          0          0          0        436   Library Totals

    ----------------------------------------------------------------------

==============================================================================


      Code (inc. data)   RO Data    RW Data    ZI Data      Debug   

      2152        234        324         16        512     216047   Grand Totals
      2152        234        324         16        512     216047   ELF Image Totals
      2152        234        324         16          0          0   ROM Totals

==============================================================================

    Total RO  Size (Code + RO Data)                 2476 (   2.42kB)
    Total RW  Size (RW Data + ZI Data)               528 (   0.52kB)
    Total ROM Size (Code + RO Data + RW Data)       2492 (   2.43kB)

==============================================================================

