Component: ARM Compiler 5.06 update 7 (build 960) Tool: armlink [4d3601]

==============================================================================

Section Cross References

    cw32f030_adc.o(i.ADC_DisableIrq) refers to cw32f030_adc.o(i.ADC_DisableNvic) for ADC_DisableNvic
    cw32f030_adc.o(i.ADC_DisableNvic) refers to cw32f030_adc.o(i.__NVIC_ClearPendingIRQ) for __NVIC_ClearPendingIRQ
    cw32f030_adc.o(i.ADC_DisableNvic) refers to cw32f030_adc.o(i.__NVIC_SetPriority) for __NVIC_SetPriority
    cw32f030_adc.o(i.ADC_Enable) refers to cw32f030_adc.o(i.ADC_GetITStatus) for ADC_GetITStatus
    cw32f030_adc.o(i.ADC_EnableIrq) refers to cw32f030_adc.o(i.ADC_EnableNvic) for ADC_EnableNvic
    cw32f030_adc.o(i.ADC_EnableNvic) refers to cw32f030_adc.o(i.__NVIC_ClearPendingIRQ) for __NVIC_ClearPendingIRQ
    cw32f030_adc.o(i.ADC_EnableNvic) refers to cw32f030_adc.o(i.__NVIC_SetPriority) for __NVIC_SetPriority
    cw32f030_adc.o(i.ADC_GetTsVref1V5) refers to cw32f030_adc.o(i.ADC_GetConversionValue) for ADC_GetConversionValue
    cw32f030_adc.o(i.ADC_GetTsVref1V5) refers to ffltui.o(.text) for __aeabi_ui2f
    cw32f030_adc.o(i.ADC_GetTsVref1V5) refers to fmul.o(.text) for __aeabi_fmul
    cw32f030_adc.o(i.ADC_GetTsVref1V5) refers to fscalb.o(.text) for __ARM_scalbnf
    cw32f030_adc.o(i.ADC_GetTsVref1V5) refers to fadd.o(.text) for __aeabi_fadd
    cw32f030_adc.o(i.ADC_GetTsVref2V5) refers to cw32f030_adc.o(i.ADC_GetConversionValue) for ADC_GetConversionValue
    cw32f030_adc.o(i.ADC_GetTsVref2V5) refers to fflti.o(.text) for __aeabi_i2f
    cw32f030_adc.o(i.ADC_GetTsVref2V5) refers to fmul.o(.text) for __aeabi_fmul
    cw32f030_adc.o(i.ADC_GetTsVref2V5) refers to ffltui.o(.text) for __aeabi_ui2f
    cw32f030_adc.o(i.ADC_GetTsVref2V5) refers to fscalb.o(.text) for __ARM_scalbnf
    cw32f030_adc.o(i.ADC_GetTsVref2V5) refers to fadd.o(.text) for __aeabi_fadd
    cw32f030_adc.o(i.ADC_SerialChBreakModeCfg) refers to cw32f030_adc.o(i.ADC_SerialChCommon) for ADC_SerialChCommon
    cw32f030_adc.o(i.ADC_SerialChCommon) refers to cw32f030_adc.o(i.ADC_Init) for ADC_Init
    cw32f030_adc.o(i.ADC_SerialChCommon) refers to cw32f030_adc.o(i.ADC_Sqr03ChannelCfg) for ADC_Sqr03ChannelCfg
    cw32f030_adc.o(i.ADC_SerialChCommon) refers to cw32f030_adc.o(i.ADC_Sqr0ChannelCfg) for ADC_Sqr0ChannelCfg
    cw32f030_adc.o(i.ADC_SerialChCommon) refers to cw32f030_adc.o(i.ADC_Sqr01ChannelCfg) for ADC_Sqr01ChannelCfg
    cw32f030_adc.o(i.ADC_SerialChCommon) refers to cw32f030_adc.o(i.ADC_Sqr02ChannelCfg) for ADC_Sqr02ChannelCfg
    cw32f030_adc.o(i.ADC_SerialChContinuousModeCfg) refers to cw32f030_adc.o(i.ADC_SerialChCommon) for ADC_SerialChCommon
    cw32f030_adc.o(i.ADC_SerialChMoreModeCfg) refers to cw32f030_adc.o(i.ADC_SerialChCommon) for ADC_SerialChCommon
    cw32f030_adc.o(i.ADC_SerialChScanModeCfg) refers to cw32f030_adc.o(i.ADC_SerialChCommon) for ADC_SerialChCommon
    cw32f030_adc.o(i.ADC_SingleChCommon) refers to cw32f030_adc.o(i.ADC_Init) for ADC_Init
    cw32f030_adc.o(i.ADC_SingleChCommon) refers to cw32f030_adc.o(i.ADC_BufEnSingleCh) for ADC_BufEnSingleCh
    cw32f030_adc.o(i.ADC_SingleChCommon) refers to cw32f030_adc.o(i.ADC_WdtConfig) for ADC_WdtConfig
    cw32f030_adc.o(i.ADC_SingleChContinuousModeCfg) refers to cw32f030_adc.o(i.ADC_SingleChCommon) for ADC_SingleChCommon
    cw32f030_adc.o(i.ADC_SingleChMoreModeCfg) refers to cw32f030_adc.o(i.ADC_SingleChCommon) for ADC_SingleChCommon
    cw32f030_adc.o(i.ADC_SingleChOneModeCfg) refers to cw32f030_adc.o(i.ADC_SingleChCommon) for ADC_SingleChCommon
    cw32f030_adc.o(i.ADC_Sqr01ChannelCfg) refers to cw32f030_adc.o(i.ADC_BufEnSerialCh) for ADC_BufEnSerialCh
    cw32f030_adc.o(i.ADC_Sqr02ChannelCfg) refers to cw32f030_adc.o(i.ADC_BufEnSerialCh) for ADC_BufEnSerialCh
    cw32f030_adc.o(i.ADC_Sqr03ChannelCfg) refers to cw32f030_adc.o(i.ADC_BufEnSerialCh) for ADC_BufEnSerialCh
    cw32f030_adc.o(i.ADC_Sqr0ChannelCfg) refers to cw32f030_adc.o(i.ADC_BufEnSerialCh) for ADC_BufEnSerialCh
    cw32f030_flash.o(i.FLASH_SetReadOutLevel) refers to cw32f030_flash.o(i.FLASH_GetReadOutLevel) for FLASH_GetReadOutLevel
    cw32f030_i2c.o(i.I2C_MasterReadEepomData) refers to cw32f030_i2c.o(i.I2C_GenerateSTART) for I2C_GenerateSTART
    cw32f030_i2c.o(i.I2C_MasterReadEepomData) refers to cw32f030_i2c.o(i.__ARM_common_switch8) for __ARM_common_switch8
    cw32f030_i2c.o(i.I2C_MasterReadEepomData) refers to cw32f030_i2c.o(i.I2C_Send7bitAddress) for I2C_Send7bitAddress
    cw32f030_i2c.o(i.I2C_MasterReadEepomData) refers to cw32f030_i2c.o(i.I2C_AcknowledgeConfig) for I2C_AcknowledgeConfig
    cw32f030_i2c.o(i.I2C_MasterReadEepomData) refers to cw32f030_i2c.o(i.I2C_GenerateSTOP) for I2C_GenerateSTOP
    cw32f030_i2c.o(i.I2C_MasterRecDataFromSlave) refers to cw32f030_i2c.o(i.I2C_GenerateSTART) for I2C_GenerateSTART
    cw32f030_i2c.o(i.I2C_MasterRecDataFromSlave) refers to cw32f030_i2c.o(i.I2C_Send7bitAddress) for I2C_Send7bitAddress
[...]
    main.o(i.save_calibration) refers to main.o(.data) for .data
    entry.o(.ARM.Collect$$$$00000000) refers (Special) to entry10a.o(.ARM.Collect$$$$0000000F) for __rt_final_cpp
    entry.o(.ARM.Collect$$$$00000000) refers (Special) to entry11a.o(.ARM.Collect$$$$00000011) for __rt_final_exit
    entry.o(.ARM.Collect$$$$00000000) refers (Special) to entry12b.o(.ARM.Collect$$$$0000000E) for __rt_lib_shutdown_fini
    entry.o(.ARM.Collect$$$$00000000) refers (Special) to entry7b.o(.ARM.Collect$$$$00000008) for _main_clock
    entry.o(.ARM.Collect$$$$00000000) refers (Special) to entry8b.o(.ARM.Collect$$$$0000000A) for _main_cpp_init
    entry.o(.ARM.Collect$$$$00000000) refers (Special) to entry9a.o(.ARM.Collect$$$$0000000B) for _main_init
    entry.o(.ARM.Collect$$$$00000000) refers (Special) to entry5.o(.ARM.Collect$$$$00000004) for _main_scatterload
    entry.o(.ARM.Collect$$$$00000000) refers (Special) to entry2.o(.ARM.Collect$$$$00000001) for _main_stk
    ldiv.o(.text) refers to uldiv.o(.text) for __aeabi_uldivmod
    fadd.o(.text) refers (Special) to iusefp.o(.text) for __I$use$fp
    fadd.o(.text) refers to fepilogue.o(.text) for _float_epilogue
    fmul.o(.text) refers (Special) to iusefp.o(.text) for __I$use$fp
    fdiv.o(.text) refers (Special) to iusefp.o(.text) for __I$use$fp
    fdiv.o(.text) refers to fepilogue.o(.text) for _float_round
    fscalb.o(.text) refers (Special) to iusefp.o(.text) for __I$use$fp
    dadd.o(.text) refers (Special) to iusefp.o(.text) for __I$use$fp
    dadd.o(.text) refers to llshl.o(.text) for __aeabi_llsl
    dadd.o(.text) refers to llsshr.o(.text) for __aeabi_lasr
    dadd.o(.text) refers to depilogue.o(.text) for _double_epilogue
    fflti.o(.text) refers (Special) to iusefp.o(.text) for __I$use$fp
    fflti.o(.text) refers to fepilogue.o(.text) for _float_epilogue
    ffltui.o(.text) refers (Special) to iusefp.o(.text) for __I$use$fp
    ffltui.o(.text) refers to fepilogue.o(.text) for _float_epilogue
    ffixui.o(.text) refers (Special) to iusefp.o(.text) for __I$use$fp
    dfixui.o(.text) refers (Special) to iusefp.o(.text) for __I$use$fp
    dfixui.o(.text) refers to llushr.o(.text) for __aeabi_llsr
    f2d.o(.text) refers (Special) to iusefp.o(.text) for __I$use$fp
    entry2.o(.ARM.Collect$$$$00000001) refers to entry2.o(.ARM.Collect$$$$00002712) for __lit__00000000
    entry2.o(.ARM.Collect$$$$00002712) refers to startup_cw32f030.o(STACK) for __initial_sp
    entry2.o(__vectab_stack_and_reset_area) refers to startup_cw32f030.o(STACK) for __initial_sp
    entry2.o(__vectab_stack_and_reset_area) refers to entry.o(.ARM.Collect$$$$00000000) for __main
    entry5.o(.ARM.Collect$$$$00000004) refers to init.o(.text) for __scatterload
    entry9a.o(.ARM.Collect$$$$0000000B) refers to main.o(i.main) for main
    entry9b.o(.ARM.Collect$$$$0000000C) refers to main.o(i.main) for main
    uldiv.o(.text) refers to llushr.o(.text) for __aeabi_llsr
    uldiv.o(.text) refers to llshl.o(.text) for __aeabi_llsl
    depilogue.o(.text) refers to depilogue.o(i.__ARM_clz) for __ARM_clz
    depilogue.o(.text) refers to llshl.o(.text) for __aeabi_llsl
    depilogue.o(.text) refers to llushr.o(.text) for __aeabi_llsr
    init.o(.text) refers to entry5.o(.ARM.Collect$$$$00000004) for __main_after_scatterload


==============================================================================

Removing Unused input sections from the image.

    Removing cw32f030_adc.o(.rev16_text), (4 bytes).
    Removing cw32f030_adc.o(.revsh_text), (4 bytes).
    Removing cw32f030_adc.o(i.ADC_AutoStop), (20 bytes).
    Removing cw32f030_adc.o(i.ADC_BufEnSingleCh), (52 bytes).
    Removing cw32f030_adc.o(i.ADC_ClearITPendingBit), (16 bytes).
    Removing cw32f030_adc.o(i.ADC_ClrAccResult), (16 bytes).
    Removing cw32f030_adc.o(i.ADC_DMACmd), (24 bytes).
    Removing cw32f030_adc.o(i.ADC_DMADisable), (16 bytes).
    Removing cw32f030_adc.o(i.ADC_DMAEnable), (16 bytes).
    Removing cw32f030_adc.o(i.ADC_DeInit), (24 bytes).
    Removing cw32f030_adc.o(i.ADC_Disable), (16 bytes).
    Removing cw32f030_adc.o(i.ADC_DisableIrq), (24 bytes).
    Removing cw32f030_adc.o(i.ADC_DisableNvic), (40 bytes).
    Removing cw32f030_adc.o(i.ADC_EnableIrq), (8 bytes).
    Removing cw32f030_adc.o(i.ADC_EnableNvic), (36 bytes).
    Removing cw32f030_adc.o(i.ADC_ExtTrigCfg), (24 bytes).
    Removing cw32f030_adc.o(i.ADC_GetAccResult), (16 bytes).
    Removing cw32f030_adc.o(i.ADC_GetConversionValue), (12 bytes).
    Removing cw32f030_adc.o(i.ADC_GetITStatusAll), (12 bytes).
    Removing cw32f030_adc.o(i.ADC_GetSqr1Result), (16 bytes).
    Removing cw32f030_adc.o(i.ADC_GetSqr2Result), (16 bytes).
    Removing cw32f030_adc.o(i.ADC_GetTsVref1V5), (60 bytes).
    Removing cw32f030_adc.o(i.ADC_GetTsVref2V5), (64 bytes).
    Removing cw32f030_adc.o(i.ADC_ITConfig), (24 bytes).
    Removing cw32f030_adc.o(i.ADC_SerialChBreakModeCfg), (24 bytes).
    Removing cw32f030_adc.o(i.ADC_SerialChMoreModeCfg), (44 bytes).
    Removing cw32f030_adc.o(i.ADC_SerialChScanModeCfg), (24 bytes).
    Removing cw32f030_adc.o(i.ADC_SetAlign), (20 bytes).
    Removing cw32f030_adc.o(i.ADC_SetDiscard), (20 bytes).
    Removing cw32f030_adc.o(i.ADC_SetTs), (20 bytes).
    Removing cw32f030_adc.o(i.ADC_SetVref), (20 bytes).
    Removing cw32f030_adc.o(i.ADC_SingleChCommon), (60 bytes).
    Removing cw32f030_adc.o(i.ADC_SingleChContinuousModeCfg), (24 bytes).
    Removing cw32f030_adc.o(i.ADC_SingleChMoreModeCfg), (44 bytes).
    Removing cw32f030_adc.o(i.ADC_SingleChOneModeCfg), (24 bytes).
    Removing cw32f030_adc.o(i.ADC_WdtConfig), (76 bytes).
    Removing cw32f030_adc.o(i.ADC_WdtInit), (24 bytes).
    Removing cw32f030_adc.o(i.__NVIC_ClearPendingIRQ), (24 bytes).
    Removing cw32f030_adc.o(i.__NVIC_SetPriority), (68 bytes).
    Removing cw32f030_atim.o(.rev16_text), (4 bytes).
    Removing cw32f030_atim.o(.revsh_text), (4 bytes).
    Removing cw32f030_atim.o(i.ATIM_ADCTriggerConfig), (28 bytes).
    Removing cw32f030_atim.o(i.ATIM_BrakeConfig), (24 bytes).
    Removing cw32f030_atim.o(i.ATIM_CH1Config), (24 bytes).
    Removing cw32f030_atim.o(i.ATIM_CH2Config), (24 bytes).
    Removing cw32f030_atim.o(i.ATIM_CH3Config), (24 bytes).
    Removing cw32f030_atim.o(i.ATIM_CH4Config), (24 bytes).
    Removing cw32f030_atim.o(i.ATIM_ClearITPendingBit), (12 bytes).
    Removing cw32f030_atim.o(i.ATIM_Cmd), (24 bytes).
    Removing cw32f030_atim.o(i.ATIM_CtrlPWMOutputs), (24 bytes).
    Removing cw32f030_atim.o(i.ATIM_DeInit), (24 bytes).
    Removing cw32f030_atim.o(i.ATIM_ETRConfig), (20 bytes).
    Removing cw32f030_atim.o(i.ATIM_GetCapture1A), (12 bytes).
    Removing cw32f030_atim.o(i.ATIM_GetCapture1B), (12 bytes).
    Removing cw32f030_atim.o(i.ATIM_GetCapture2A), (12 bytes).
    Removing cw32f030_atim.o(i.ATIM_GetCapture2B), (12 bytes).
    Removing cw32f030_atim.o(i.ATIM_GetCapture3A), (12 bytes).
    Removing cw32f030_atim.o(i.ATIM_GetCapture3B), (12 bytes).
    Removing cw32f030_atim.o(i.ATIM_GetITStatus), (20 bytes).
    Removing cw32f030_atim.o(i.ATIM_IC1AInit), (44 bytes).
    Removing cw32f030_atim.o(i.ATIM_IC1BInit), (44 bytes).
    Removing cw32f030_atim.o(i.ATIM_IC2AInit), (44 bytes).
    Removing cw32f030_atim.o(i.ATIM_IC2BInit), (44 bytes).
    Removing cw32f030_atim.o(i.ATIM_IC3AInit), (44 bytes).
    Removing cw32f030_atim.o(i.ATIM_IC3BInit), (44 bytes).
    Removing cw32f030_atim.o(i.ATIM_ITConfig), (24 bytes).
    Removing cw32f030_atim.o(i.ATIM_Init), (88 bytes).
    Removing cw32f030_atim.o(i.ATIM_MasterModeConfig), (24 bytes).
    Removing cw32f030_atim.o(i.ATIM_OC1AInit), (88 bytes).
    Removing cw32f030_atim.o(i.ATIM_OC1BInit), (80 bytes).
    Removing cw32f030_atim.o(i.ATIM_OC2AInit), (96 bytes).
    Removing cw32f030_atim.o(i.ATIM_OC2BInit), (84 bytes).
    Removing cw32f030_atim.o(i.ATIM_OC3AInit), (96 bytes).
    Removing cw32f030_atim.o(i.ATIM_OC3BInit), (84 bytes).
    Removing cw32f030_atim.o(i.ATIM_OC4Init), (60 bytes).
    Removing cw32f030_atim.o(i.ATIM_PWMOutputConfig), (52 bytes).
    Removing cw32f030_atim.o(i.ATIM_SetCompare1A), (12 bytes).
    Removing cw32f030_atim.o(i.ATIM_SetCompare1B), (12 bytes).
    Removing cw32f030_atim.o(i.ATIM_SetCompare2A), (12 bytes).
    Removing cw32f030_atim.o(i.ATIM_SetCompare2B), (12 bytes).
    Removing cw32f030_atim.o(i.ATIM_SetCompare3A), (12 bytes).
    Removing cw32f030_atim.o(i.ATIM_SetCompare3B), (12 bytes).
    Removing cw32f030_atim.o(i.ATIM_SetCompare4), (12 bytes).
    Removing cw32f030_atim.o(i.ATIM_SetReloadValue), (12 bytes).
    Removing cw32f030_atim.o(i.ATIM_SlaverModeConfig), (24 bytes).
    Removing cw32f030_atim.o(i.ATIM_TriggerSelect), (24 bytes).
    Removing cw32f030_atim.o(i.ATIM_UpdateEventSelect), (24 bytes).
    Removing cw32f030_awt.o(.rev16_text), (4 bytes).
    Removing cw32f030_awt.o(.revsh_text), (4 bytes).
    Removing cw32f030_awt.o(i.AWT_ClearITPendingBit), (16 bytes).
    Removing cw32f030_awt.o(i.AWT_ClkSourceConfig), (20 bytes).
    Removing cw32f030_awt.o(i.AWT_Cmd), (28 bytes).
    Removing cw32f030_awt.o(i.AWT_DeInit), (24 bytes).
    Removing cw32f030_awt.o(i.AWT_GetAutoreload), (12 bytes).
    Removing cw32f030_awt.o(i.AWT_GetClkSource), (16 bytes).
    Removing cw32f030_awt.o(i.AWT_GetCounter), (12 bytes).
    Removing cw32f030_awt.o(i.AWT_GetITStatus), (20 bytes).
    Removing cw32f030_awt.o(i.AWT_GetPrescaler), (16 bytes).
    Removing cw32f030_awt.o(i.AWT_ITConfig), (24 bytes).
    Removing cw32f030_awt.o(i.AWT_PrescalerConfig), (20 bytes).
    Removing cw32f030_awt.o(i.AWT_TimeCntInit), (40 bytes).
    Removing cw32f030_awt.o(i.AWT_TimeCntStructInit), (24 bytes).
    Removing cw32f030_btim.o(.rev16_text), (4 bytes).
    Removing cw32f030_btim.o(.revsh_text), (4 bytes).
    Removing cw32f030_btim.o(i.BTIM_DMACmd), (16 bytes).
    Removing cw32f030_btim.o(i.BTIM_DeInit), (24 bytes).
    Removing cw32f030_btim.o(i.BTIM_ETRConfig), (24 bytes).
    Removing cw32f030_btim.o(i.BTIM_GetAutoreload), (6 bytes).
    Removing cw32f030_btim.o(i.BTIM_GetCounter), (6 bytes).
    Removing cw32f030_btim.o(i.BTIM_GetPrescaler), (8 bytes).
    Removing cw32f030_btim.o(i.BTIM_ModeConfig), (12 bytes).
    Removing cw32f030_btim.o(i.BTIM_OutputToggleCmd), (18 bytes).
    Removing cw32f030_btim.o(i.BTIM_PrescalerConfig), (32 bytes).
    Removing cw32f030_btim.o(i.BTIM_SelectETRInputPolarity), (12 bytes).
    Removing cw32f030_btim.o(i.BTIM_SelectInputTrigger), (12 bytes).
    Removing cw32f030_btim.o(i.BTIM_SelectOnePulseMode), (12 bytes).
    Removing cw32f030_btim.o(i.BTIM_SetAutoreload), (4 bytes).
    Removing cw32f030_btim.o(i.BTIM_SetCounter), (4 bytes).
    Removing cw32f030_btim.o(i.BTIM_TimeBaseStructInit), (12 bytes).
    Removing cw32f030_crc.o(.rev16_text), (4 bytes).
    Removing cw32f030_crc.o(.revsh_text), (4 bytes).
    Removing cw32f030_crc.o(i.CRC16_Calc_16bit), (28 bytes).
    Removing cw32f030_crc.o(i.CRC16_Calc_32bit), (28 bytes).
    Removing cw32f030_crc.o(i.CRC16_Calc_8bit), (28 bytes).
    Removing cw32f030_crc.o(i.CRC32_Calc_16bit), (28 bytes).
    Removing cw32f030_crc.o(i.CRC32_Calc_32bit), (28 bytes).
    Removing cw32f030_crc.o(i.CRC32_Calc_8bit), (28 bytes).
    Removing cw32f030_debug.o(.rev16_text), (4 bytes).
    Removing cw32f030_debug.o(.revsh_text), (4 bytes).
    Removing cw32f030_debug.o(i.DBGMCU_Config), (24 bytes).
    Removing cw32f030_digitalsign.o(.rev16_text), (4 bytes).
    Removing cw32f030_digitalsign.o(.revsh_text), (4 bytes).
    Removing cw32f030_digitalsign.o(i.DIGITALSIGN_GetChipType), (22 bytes).
    Removing cw32f030_digitalsign.o(i.DIGITALSIGN_GetChipUid), (24 bytes).
    Removing cw32f030_digitalsign.o(i.DIGITALSIGN_GetFlashSize), (8 bytes).
    Removing cw32f030_digitalsign.o(i.DIGITALSIGN_GetPinCount), (12 bytes).
    Removing cw32f030_digitalsign.o(i.DIGITALSIGN_GetRamSize), (8 bytes).
    Removing cw32f030_dma.o(.rev16_text), (4 bytes).
    Removing cw32f030_dma.o(.revsh_text), (4 bytes).
    Removing cw32f030_dma.o(i.DMA_ClearITPendingBit), (16 bytes).
    Removing cw32f030_dma.o(i.DMA_Cmd), (20 bytes).
    Removing cw32f030_dma.o(i.DMA_DeInit), (26 bytes).
    Removing cw32f030_dma.o(i.DMA_GetFlagStatus), (8 bytes).
    Removing cw32f030_dma.o(i.DMA_GetITStatus), (20 bytes).
    Removing cw32f030_dma.o(i.DMA_ITConfig), (16 bytes).
    Removing cw32f030_dma.o(i.DMA_Init), (60 bytes).
    Removing cw32f030_dma.o(i.DMA_SWTrigCmd), (10 bytes).
    Removing cw32f030_dma.o(i.DMA_StructInit), (24 bytes).
    Removing cw32f030_flash.o(.rev16_text), (4 bytes).
    Removing cw32f030_flash.o(.revsh_text), (4 bytes).
    Removing cw32f030_flash.o(i.FLASH_CacheCmd), (20 bytes).
    Removing cw32f030_flash.o(i.FLASH_ClearITPendingBit), (16 bytes).
    Removing cw32f030_flash.o(i.FLASH_ErasePage), (80 bytes).
    Removing cw32f030_flash.o(i.FLASH_GetCacheStatus), (16 bytes).
    Removing cw32f030_flash.o(i.FLASH_GetITStatus), (20 bytes).
    Removing cw32f030_flash.o(i.FLASH_GetPrefetchStatus), (16 bytes).
    Removing cw32f030_flash.o(i.FLASH_GetReadOutLevel), (16 bytes).
    Removing cw32f030_flash.o(i.FLASH_GetStatus), (48 bytes).
    Removing cw32f030_flash.o(i.FLASH_ITConfig), (24 bytes).
    Removing cw32f030_flash.o(i.FLASH_LockPage), (32 bytes).
    Removing cw32f030_flash.o(i.FLASH_LockPages), (64 bytes).
    Removing cw32f030_flash.o(i.FLASH_PrefetchCmd), (20 bytes).
    Removing cw32f030_flash.o(i.FLASH_SetReadOutLevel), (48 bytes).
    Removing cw32f030_flash.o(i.FLASH_UnlockAllPages), (16 bytes).
    Removing cw32f030_flash.o(i.FLASH_UnlockPage), (32 bytes).
    Removing cw32f030_flash.o(i.FLASH_WirteBytes), (104 bytes).
    Removing cw32f030_gpio.o(.rev16_text), (4 bytes).
    Removing cw32f030_gpio.o(.revsh_text), (4 bytes).
    Removing cw32f030_gpio.o(i.GPIO_ConfigFilter), (6 bytes).
    Removing cw32f030_gpio.o(i.GPIO_DeInit), (56 bytes).
    Removing cw32f030_gpio.o(i.GPIO_GPIO2SWD), (24 bytes).
    Removing cw32f030_gpio.o(i.GPIO_HighByte_Write), (6 bytes).
    Removing cw32f030_gpio.o(i.GPIO_LockPin), (8 bytes).
    Removing cw32f030_gpio.o(i.GPIO_LowByte_Write), (6 bytes).
    Removing cw32f030_gpio.o(i.GPIO_SWD2GPIO), (20 bytes).
    Removing cw32f030_gpio.o(i.GPIO_TogglePin), (4 bytes).
    Removing cw32f030_gtim.o(.rev16_text), (4 bytes).
    Removing cw32f030_gtim.o(.revsh_text), (4 bytes).
    Removing cw32f030_gtim.o(i.GTIM1_DeInit), (24 bytes).
    Removing cw32f030_gtim.o(i.GTIM1_ITRConfig), (36 bytes).
    Removing cw32f030_gtim.o(i.GTIM2_DeInit), (24 bytes).
    Removing cw32f030_gtim.o(i.GTIM2_ITRConfig), (40 bytes).
    Removing cw32f030_gtim.o(i.GTIM3_DeInit), (24 bytes).
    Removing cw32f030_gtim.o(i.GTIM3_ITRConfig), (40 bytes).
    Removing cw32f030_gtim.o(i.GTIM4_DeInit), (24 bytes).
    Removing cw32f030_gtim.o(i.GTIM4_ITRConfig), (40 bytes).
    Removing cw32f030_gtim.o(i.GTIM_ClearITPendingBit), (12 bytes).
    Removing cw32f030_gtim.o(i.GTIM_Cmd), (22 bytes).
    Removing cw32f030_gtim.o(i.GTIM_DMAConfig), (22 bytes).
    Removing cw32f030_gtim.o(i.GTIM_ETRConfig), (30 bytes).
    Removing cw32f030_gtim.o(i.GTIM_EncodeInit), (72 bytes).
    Removing cw32f030_gtim.o(i.GTIM_GetCapture1), (10 bytes).
    Removing cw32f030_gtim.o(i.GTIM_GetCapture2), (10 bytes).
    Removing cw32f030_gtim.o(i.GTIM_GetCapture3), (10 bytes).
    Removing cw32f030_gtim.o(i.GTIM_GetCapture4), (10 bytes).
    Removing cw32f030_gtim.o(i.GTIM_GetITStatus), (16 bytes).
    Removing cw32f030_gtim.o(i.GTIM_ICChannelConfig), (28 bytes).
    Removing cw32f030_gtim.o(i.GTIM_ICInit), (52 bytes).
    Removing cw32f030_gtim.o(i.GTIM_ITConfig), (22 bytes).
    Removing cw32f030_gtim.o(i.GTIM_OCInit), (24 bytes).
    Removing cw32f030_gtim.o(i.GTIM_SetCompare1), (12 bytes).
    Removing cw32f030_gtim.o(i.GTIM_SetCompare2), (12 bytes).
    Removing cw32f030_gtim.o(i.GTIM_SetCompare3), (12 bytes).
    Removing cw32f030_gtim.o(i.GTIM_SetCompare4), (12 bytes).
    Removing cw32f030_gtim.o(i.GTIM_SetCounterValue), (10 bytes).
    Removing cw32f030_gtim.o(i.GTIM_SetPrescaler), (20 bytes).
    Removing cw32f030_gtim.o(i.GTIM_SetReloadValue), (10 bytes).
    Removing cw32f030_gtim.o(i.GTIM_TimeBaseInit), (48 bytes).
    Removing cw32f030_i2c.o(.rev16_text), (4 bytes).
    Removing cw32f030_i2c.o(.revsh_text), (4 bytes).
    Removing cw32f030_i2c.o(i.I2C1_DeInit), (32 bytes).
    Removing cw32f030_i2c.o(i.I2C1_SoftwareResetCmd), (24 bytes).
    Removing cw32f030_i2c.o(i.I2C2_DeInit), (32 bytes).
    Removing cw32f030_i2c.o(i.I2C2_SoftwareResetCmd), (24 bytes).
    Removing cw32f030_i2c.o(i.I2C_AcknowledgeConfig), (18 bytes).
    Removing cw32f030_i2c.o(i.I2C_BaudGeneratorEnable), (20 bytes).
    Removing cw32f030_i2c.o(i.I2C_ClearIrq), (10 bytes).
    Removing cw32f030_i2c.o(i.I2C_Cmd), (18 bytes).
    Removing cw32f030_i2c.o(i.I2C_FilterConfig), (20 bytes).
    Removing cw32f030_i2c.o(i.I2C_GcConfig), (20 bytes).
    Removing cw32f030_i2c.o(i.I2C_GenerateSTART), (36 bytes).
    Removing cw32f030_i2c.o(i.I2C_GenerateSTOP), (18 bytes).
    Removing cw32f030_i2c.o(i.I2C_GetIrq), (8 bytes).
    Removing cw32f030_i2c.o(i.I2C_GetState), (6 bytes).
    Removing cw32f030_i2c.o(i.I2C_MasterReadEepomData), (176 bytes).
    Removing cw32f030_i2c.o(i.I2C_MasterRecDataFromSlave), (160 bytes).
    Removing cw32f030_i2c.o(i.I2C_MasterSendDataToSlave), (136 bytes).
    Removing cw32f030_i2c.o(i.I2C_MasterWriteEepromData), (140 bytes).
    Removing cw32f030_i2c.o(i.I2C_Master_Init), (50 bytes).
    Removing cw32f030_i2c.o(i.I2C_ReceiveData), (6 bytes).
    Removing cw32f030_i2c.o(i.I2C_Send7bitAddress), (18 bytes).
    Removing cw32f030_i2c.o(i.I2C_SendData), (4 bytes).
    Removing cw32f030_i2c.o(i.I2C_SetBaud), (4 bytes).
    Removing cw32f030_i2c.o(i.I2C_SetOwnSlaveAddress0), (16 bytes).
    Removing cw32f030_i2c.o(i.I2C_SetOwnSlaveAddress1), (16 bytes).
    Removing cw32f030_i2c.o(i.I2C_SetOwnSlaveAddress2), (16 bytes).
    Removing cw32f030_i2c.o(i.I2C_SlaveRecDataFromMaster), (70 bytes).
    Removing cw32f030_i2c.o(i.I2C_SlaveSendDataToMaster), (56 bytes).
    Removing cw32f030_i2c.o(i.I2C_Slave_Init), (54 bytes).
    Removing cw32f030_iwdt.o(.rev16_text), (4 bytes).
    Removing cw32f030_iwdt.o(.revsh_text), (4 bytes).
    Removing cw32f030_iwdt.o(i.IWDT_DeInit), (24 bytes).
    Removing cw32f030_iwdt.o(i.IWDT_GetCounterValue), (16 bytes).
    Removing cw32f030_iwdt.o(i.IWDT_GetFlagStatus), (16 bytes).
    Removing cw32f030_iwdt.o(i.IWDT_ITConfig), (48 bytes).
    Removing cw32f030_iwdt.o(i.IWDT_Init), (72 bytes).
    Removing cw32f030_iwdt.o(i.IWDT_SetPrescaler), (44 bytes).
    Removing cw32f030_iwdt.o(i.IWDT_SetReloadValue), (32 bytes).
    Removing cw32f030_iwdt.o(i.IWDT_SetWindowValue), (32 bytes).
    Removing cw32f030_lvd.o(.rev16_text), (4 bytes).
    Removing cw32f030_lvd.o(.revsh_text), (4 bytes).
    Removing cw32f030_lvd.o(i.LVD_ClearIrq), (16 bytes).
    Removing cw32f030_lvd.o(i.LVD_DeInit), (12 bytes).
    Removing cw32f030_lvd.o(i.LVD_Disable), (16 bytes).
    Removing cw32f030_lvd.o(i.LVD_DisableIrq), (32 bytes).
    Removing cw32f030_lvd.o(i.LVD_DisableNvic), (28 bytes).
    Removing cw32f030_lvd.o(i.LVD_Enable), (16 bytes).
    Removing cw32f030_lvd.o(i.LVD_EnableIrq), (24 bytes).
    Removing cw32f030_lvd.o(i.LVD_EnableNvic), (48 bytes).
    Removing cw32f030_lvd.o(i.LVD_GetFilterResult), (16 bytes).
    Removing cw32f030_lvd.o(i.LVD_GetFlagStatus), (20 bytes).
    Removing cw32f030_lvd.o(i.LVD_GetIrqStatus), (16 bytes).
    Removing cw32f030_lvd.o(i.LVD_Init), (60 bytes).
    Removing cw32f030_lvd.o(i.LVD_TrigConfig), (24 bytes).
    Removing cw32f030_lvd.o(i.__NVIC_ClearPendingIRQ), (24 bytes).
    Removing cw32f030_pwr.o(.rev16_text), (4 bytes).
    Removing cw32f030_pwr.o(.revsh_text), (4 bytes).
    Removing cw32f030_pwr.o(i.PWR_Config), (28 bytes).
    Removing cw32f030_pwr.o(i.PWR_GotoLpmMode), (4 bytes).
    Removing cw32f030_ram.o(.rev16_text), (4 bytes).
    Removing cw32f030_ram.o(.revsh_text), (4 bytes).
    Removing cw32f030_ram.o(i.RAM_ClearITPendingBit), (16 bytes).
    Removing cw32f030_ram.o(i.RAM_GetErrorAddress), (12 bytes).
    Removing cw32f030_ram.o(i.RAM_GetITStatus), (20 bytes).
    Removing cw32f030_ram.o(i.RAM_ITConfig), (24 bytes).
    Removing cw32f030_rcc.o(.rev16_text), (4 bytes).
    Removing cw32f030_rcc.o(.revsh_text), (4 bytes).
    Removing cw32f030_rcc.o(i.RCC_AHBPeriphClk_Enable), (24 bytes).
    Removing cw32f030_rcc.o(i.RCC_AHBPeriphReset), (24 bytes).
    Removing cw32f030_rcc.o(i.RCC_APBPeriphClk_Enable1), (24 bytes).
    Removing cw32f030_rcc.o(i.RCC_APBPeriphClk_Enable2), (24 bytes).
    Removing cw32f030_rcc.o(i.RCC_APBPeriphReset1), (24 bytes).
    Removing cw32f030_rcc.o(i.RCC_APBPeriphReset2), (24 bytes).
    Removing cw32f030_rcc.o(i.RCC_ATIMITRSelect), (24 bytes).
    Removing cw32f030_rcc.o(i.RCC_BTIM1ITRSelect), (24 bytes).
    Removing cw32f030_rcc.o(i.RCC_BTIM2ITRSelect), (24 bytes).
    Removing cw32f030_rcc.o(i.RCC_BTIM3ITRSelect), (24 bytes).
    Removing cw32f030_rcc.o(i.RCC_CCS_Config), (36 bytes).
    Removing cw32f030_rcc.o(i.RCC_ClearITPendingBit), (16 bytes).
    Removing cw32f030_rcc.o(i.RCC_ClearRstFlag), (16 bytes).
    Removing cw32f030_rcc.o(i.RCC_DeInit), (92 bytes).
    Removing cw32f030_rcc.o(i.RCC_GTIM1ITRSelect), (24 bytes).
    Removing cw32f030_rcc.o(i.RCC_GTIM2ITRSelect), (24 bytes).
    Removing cw32f030_rcc.o(i.RCC_GTIM3ITRSelect), (24 bytes).
    Removing cw32f030_rcc.o(i.RCC_GTIM4ITRSelect), (24 bytes).
    Removing cw32f030_rcc.o(i.RCC_GetAllRstFlag), (12 bytes).
    Removing cw32f030_rcc.o(i.RCC_GetAllStableFlag), (12 bytes).
    Removing cw32f030_rcc.o(i.RCC_GetITStatus), (20 bytes).
    Removing cw32f030_rcc.o(i.RCC_GetRstFlag), (20 bytes).
    Removing cw32f030_rcc.o(i.RCC_GetStableFlag), (20 bytes).
    Removing cw32f030_rcc.o(i.RCC_HCLK_OUT), (48 bytes).
    Removing cw32f030_rcc.o(i.RCC_HSE_Disable), (28 bytes).
    Removing cw32f030_rcc.o(i.RCC_HSE_Enable), (156 bytes).
    Removing cw32f030_rcc.o(i.RCC_HSE_OUT), (52 bytes).
    Removing cw32f030_rcc.o(i.RCC_HSI_Disable), (28 bytes).
    Removing cw32f030_rcc.o(i.RCC_HSI_OUT), (48 bytes).
    Removing cw32f030_rcc.o(i.RCC_ITConfig), (36 bytes).
    Removing cw32f030_rcc.o(i.RCC_LOCKUP_Config), (32 bytes).
    Removing cw32f030_rcc.o(i.RCC_LSELOCK_Config), (24 bytes).
    Removing cw32f030_rcc.o(i.RCC_LSE_Disable), (28 bytes).
    Removing cw32f030_rcc.o(i.RCC_LSE_Enable), (96 bytes).
    Removing cw32f030_rcc.o(i.RCC_LSE_OUT), (56 bytes).
    Removing cw32f030_rcc.o(i.RCC_LSI_Disable), (28 bytes).
    Removing cw32f030_rcc.o(i.RCC_LSI_Enable), (44 bytes).
    Removing cw32f030_rcc.o(i.RCC_LSI_OUT), (56 bytes).
    Removing cw32f030_rcc.o(i.RCC_MCO_OUT), (56 bytes).
    Removing cw32f030_rcc.o(i.RCC_PCLK_OUT), (52 bytes).
    Removing cw32f030_rcc.o(i.RCC_PLL_Disable), (28 bytes).
    Removing cw32f030_rcc.o(i.RCC_PLL_OUT), (52 bytes).
    Removing cw32f030_rcc.o(i.RCC_SWDIO_Config), (32 bytes).
    Removing cw32f030_rcc.o(i.RCC_SYSCLKSRC_Config), (44 bytes).
    Removing cw32f030_rcc.o(i.RCC_Sysctrl_GetPClkFreq), (24 bytes).
    Removing cw32f030_rcc.o(i.RCC_WAKEUPCLK_Config), (32 bytes).
    Removing cw32f030_rtc.o(.rev16_text), (4 bytes).
    Removing cw32f030_rtc.o(.revsh_text), (4 bytes).
    Removing cw32f030_rtc.o(i.RTC_AWTCmd), (92 bytes).
    Removing cw32f030_rtc.o(i.RTC_AWTConfig), (96 bytes).
    Removing cw32f030_rtc.o(i.RTC_AlarmCmd), (112 bytes).
    Removing cw32f030_rtc.o(i.RTC_BCDToBin), (16 bytes).
    Removing cw32f030_rtc.o(i.RTC_BinToBCD), (22 bytes).
    Removing cw32f030_rtc.o(i.RTC_CalibrationCmd), (92 bytes).
    Removing cw32f030_rtc.o(i.RTC_CalibrationConfig), (100 bytes).
    Removing cw32f030_rtc.o(i.RTC_ClearITPendingBit), (52 bytes).
    Removing cw32f030_rtc.o(i.RTC_Cmd), (64 bytes).
    Removing cw32f030_rtc.o(i.RTC_DeInit), (104 bytes).
    Removing cw32f030_rtc.o(i.RTC_GetAlarm), (88 bytes).
    Removing cw32f030_rtc.o(i.RTC_GetDate), (32 bytes).
    Removing cw32f030_rtc.o(i.RTC_GetITState), (28 bytes).
    Removing cw32f030_rtc.o(i.RTC_GetTamperDate), (36 bytes).
    Removing cw32f030_rtc.o(i.RTC_GetTamperTime), (44 bytes).
    Removing cw32f030_rtc.o(i.RTC_GetTime), (60 bytes).
    Removing cw32f030_rtc.o(i.RTC_ITConfig), (64 bytes).
    Removing cw32f030_rtc.o(i.RTC_Init), (132 bytes).
    Removing cw32f030_rtc.o(i.RTC_OutputConfig), (92 bytes).
    Removing cw32f030_rtc.o(i.RTC_SetAlarm), (104 bytes).
    Removing cw32f030_rtc.o(i.RTC_SetClockSource), (52 bytes).
    Removing cw32f030_rtc.o(i.RTC_SetDate), (72 bytes).
    Removing cw32f030_rtc.o(i.RTC_SetInterval), (92 bytes).
    Removing cw32f030_rtc.o(i.RTC_SetTime), (116 bytes).
    Removing cw32f030_rtc.o(i.RTC_TamperCmd), (92 bytes).
    Removing cw32f030_rtc.o(i.RTC_TamperTriggerConfig), (92 bytes).
    Removing cw32f030_spi.o(.rev16_text), (4 bytes).
    Removing cw32f030_spi.o(.revsh_text), (4 bytes).
    Removing cw32f030_spi.o(i.SPI1_DeInit), (24 bytes).
    Removing cw32f030_spi.o(i.SPI2_DeInit), (24 bytes).
    Removing cw32f030_spi.o(i.SPI_BiDirectionalLineConfig), (4 bytes).
    Removing cw32f030_spi.o(i.SPI_ClearFlag), (8 bytes).
    Removing cw32f030_spi.o(i.SPI_ClearITPendingBit), (8 bytes).
    Removing cw32f030_spi.o(i.SPI_Cmd), (16 bytes).
    Removing cw32f030_spi.o(i.SPI_DMACmd), (16 bytes).
    Removing cw32f030_spi.o(i.SPI_DataSizeConfig), (14 bytes).
    Removing cw32f030_spi.o(i.SPI_FlushSendBuff), (10 bytes).
    Removing cw32f030_spi.o(i.SPI_GetFlagStatus), (10 bytes).
    Removing cw32f030_spi.o(i.SPI_GetITStatus), (10 bytes).
    Removing cw32f030_spi.o(i.SPI_ITConfig), (16 bytes).
    Removing cw32f030_spi.o(i.SPI_Init), (52 bytes).
    Removing cw32f030_spi.o(i.SPI_MISOOutputConfig), (18 bytes).
    Removing cw32f030_spi.o(i.SPI_NSSInternalSoftwareConfig), (4 bytes).
    Removing cw32f030_spi.o(i.SPI_ReceiveData), (6 bytes).
    Removing cw32f030_spi.o(i.SPI_SendData), (4 bytes).
    Removing cw32f030_spi.o(i.SPI_StructInit), (26 bytes).
    Removing cw32f030_systick.o(.rev16_text), (4 bytes).
    Removing cw32f030_systick.o(.revsh_text), (4 bytes).
    Removing cw32f030_systick.o(i.GetTick), (12 bytes).
    Removing cw32f030_systick.o(i.InitTick), (88 bytes).
    Removing cw32f030_systick.o(i.ResumeTick), (16 bytes).
    Removing cw32f030_systick.o(i.SuspendTick), (16 bytes).
    Removing cw32f030_systick.o(i.SysTickDelay), (36 bytes).
    Removing cw32f030_systick.o(i.__NVIC_SetPriority), (68 bytes).
    Removing cw32f030_uart.o(.rev16_text), (4 bytes).
    Removing cw32f030_uart.o(.revsh_text), (4 bytes).
    Removing cw32f030_uart.o(i.UART1_DeInit), (24 bytes).
    Removing cw32f030_uart.o(i.UART2_DeInit), (24 bytes).
    Removing cw32f030_uart.o(i.UART3_DeInit), (24 bytes).
    Removing cw32f030_uart.o(i.USART_ClearFlag), (8 bytes).
    Removing cw32f030_uart.o(i.USART_ClearITPendingBit), (8 bytes).
    Removing cw32f030_uart.o(i.USART_ClockInit), (28 bytes).
    Removing cw32f030_uart.o(i.USART_ClockStructInit), (8 bytes).
    Removing cw32f030_uart.o(i.USART_DMACmd), (20 bytes).
    Removing cw32f030_uart.o(i.USART_GetFlagStatus), (10 bytes).
    Removing cw32f030_uart.o(i.USART_GetITStatus), (10 bytes).
    Removing cw32f030_uart.o(i.USART_HalfDuplexCmd), (16 bytes).
    Removing cw32f030_uart.o(i.USART_ITConfig), (20 bytes).
    Removing cw32f030_uart.o(i.USART_Init), (228 bytes).
    Removing cw32f030_uart.o(i.USART_ReceiveData), (8 bytes).
    Removing cw32f030_uart.o(i.USART_ReceiveData_8bit), (6 bytes).
    Removing cw32f030_uart.o(i.USART_SendData), (8 bytes).
    Removing cw32f030_uart.o(i.USART_SendData_8bit), (4 bytes).
    Removing cw32f030_uart.o(i.USART_SetMultiMode), (32 bytes).
    Removing cw32f030_uart.o(i.USART_StructInit), (26 bytes).
    Removing cw32f030_uart.o(i.USART_TxRxEN), (20 bytes).
    Removing cw32f030_uart.o(i.USART_TxRxINV), (20 bytes).
    Removing cw32f030_vc.o(.rev16_text), (4 bytes).
    Removing cw32f030_vc.o(.revsh_text), (4 bytes).
    Removing cw32f030_vc.o(i.VC1VC2_BlankInit), (12 bytes).
    Removing cw32f030_vc.o(i.VC1VC2_DIVDeInit), (16 bytes).
    Removing cw32f030_vc.o(i.VC1VC2_DIVInit), (76 bytes).
    Removing cw32f030_vc.o(i.VC1VC2_INNInit), (80 bytes).
    Removing cw32f030_vc.o(i.VC1VC2_OutInit), (8 bytes).
    Removing cw32f030_vc.o(i.VC1_BlankCfg), (32 bytes).
    Removing cw32f030_vc.o(i.VC1_ChannelDeInit), (24 bytes).
    Removing cw32f030_vc.o(i.VC1_ChannelInit), (72 bytes).
    Removing cw32f030_vc.o(i.VC1_ClearIrq), (16 bytes).
    Removing cw32f030_vc.o(i.VC1_DisableChannel), (16 bytes).
    Removing cw32f030_vc.o(i.VC1_DisableFilter), (16 bytes).
    Removing cw32f030_vc.o(i.VC1_DisableIrq), (24 bytes).
    Removing cw32f030_vc.o(i.VC1_EnableChannel), (28 bytes).
    Removing cw32f030_vc.o(i.VC1_EnableFilter), (16 bytes).
    Removing cw32f030_vc.o(i.VC1_EnableIrq), (28 bytes).
    Removing cw32f030_vc.o(i.VC1_GetFlagStatus), (20 bytes).
    Removing cw32f030_vc.o(i.VC1_ITConfig), (24 bytes).
    Removing cw32f030_vc.o(i.VC1_OutputCfg), (28 bytes).
    Removing cw32f030_vc.o(i.VC1_PolarityCfg), (24 bytes).
    Removing cw32f030_vc.o(i.VC1_WindowEnable), (24 bytes).
    Removing cw32f030_vc.o(i.VC2_BlankCfg), (32 bytes).
    Removing cw32f030_vc.o(i.VC2_ChannelDeInit), (24 bytes).
    Removing cw32f030_vc.o(i.VC2_ChannelInit), (72 bytes).
    Removing cw32f030_vc.o(i.VC2_ClearIrq), (16 bytes).
    Removing cw32f030_vc.o(i.VC2_DisableChannel), (16 bytes).
    Removing cw32f030_vc.o(i.VC2_DisableFilter), (16 bytes).
    Removing cw32f030_vc.o(i.VC2_DisableIrq), (24 bytes).
    Removing cw32f030_vc.o(i.VC2_EnableChannel), (28 bytes).
    Removing cw32f030_vc.o(i.VC2_EnableFilter), (16 bytes).
    Removing cw32f030_vc.o(i.VC2_EnableIrq), (28 bytes).
    Removing cw32f030_vc.o(i.VC2_GetFlagStatus), (20 bytes).
    Removing cw32f030_vc.o(i.VC2_ITConfig), (24 bytes).
    Removing cw32f030_vc.o(i.VC2_OutputCfg), (28 bytes).
    Removing cw32f030_vc.o(i.VC2_PolarityCfg), (24 bytes).
    Removing cw32f030_vc.o(i.VC2_WindowEnable), (24 bytes).
    Removing cw32f030_vc.o(i.VC_DeInit), (32 bytes).
    Removing cw32f030_vc.o(i.VC_DisableNvic), (40 bytes).
    Removing cw32f030_vc.o(i.VC_EnableNvic), (104 bytes).
    Removing cw32f030_vc.o(i.__NVIC_ClearPendingIRQ), (24 bytes).
    Removing cw32f030_wwdt.o(.rev16_text), (4 bytes).
    Removing cw32f030_wwdt.o(.revsh_text), (4 bytes).
    Removing cw32f030_wwdt.o(i.WWDT_ClearFlag), (16 bytes).
    Removing cw32f030_wwdt.o(i.WWDT_Cmd), (16 bytes).
    Removing cw32f030_wwdt.o(i.WWDT_DeInit), (24 bytes).
    Removing cw32f030_wwdt.o(i.WWDT_EnableIT), (16 bytes).
    Removing cw32f030_wwdt.o(i.WWDT_GetCounterValue), (16 bytes).
    Removing cw32f030_wwdt.o(i.WWDT_GetFlagStatus), (12 bytes).
    Removing cw32f030_wwdt.o(i.WWDT_GetWindowValue), (16 bytes).
    Removing cw32f030_wwdt.o(i.WWDT_Init), (52 bytes).
    Removing cw32f030_wwdt.o(i.WWDT_Refresh), (24 bytes).
    Removing cw32f030_wwdt.o(i.WWDT_SetPrescaler), (20 bytes).
    Removing cw32f030_wwdt.o(i.WWDT_SetWindowValue), (24 bytes).
    Removing system_cw32f030.o(.rev16_text), (4 bytes).
    Removing system_cw32f030.o(.revsh_text), (4 bytes).
    Removing system_cw32f030.o(i.FirmwareDelay), (16 bytes).
    Removing system_cw32f030.o(i.MemClr), (18 bytes).
    Removing system_cw32f030.o(i.SystemCoreClockUpdate), (16 bytes).
    Removing system_cw32f030.o(i.delay10us), (80 bytes).
    Removing system_cw32f030.o(i.delay1ms), (76 bytes).
    Removing adc.o(.rev16_text), (4 bytes).
    Removing adc.o(.revsh_text), (4 bytes).
    Removing btim1.o(.rev16_text), (4 bytes).
    Removing btim1.o(.revsh_text), (4 bytes).
    Removing seg_dis.o(.rev16_text), (4 bytes).
    Removing seg_dis.o(.revsh_text), (4 bytes).
    Removing flash.o(.rev16_text), (4 bytes).
    Removing flash.o(.revsh_text), (4 bytes).
    Removing interrupts_cw32f030.o(.rev16_text), (4 bytes).
    Removing interrupts_cw32f030.o(.revsh_text), (4 bytes).
    Removing startup_cw32f030.o(HEAP), (512 bytes).
    Removing main.o(.rev16_text), (4 bytes).
    Removing main.o(.revsh_text), (4 bytes).
    Removing main.o(i.RCC1_Configuration), (44 bytes).
    Removing main.o(.data), (4 bytes).
    Removing main.o(.data), (4 bytes).
    Removing fscalb.o(.text), (24 bytes).
    Removing dadd.o(.text), (360 bytes).
    Removing fflti.o(.text), (22 bytes).
    Removing dfixui.o(.text), (60 bytes).
    Removing f2d.o(.text), (40 bytes).
    Removing depilogue.o(.text), (190 bytes).
    Removing cw32f030_iwdt.o(i.IWDT_Cmd), (16 bytes).
    Removing cw32f030_iwdt.o(i.IWDT_Refresh), (16 bytes).
    Removing cw32f030_iwdt.o(i.IWDT_Unlock), (16 bytes).
    Removing cw32f030_iwdt.o(i.IWDT_Lock), (16 bytes).
    Removing cw32f030_iwdt.o(i.IWDT_Stop), (24 bytes).
    Removing cw32f030_iwdt.o(i.IWDT_ClearOVFlag), (16 bytes).
    Removing depilogue.o(i.__ARM_clz), (46 bytes).

492 unused section(s) (total 14870 bytes) removed from the image.

==============================================================================

Image Symbol Table

    Local Symbols

    Symbol Name                              Value     Ov Type        Size  Object(Section)

    RESET                                    0x00000000   Section      192  startup_cw32f030.o(RESET)
    ../clib/microlib/division.c              0x00000000   Number         0  uidiv.o ABSOLUTE
    ../clib/microlib/division.c              0x00000000   Number         0  ldiv.o ABSOLUTE
    ../clib/microlib/division.c              0x00000000   Number         0  uldiv.o ABSOLUTE
    ../clib/microlib/init/entry.s            0x00000000   Number         0  entry10a.o ABSOLUTE
    ../clib/microlib/init/entry.s            0x00000000   Number         0  entry10b.o ABSOLUTE
    ../clib/microlib/init/entry.s            0x00000000   Number         0  entry.o ABSOLUTE
    ../clib/microlib/init/entry.s            0x00000000   Number         0  entry2.o ABSOLUTE
    ../clib/microlib/init/entry.s            0x00000000   Number         0  entry8a.o ABSOLUTE
    ../clib/microlib/init/entry.s            0x00000000   Number         0  entry5.o ABSOLUTE
    ../clib/microlib/init/entry.s            0x00000000   Number         0  entry11a.o ABSOLUTE
    ../clib/microlib/init/entry.s            0x00000000   Number         0  entry7b.o ABSOLUTE
    ../clib/microlib/init/entry.s            0x00000000   Number         0  entry11b.o ABSOLUTE
    ../clib/microlib/init/entry.s            0x00000000   Number         0  entry7a.o ABSOLUTE
    ../clib/microlib/init/entry.s            0x00000000   Number         0  entry12b.o ABSOLUTE
    ../clib/microlib/init/entry.s            0x00000000   Number         0  entry12a.o ABSOLUTE
    ../clib/microlib/init/entry.s            0x00000000   Number         0  entry8b.o ABSOLUTE
    ../clib/microlib/init/entry.s            0x00000000   Number         0  entry9a.o ABSOLUTE
    ../clib/microlib/init/entry.s            0x00000000   Number         0  entry9b.o ABSOLUTE
    ../clib/microlib/longlong.c              0x00000000   Number         0  llsshr.o ABSOLUTE
    ../clib/microlib/longlong.c              0x00000000   Number         0  llushr.o ABSOLUTE
    ../clib/microlib/longlong.c              0x00000000   Number         0  llshl.o ABSOLUTE
    ../clib/microlib/string/memcpy.c         0x00000000   Number         0  memcpyb.o ABSOLUTE
    ../clib/microlib/string/memcpy.c         0x00000000   Number         0  memcpya.o ABSOLUTE
    ../clib/microlib/stubs.s                 0x00000000   Number         0  iusefp.o ABSOLUTE
    ../fplib/microlib/f2d.c                  0x00000000   Number         0  f2d.o ABSOLUTE
    ../fplib/microlib/fpadd.c                0x00000000   Number         0  dadd.o ABSOLUTE
    ../fplib/microlib/fpadd.c                0x00000000   Number         0  fadd.o ABSOLUTE
    ../fplib/microlib/fpdiv.c                0x00000000   Number         0  fdiv.o ABSOLUTE
    ../fplib/microlib/fpepilogue.c           0x00000000   Number         0  fepilogue.o ABSOLUTE
    ../fplib/microlib/fpepilogue.c           0x00000000   Number         0  depilogue.o ABSOLUTE
    ../fplib/microlib/fpfix.c                0x00000000   Number         0  ffixui.o ABSOLUTE
    ../fplib/microlib/fpfix.c                0x00000000   Number         0  dfixui.o ABSOLUTE
    ../fplib/microlib/fpflt.c                0x00000000   Number         0  fflti.o ABSOLUTE
    ../fplib/microlib/fpflt.c                0x00000000   Number         0  ffltui.o ABSOLUTE
    ../fplib/microlib/fpmul.c                0x00000000   Number         0  fmul.o ABSOLUTE
    ../fplib/microlib/fpscalb.c              0x00000000   Number         0  fscalb.o ABSOLUTE
    ..\Libraries\src\cw32f030_adc.c          0x00000000   Number         0  cw32f030_adc.o ABSOLUTE
    ..\Libraries\src\cw32f030_atim.c         0x00000000   Number         0  cw32f030_atim.o ABSOLUTE
    ..\Libraries\src\cw32f030_awt.c          0x00000000   Number         0  cw32f030_awt.o ABSOLUTE
    ..\Libraries\src\cw32f030_btim.c         0x00000000   Number         0  cw32f030_btim.o ABSOLUTE
    ..\Libraries\src\cw32f030_crc.c          0x00000000   Number         0  cw32f030_crc.o ABSOLUTE
    ..\Libraries\src\cw32f030_debug.c        0x00000000   Number         0  cw32f030_debug.o ABSOLUTE
    ..\Libraries\src\cw32f030_digitalsign.c  0x00000000   Number         0  cw32f030_digitalsign.o ABSOLUTE
    ..\Libraries\src\cw32f030_dma.c          0x00000000   Number         0  cw32f030_dma.o ABSOLUTE
    ..\Libraries\src\cw32f030_flash.c        0x00000000   Number         0  cw32f030_flash.o ABSOLUTE
    ..\Libraries\src\cw32f030_gpio.c         0x00000000   Number         0  cw32f030_gpio.o ABSOLUTE
    ..\Libraries\src\cw32f030_gtim.c         0x00000000   Number         0  cw32f030_gtim.o ABSOLUTE
    ..\Libraries\src\cw32f030_i2c.c          0x00000000   Number         0  cw32f030_i2c.o ABSOLUTE
    ..\Libraries\src\cw32f030_iwdt.c         0x00000000   Number         0  cw32f030_iwdt.o ABSOLUTE
    ..\Libraries\src\cw32f030_lvd.c          0x00000000   Number         0  cw32f030_lvd.o ABSOLUTE
    ..\Libraries\src\cw32f030_pwr.c          0x00000000   Number         0  cw32f030_pwr.o ABSOLUTE
    ..\Libraries\src\cw32f030_ram.c          0x00000000   Number         0  cw32f030_ram.o ABSOLUTE
    ..\Libraries\src\cw32f030_rcc.c          0x00000000   Number         0  cw32f030_rcc.o ABSOLUTE
    ..\Libraries\src\cw32f030_rtc.c          0x00000000   Number         0  cw32f030_rtc.o ABSOLUTE
    ..\Libraries\src\cw32f030_spi.c          0x00000000   Number         0  cw32f030_spi.o ABSOLUTE
    ..\Libraries\src\cw32f030_systick.c      0x00000000   Number         0  cw32f030_systick.o ABSOLUTE
    ..\Libraries\src\cw32f030_uart.c         0x00000000   Number         0  cw32f030_uart.o ABSOLUTE
    ..\Libraries\src\cw32f030_vc.c           0x00000000   Number         0  cw32f030_vc.o ABSOLUTE
    ..\Libraries\src\cw32f030_wwdt.c         0x00000000   Number         0  cw32f030_wwdt.o ABSOLUTE
    ..\Libraries\src\system_cw32f030.c       0x00000000   Number         0  system_cw32f030.o ABSOLUTE
    ..\\Libraries\\src\\cw32f030_adc.c       0x00000000   Number         0  cw32f030_adc.o ABSOLUTE
    ..\\Libraries\\src\\cw32f030_atim.c      0x00000000   Number         0  cw32f030_atim.o ABSOLUTE
    ..\\Libraries\\src\\cw32f030_awt.c       0x00000000   Number         0  cw32f030_awt.o ABSOLUTE
    ..\\Libraries\\src\\cw32f030_btim.c      0x00000000   Number         0  cw32f030_btim.o ABSOLUTE
    ..\\Libraries\\src\\cw32f030_crc.c       0x00000000   Number         0  cw32f030_crc.o ABSOLUTE
    ..\\Libraries\\src\\cw32f030_debug.c     0x00000000   Number         0  cw32f030_debug.o ABSOLUTE
    ..\\Libraries\\src\\cw32f030_digitalsign.c 0x00000000   Number         0  cw32f030_digitalsign.o ABSOLUTE
    ..\\Libraries\\src\\cw32f030_dma.c       0x00000000   Number         0  cw32f030_dma.o ABSOLUTE
    ..\\Libraries\\src\\cw32f030_flash.c     0x00000000   Number         0  cw32f030_flash.o ABSOLUTE
    ..\\Libraries\\src\\cw32f030_gpio.c      0x00000000   Number         0  cw32f030_gpio.o ABSOLUTE
    ..\\Libraries\\src\\cw32f030_gtim.c      0x00000000   Number         0  cw32f030_gtim.o ABSOLUTE
    ..\\Libraries\\src\\cw32f030_i2c.c       0x00000000   Number         0  cw32f030_i2c.o ABSOLUTE
    ..\\Libraries\\src\\cw32f030_iwdt.c      0x00000000   Number         0  cw32f030_iwdt.o ABSOLUTE
    ..\\Libraries\\src\\cw32f030_lvd.c       0x00000000   Number         0  cw32f030_lvd.o ABSOLUTE
    ..\\Libraries\\src\\cw32f030_pwr.c       0x00000000   Number         0  cw32f030_pwr.o ABSOLUTE
    ..\\Libraries\\src\\cw32f030_ram.c       0x00000000   Number         0  cw32f030_ram.o ABSOLUTE
    ..\\Libraries\\src\\cw32f030_rcc.c       0x00000000   Number         0  cw32f030_rcc.o ABSOLUTE
    ..\\Libraries\\src\\cw32f030_rtc.c       0x00000000   Number         0  cw32f030_rtc.o ABSOLUTE
    ..\\Libraries\\src\\cw32f030_spi.c       0x00000000   Number         0  cw32f030_spi.o ABSOLUTE
    ..\\Libraries\\src\\cw32f030_systick.c   0x00000000   Number         0  cw32f030_systick.o ABSOLUTE
    ..\\Libraries\\src\\cw32f030_uart.c      0x00000000   Number         0  cw32f030_uart.o ABSOLUTE
    ..\\Libraries\\src\\cw32f030_vc.c        0x00000000   Number         0  cw32f030_vc.o ABSOLUTE
    ..\\Libraries\\src\\cw32f030_wwdt.c      0x00000000   Number         0  cw32f030_wwdt.o ABSOLUTE
    ..\\Libraries\\src\\system_cw32f030.c    0x00000000   Number         0  system_cw32f030.o ABSOLUTE
    USER\MAIN.c                              0x00000000   Number         0  main.o ABSOLUTE
    USER\\MAIN.c                             0x00000000   Number         0  main.o ABSOLUTE
    USER\\interrupts_cw32f030.c              0x00000000   Number         0  interrupts_cw32f030.o ABSOLUTE
    USER\interrupts_cw32f030.c               0x00000000   Number         0  interrupts_cw32f030.o ABSOLUTE
    USER\startup_cw32f030.s                  0x00000000   Number         0  startup_cw32f030.o ABSOLUTE
    dc.s                                     0x00000000   Number         0  dc.o ABSOLUTE
    handlers.s                               0x00000000   Number         0  handlers.o ABSOLUTE
    hardware\ADC.c                           0x00000000   Number         0  adc.o ABSOLUTE
    hardware\BTIM1.c                         0x00000000   Number         0  btim1.o ABSOLUTE
    hardware\Seg_Dis.c                       0x00000000   Number         0  seg_dis.o ABSOLUTE
    hardware\\ADC.c                          0x00000000   Number         0  adc.o ABSOLUTE
    hardware\\BTIM1.c                        0x00000000   Number         0  btim1.o ABSOLUTE
    hardware\\Seg_Dis.c                      0x00000000   Number         0  seg_dis.o ABSOLUTE
    hardware\\flash.c                        0x00000000   Number         0  flash.o ABSOLUTE
    hardware\flash.c                         0x00000000   Number         0  flash.o ABSOLUTE
    init.s                                   0x00000000   Number         0  init.o ABSOLUTE
    .ARM.Collect$$$$00000000                 0x000000c0   Section        0  entry.o(.ARM.Collect$$$$00000000)
    .ARM.Collect$$$$00000001                 0x000000c0   Section        4  entry2.o(.ARM.Collect$$$$00000001)
    .ARM.Collect$$$$00000004                 0x000000c4   Section        4  entry5.o(.ARM.Collect$$$$00000004)
    .ARM.Collect$$$$00000008                 0x000000c8   Section        0  entry7b.o(.ARM.Collect$$$$00000008)
    .ARM.Collect$$$$0000000A                 0x000000c8   Section        0  entry8b.o(.ARM.Collect$$$$0000000A)
    .ARM.Collect$$$$0000000B                 0x000000c8   Section        8  entry9a.o(.ARM.Collect$$$$0000000B)
    .ARM.Collect$$$$0000000E                 0x000000d0   Section        4  entry12b.o(.ARM.Collect$$$$0000000E)
    .ARM.Collect$$$$0000000F                 0x000000d4   Section        0  entry10a.o(.ARM.Collect$$$$0000000F)
    .ARM.Collect$$$$00000011                 0x000000d4   Section        0  entry11a.o(.ARM.Collect$$$$00000011)
    .ARM.Collect$$$$00002712                 0x000000d4   Section        4  entry2.o(.ARM.Collect$$$$00002712)
    __lit__00000000                          0x000000d4   Data           4  entry2.o(.ARM.Collect$$$$00002712)
    .text                                    0x000000d8   Section       60  startup_cw32f030.o(.text)
    .text                                    0x00000114   Section        0  uidiv.o(.text)
    .text                                    0x00000140   Section        0  memcpya.o(.text)
    .text                                    0x00000164   Section        0  fadd.o(.text)
    .text                                    0x00000216   Section        0  fmul.o(.text)
    .text                                    0x00000290   Section        0  fdiv.o(.text)
    .text                                    0x0000030c   Section        0  ffltui.o(.text)
    .text                                    0x0000031a   Section        0  ffixui.o(.text)
    .text                                    0x00000342   Section        0  iusefp.o(.text)
    .text                                    0x00000342   Section        0  fepilogue.o(.text)
    .text                                    0x000003c4   Section       36  init.o(.text)
    i.ADC_BufEnSerialCh                      0x000003e8   Section        0  cw32f030_adc.o(i.ADC_BufEnSerialCh)
    i.ADC_ClearITPendingAll                  0x0000041c   Section        0  cw32f030_adc.o(i.ADC_ClearITPendingAll)
    i.ADC_Enable                             0x0000042c   Section        0  cw32f030_adc.o(i.ADC_Enable)
    i.ADC_GetITStatus                        0x00000448   Section        0  cw32f030_adc.o(i.ADC_GetITStatus)
    i.ADC_GetSqr0Result                      0x0000045c   Section        0  cw32f030_adc.o(i.ADC_GetSqr0Result)
    i.ADC_GetSqr3Result                      0x0000046c   Section        0  cw32f030_adc.o(i.ADC_GetSqr3Result)
    i.ADC_IRQHandler                         0x0000047c   Section        0  interrupts_cw32f030.o(i.ADC_IRQHandler)
    i.ADC_Init                               0x00000480   Section        0  cw32f030_adc.o(i.ADC_Init)
    i.ADC_SerialChCommon                     0x000004d4   Section        0  cw32f030_adc.o(i.ADC_SerialChCommon)
    i.ADC_SerialChContinuousModeCfg          0x00000518   Section        0  cw32f030_adc.o(i.ADC_SerialChContinuousModeCfg)
    i.ADC_SoftwareStartConvCmd               0x00000530   Section        0  cw32f030_adc.o(i.ADC_SoftwareStartConvCmd)
    i.ADC_Sqr01ChannelCfg                    0x0000054c   Section        0  cw32f030_adc.o(i.ADC_Sqr01ChannelCfg)
    i.ADC_Sqr02ChannelCfg                    0x00000580   Section        0  cw32f030_adc.o(i.ADC_Sqr02ChannelCfg)
    i.ADC_Sqr03ChannelCfg                    0x000005c0   Section        0  cw32f030_adc.o(i.ADC_Sqr03ChannelCfg)
    i.ADC_Sqr0ChannelCfg                     0x00000608   Section        0  cw32f030_adc.o(i.ADC_Sqr0ChannelCfg)
    i.ADC_StructInit                         0x0000062c   Section        0  cw32f030_adc.o(i.ADC_StructInit)
    i.ADC_init                               0x00000644   Section        0  adc.o(i.ADC_init)
    i.ATIM_IRQHandler                        0x000006d0   Section        0  interrupts_cw32f030.o(i.ATIM_IRQHandler)
    i.AWT_IRQHandler                         0x000006d2   Section        0  interrupts_cw32f030.o(i.AWT_IRQHandler)
    i.BTIM1_IRQHandler                       0x000006d4   Section        0  main.o(i.BTIM1_IRQHandler)
    i.BTIM2_IRQHandler                       0x000007fc   Section        0  interrupts_cw32f030.o(i.BTIM2_IRQHandler)
    i.BTIM3_IRQHandler                       0x000007fe   Section        0  interrupts_cw32f030.o(i.BTIM3_IRQHandler)
    i.BTIM_ClearITPendingBit                 0x00000800   Section        0  cw32f030_btim.o(i.BTIM_ClearITPendingBit)
    i.BTIM_Cmd                               0x00000808   Section        0  cw32f030_btim.o(i.BTIM_Cmd)
    i.BTIM_GetITStatus                       0x0000081c   Section        0  cw32f030_btim.o(i.BTIM_GetITStatus)
    i.BTIM_ITConfig                          0x00000826   Section        0  cw32f030_btim.o(i.BTIM_ITConfig)
    i.BTIM_TimeBaseInit                      0x00000838   Section        0  cw32f030_btim.o(i.BTIM_TimeBaseInit)
    i.Btim1_Init                             0x00000858   Section        0  btim1.o(i.Btim1_Init)
    i.Close_Com                              0x000008a8   Section        0  seg_dis.o(i.Close_Com)
    i.ComputeK                               0x000008f4   Section        0  main.o(i.ComputeK)
    i.DMACH1_IRQHandler                      0x00000940   Section        0  interrupts_cw32f030.o(i.DMACH1_IRQHandler)
    i.DMACH23_IRQHandler                     0x00000942   Section        0  interrupts_cw32f030.o(i.DMACH23_IRQHandler)
    i.DMACH45_IRQHandler                     0x00000944   Section        0  interrupts_cw32f030.o(i.DMACH45_IRQHandler)
    i.Dis_Refresh                            0x00000948   Section        0  seg_dis.o(i.Dis_Refresh)
    i.Display                                0x00000970   Section        0  seg_dis.o(i.Display)
    i.DisplayBuff                            0x000009f4   Section        0  main.o(i.DisplayBuff)
    i.DisplayI                               0x00000a60   Section        0  seg_dis.o(i.DisplayI)
    i.DisplaySETV                            0x00000a8c   Section        0  seg_dis.o(i.DisplaySETV)
    i.FAULT_IRQHandler                       0x00000b10   Section        0  interrupts_cw32f030.o(i.FAULT_IRQHandler)
    i.FLASHRAM_IRQHandler                    0x00000b12   Section        0  interrupts_cw32f030.o(i.FLASHRAM_IRQHandler)
    i.FLASH_ErasePages                       0x00000b14   Section        0  cw32f030_flash.o(i.FLASH_ErasePages)
    i.FLASH_LockAllPages                     0x00000b78   Section        0  cw32f030_flash.o(i.FLASH_LockAllPages)
    i.FLASH_SetLatency                       0x00000b88   Section        0  cw32f030_flash.o(i.FLASH_SetLatency)
    i.FLASH_UnlockPages                      0x00000ba4   Section        0  cw32f030_flash.o(i.FLASH_UnlockPages)
    i.FLASH_WirteHalfWords                   0x00000be4   Section        0  flash.o(i.FLASH_WirteHalfWords)
    i.GPIOA_IRQHandler                       0x00000c4c   Section        0  interrupts_cw32f030.o(i.GPIOA_IRQHandler)
    i.GPIOB_IRQHandler                       0x00000c4e   Section        0  interrupts_cw32f030.o(i.GPIOB_IRQHandler)
    i.GPIOC_IRQHandler                       0x00000c50   Section        0  interrupts_cw32f030.o(i.GPIOC_IRQHandler)
    i.GPIOF_IRQHandler                       0x00000c52   Section        0  interrupts_cw32f030.o(i.GPIOF_IRQHandler)
    i.GPIO_Init                              0x00000c54   Section        0  cw32f030_gpio.o(i.GPIO_Init)
    i.GPIO_ReadPin                           0x00000d38   Section        0  cw32f030_gpio.o(i.GPIO_ReadPin)
    i.GPIO_WritePin                          0x00000d42   Section        0  cw32f030_gpio.o(i.GPIO_WritePin)
    i.GTIM1_IRQHandler                       0x00000d4e   Section        0  interrupts_cw32f030.o(i.GTIM1_IRQHandler)
    i.GTIM2_IRQHandler                       0x00000d50   Section        0  interrupts_cw32f030.o(i.GTIM2_IRQHandler)
    i.GTIM3_IRQHandler                       0x00000d52   Section        0  interrupts_cw32f030.o(i.GTIM3_IRQHandler)
    i.GTIM4_IRQHandler                       0x00000d54   Section        0  interrupts_cw32f030.o(i.GTIM4_IRQHandler)
    i.Get_ADC_Value                          0x00000d58   Section        0  adc.o(i.Get_ADC_Value)
    i.HardFault_Handler                      0x00000d90   Section        0  interrupts_cw32f030.o(i.HardFault_Handler)
    i.I2C1_IRQHandler                        0x00000d92   Section        0  interrupts_cw32f030.o(i.I2C1_IRQHandler)
    i.I2C2_IRQHandler                        0x00000d94   Section        0  interrupts_cw32f030.o(i.I2C2_IRQHandler)
    i.KEYGPIO_Init                           0x00000d98   Section        0  main.o(i.KEYGPIO_Init)
    i.LVD_IRQHandler                         0x00000de8   Section        0  interrupts_cw32f030.o(i.LVD_IRQHandler)
    i.Mean_Value_Filter                      0x00000dec   Section        0  main.o(i.Mean_Value_Filter)
    i.NMI_Handler                            0x00000e20   Section        0  interrupts_cw32f030.o(i.NMI_Handler)
    i.PendSV_Handler                         0x00000e22   Section        0  interrupts_cw32f030.o(i.PendSV_Handler)
    i.RCC_Configuration                      0x00000e24   Section        0  main.o(i.RCC_Configuration)
    i.RCC_HCLKPRS_Config                     0x00000e74   Section        0  cw32f030_rcc.o(i.RCC_HCLKPRS_Config)
    i.RCC_HSI_Enable                         0x00000e94   Section        0  cw32f030_rcc.o(i.RCC_HSI_Enable)
    i.RCC_IRQHandler                         0x00000ebc   Section        0  interrupts_cw32f030.o(i.RCC_IRQHandler)
    i.RCC_PCLKPRS_Config                     0x00000ec0   Section        0  cw32f030_rcc.o(i.RCC_PCLKPRS_Config)
    i.RCC_PLL_Enable                         0x00000ee0   Section        0  cw32f030_rcc.o(i.RCC_PLL_Enable)
    i.RCC_SysClk_Switch                      0x00000f68   Section        0  cw32f030_rcc.o(i.RCC_SysClk_Switch)
    i.RCC_Sysctrl_GetHClkFreq                0x00000fa8   Section        0  cw32f030_rcc.o(i.RCC_Sysctrl_GetHClkFreq)
    i.RCC_SystemCoreClockUpdate              0x00001024   Section        0  cw32f030_rcc.o(i.RCC_SystemCoreClockUpdate)
    i.RTC_IRQHandler                         0x00001030   Section        0  interrupts_cw32f030.o(i.RTC_IRQHandler)
    i.SPI1_IRQHandler                        0x00001032   Section        0  interrupts_cw32f030.o(i.SPI1_IRQHandler)
    i.SPI2_IRQHandler                        0x00001034   Section        0  interrupts_cw32f030.o(i.SPI2_IRQHandler)
    i.SVC_Handler                            0x00001036   Section        0  interrupts_cw32f030.o(i.SVC_Handler)
    i.Seg_Dis                                0x00001038   Section        0  seg_dis.o(i.Seg_Dis)
    i.Seg_Init                               0x000010e8   Section        0  seg_dis.o(i.Seg_Init)
    i.SysTick_Handler                        0x00001134   Section        0  cw32f030_systick.o(i.SysTick_Handler)
    i.SystemInit                             0x00001144   Section        0  system_cw32f030.o(i.SystemInit)
    i.UART1_IRQHandler                       0x00001180   Section        0  interrupts_cw32f030.o(i.UART1_IRQHandler)
    i.UART2_IRQHandler                       0x00001182   Section        0  interrupts_cw32f030.o(i.UART2_IRQHandler)
    i.UART3_IRQHandler                       0x00001184   Section        0  interrupts_cw32f030.o(i.UART3_IRQHandler)
    i.VC1_IRQHandler                         0x00001186   Section        0  interrupts_cw32f030.o(i.VC1_IRQHandler)
    i.VC2_IRQHandler                         0x00001188   Section        0  interrupts_cw32f030.o(i.VC2_IRQHandler)
    i.Volt_Cal                               0x0000118c   Section        0  main.o(i.Volt_Cal)
    i.WDT_IRQHandler                         0x0000127c   Section        0  interrupts_cw32f030.o(i.WDT_IRQHandler)
    i.__ARM_common_switch8                   0x0000127e   Section        0  cw32f030_i2c.o(i.__ARM_common_switch8)
    i.__scatterload_copy                     0x00001298   Section       14  handlers.o(i.__scatterload_copy)
    i.__scatterload_null                     0x000012a6   Section        2  handlers.o(i.__scatterload_null)
    i.__scatterload_zeroinit                 0x000012a8   Section       14  handlers.o(i.__scatterload_zeroinit)
    i.flash_erase                            0x000012b8   Section        0  flash.o(i.flash_erase)
    i.flash_read                             0x000012e4   Section        0  flash.o(i.flash_read)
    i.flash_write                            0x00001304   Section        0  flash.o(i.flash_write)
    i.main                                   0x00001338   Section        0  main.o(i.main)
    i.read_vol_cur_calibration               0x00001390   Section        0  main.o(i.read_vol_cur_calibration)
    i.save_calibration                       0x000013e4   Section        0  main.o(i.save_calibration)
    .constdata                               0x00001414   Section      100  cw32f030_rcc.o(.constdata)
    .data                                    0x20000000   Section       12  cw32f030_systick.o(.data)
    .data                                    0x2000000c   Section        4  system_cw32f030.o(.data)
    .data                                    0x20000010   Section        1  adc.o(.data)
    cnt                                      0x20000010   Data           1  adc.o(.data)
    .data                                    0x20000011   Section       28  seg_dis.o(.data)
    num                                      0x20000011   Data           1  seg_dis.o(.data)
    .data                                    0x20000030   Section       68  main.o(.data)
    keytime                                  0x2000005c   Data           4  main.o(.data)
    keytime2                                 0x20000060   Data           4  main.o(.data)
    keytime3                                 0x20000064   Data           4  main.o(.data)
    ledcount                                 0x20000068   Data           4  main.o(.data)
    .bss                                     0x20000074   Section      400  adc.o(.bss)
    STACK                                    0x20000208   Section      512  startup_cw32f030.o(STACK)

    Global Symbols

    Symbol Name                              Value     Ov Type        Size  Object(Section)

    BuildAttributes$$THM_ISAv3M$S$PE$A:L22$X:L11$S22$IEEE1$IW$USESV6$~STKCKD$USESV7$~SHL$OTIME$ROPI$EBA8$MICROLIB$REQ8$PRES8$EABIv2 0x00000000   Number         0  anon$$obj.o ABSOLUTE
    __ARM_use_no_argv                        0x00000000   Number         0  main.o ABSOLUTE
    __Vectors                                0x00000000   Data           0  startup_cw32f030.o(RESET)
    __arm_fini_                               - Undefined Weak Reference
    __cpp_initialize__aeabi_                  - Undefined Weak Reference
    __cxa_finalize                            - Undefined Weak Reference
    __decompress                              - Undefined Weak Reference
    _clock_init                               - Undefined Weak Reference
    _microlib_exit                            - Undefined Weak Reference
    __Vectors_End                            0x000000c0   Data           0  startup_cw32f030.o(RESET)
    __Vectors_Size                           0x000000c0   Number         0  startup_cw32f030.o ABSOLUTE
    __main                                   0x000000c1   Thumb Code     0  entry.o(.ARM.Collect$$$$00000000)
    _main_stk                                0x000000c1   Thumb Code     0  entry2.o(.ARM.Collect$$$$00000001)
    _main_scatterload                        0x000000c5   Thumb Code     0  entry5.o(.ARM.Collect$$$$00000004)
    __main_after_scatterload                 0x000000c9   Thumb Code     0  entry5.o(.ARM.Collect$$$$00000004)
    _main_clock                              0x000000c9   Thumb Code     0  entry7b.o(.ARM.Collect$$$$00000008)
    _main_cpp_init                           0x000000c9   Thumb Code     0  entry8b.o(.ARM.Collect$$$$0000000A)
    _main_init                               0x000000c9   Thumb Code     0  entry9a.o(.ARM.Collect$$$$0000000B)
    __rt_lib_shutdown_fini                   0x000000d1   Thumb Code     0  entry12b.o(.ARM.Collect$$$$0000000E)
    __rt_final_cpp                           0x000000d5   Thumb Code     0  entry10a.o(.ARM.Collect$$$$0000000F)
    __rt_final_exit                          0x000000d5   Thumb Code     0  entry11a.o(.ARM.Collect$$$$00000011)
    Reset_Handler                            0x000000d9   Thumb Code    26  startup_cw32f030.o(.text)
    __aeabi_uidiv                            0x00000115   Thumb Code     0  uidiv.o(.text)
    __aeabi_uidivmod                         0x00000115   Thumb Code    44  uidiv.o(.text)
    __aeabi_memcpy                           0x00000141   Thumb Code    36  memcpya.o(.text)
    __aeabi_memcpy4                          0x00000141   Thumb Code     0  memcpya.o(.text)
    __aeabi_memcpy8                          0x00000141   Thumb Code     0  memcpya.o(.text)
    __aeabi_fadd                             0x00000165   Thumb Code   162  fadd.o(.text)
    __aeabi_fsub                             0x00000207   Thumb Code     8  fadd.o(.text)
    __aeabi_frsub                            0x0000020f   Thumb Code     8  fadd.o(.text)
    __aeabi_fmul                             0x00000217   Thumb Code   122  fmul.o(.text)
    __aeabi_fdiv                             0x00000291   Thumb Code   124  fdiv.o(.text)
    __aeabi_ui2f                             0x0000030d   Thumb Code    14  ffltui.o(.text)
    __aeabi_f2uiz                            0x0000031b   Thumb Code    40  ffixui.o(.text)
    __I$use$fp                               0x00000343   Thumb Code     0  iusefp.o(.text)
    _float_round                             0x00000343   Thumb Code    16  fepilogue.o(.text)
    _float_epilogue                          0x00000353   Thumb Code   114  fepilogue.o(.text)
    __scatterload                            0x000003c5   Thumb Code    28  init.o(.text)
    __scatterload_rt2                        0x000003c5   Thumb Code     0  init.o(.text)
    ADC_BufEnSerialCh                        0x000003e9   Thumb Code    46  cw32f030_adc.o(i.ADC_BufEnSerialCh)
    ADC_ClearITPendingAll                    0x0000041d   Thumb Code    12  cw32f030_adc.o(i.ADC_ClearITPendingAll)
    ADC_Enable                               0x0000042d   Thumb Code    24  cw32f030_adc.o(i.ADC_Enable)
    ADC_GetITStatus                          0x00000449   Thumb Code    16  cw32f030_adc.o(i.ADC_GetITStatus)
    ADC_GetSqr0Result                        0x0000045d   Thumb Code    12  cw32f030_adc.o(i.ADC_GetSqr0Result)
    ADC_GetSqr3Result                        0x0000046d   Thumb Code    12  cw32f030_adc.o(i.ADC_GetSqr3Result)
    ADC_IRQHandler                           0x0000047d   Thumb Code     2  interrupts_cw32f030.o(i.ADC_IRQHandler)
    ADC_Init                                 0x00000481   Thumb Code    74  cw32f030_adc.o(i.ADC_Init)
    ADC_SerialChCommon                       0x000004d5   Thumb Code    68  cw32f030_adc.o(i.ADC_SerialChCommon)
    ADC_SerialChContinuousModeCfg            0x00000519   Thumb Code    20  cw32f030_adc.o(i.ADC_SerialChContinuousModeCfg)
    ADC_SoftwareStartConvCmd                 0x00000531   Thumb Code    22  cw32f030_adc.o(i.ADC_SoftwareStartConvCmd)
    ADC_Sqr01ChannelCfg                      0x0000054d   Thumb Code    42  cw32f030_adc.o(i.ADC_Sqr01ChannelCfg)
    ADC_Sqr02ChannelCfg                      0x00000581   Thumb Code    54  cw32f030_adc.o(i.ADC_Sqr02ChannelCfg)
    ADC_Sqr03ChannelCfg                      0x000005c1   Thumb Code    66  cw32f030_adc.o(i.ADC_Sqr03ChannelCfg)
    ADC_Sqr0ChannelCfg                       0x00000609   Thumb Code    28  cw32f030_adc.o(i.ADC_Sqr0ChannelCfg)
    ADC_StructInit                           0x0000062d   Thumb Code    24  cw32f030_adc.o(i.ADC_StructInit)
    ADC_init                                 0x00000645   Thumb Code   132  adc.o(i.ADC_init)
    ATIM_IRQHandler                          0x000006d1   Thumb Code     2  interrupts_cw32f030.o(i.ATIM_IRQHandler)
    AWT_IRQHandler                           0x000006d3   Thumb Code     2  interrupts_cw32f030.o(i.AWT_IRQHandler)
    BTIM1_IRQHandler                         0x000006d5   Thumb Code   270  main.o(i.BTIM1_IRQHandler)
    BTIM2_IRQHandler                         0x000007fd   Thumb Code     2  interrupts_cw32f030.o(i.BTIM2_IRQHandler)
    BTIM3_IRQHandler                         0x000007ff   Thumb Code     2  interrupts_cw32f030.o(i.BTIM3_IRQHandler)
    BTIM_ClearITPendingBit                   0x00000801   Thumb Code     8  cw32f030_btim.o(i.BTIM_ClearITPendingBit)
    BTIM_Cmd                                 0x00000809   Thumb Code    20  cw32f030_btim.o(i.BTIM_Cmd)
    BTIM_GetITStatus                         0x0000081d   Thumb Code    10  cw32f030_btim.o(i.BTIM_GetITStatus)
    BTIM_ITConfig                            0x00000827   Thumb Code    16  cw32f030_btim.o(i.BTIM_ITConfig)
    BTIM_TimeBaseInit                        0x00000839   Thumb Code    28  cw32f030_btim.o(i.BTIM_TimeBaseInit)
    Btim1_Init                               0x00000859   Thumb Code    62  btim1.o(i.Btim1_Init)
    Close_Com                                0x000008a9   Thumb Code    70  seg_dis.o(i.Close_Com)
    ComputeK                                 0x000008f5   Thumb Code    70  main.o(i.ComputeK)
    DMACH1_IRQHandler                        0x00000941   Thumb Code     2  interrupts_cw32f030.o(i.DMACH1_IRQHandler)
    DMACH23_IRQHandler                       0x00000943   Thumb Code     2  interrupts_cw32f030.o(i.DMACH23_IRQHandler)
    DMACH45_IRQHandler                       0x00000945   Thumb Code     2  interrupts_cw32f030.o(i.DMACH45_IRQHandler)
    Dis_Refresh                              0x00000949   Thumb Code    36  seg_dis.o(i.Dis_Refresh)
    Display                                  0x00000971   Thumb Code   126  seg_dis.o(i.Display)
    DisplayBuff                              0x000009f5   Thumb Code    98  main.o(i.DisplayBuff)
    DisplayI                                 0x00000a61   Thumb Code    38  seg_dis.o(i.DisplayI)
    DisplaySETV                              0x00000a8d   Thumb Code   126  seg_dis.o(i.DisplaySETV)
    FAULT_IRQHandler                         0x00000b11   Thumb Code     2  interrupts_cw32f030.o(i.FAULT_IRQHandler)
    FLASHRAM_IRQHandler                      0x00000b13   Thumb Code     2  interrupts_cw32f030.o(i.FLASHRAM_IRQHandler)
    FLASH_ErasePages                         0x00000b15   Thumb Code    88  cw32f030_flash.o(i.FLASH_ErasePages)
    FLASH_LockAllPages                       0x00000b79   Thumb Code     8  cw32f030_flash.o(i.FLASH_LockAllPages)
    FLASH_SetLatency                         0x00000b89   Thumb Code    18  cw32f030_flash.o(i.FLASH_SetLatency)
    FLASH_UnlockPages                        0x00000ba5   Thumb Code    56  cw32f030_flash.o(i.FLASH_UnlockPages)
    FLASH_WirteHalfWords                     0x00000be5   Thumb Code    96  flash.o(i.FLASH_WirteHalfWords)
    GPIOA_IRQHandler                         0x00000c4d   Thumb Code     2  interrupts_cw32f030.o(i.GPIOA_IRQHandler)
    GPIOB_IRQHandler                         0x00000c4f   Thumb Code     2  interrupts_cw32f030.o(i.GPIOB_IRQHandler)
    GPIOC_IRQHandler                         0x00000c51   Thumb Code     2  interrupts_cw32f030.o(i.GPIOC_IRQHandler)
    GPIOF_IRQHandler                         0x00000c53   Thumb Code     2  interrupts_cw32f030.o(i.GPIOF_IRQHandler)
    GPIO_Init                                0x00000c55   Thumb Code   224  cw32f030_gpio.o(i.GPIO_Init)
    GPIO_ReadPin                             0x00000d39   Thumb Code    10  cw32f030_gpio.o(i.GPIO_ReadPin)
    GPIO_WritePin                            0x00000d43   Thumb Code    12  cw32f030_gpio.o(i.GPIO_WritePin)
    GTIM1_IRQHandler                         0x00000d4f   Thumb Code     2  interrupts_cw32f030.o(i.GTIM1_IRQHandler)
    GTIM2_IRQHandler                         0x00000d51   Thumb Code     2  interrupts_cw32f030.o(i.GTIM2_IRQHandler)
    GTIM3_IRQHandler                         0x00000d53   Thumb Code     2  interrupts_cw32f030.o(i.GTIM3_IRQHandler)
    GTIM4_IRQHandler                         0x00000d55   Thumb Code     2  interrupts_cw32f030.o(i.GTIM4_IRQHandler)
    Get_ADC_Value                            0x00000d59   Thumb Code    48  adc.o(i.Get_ADC_Value)
    HardFault_Handler                        0x00000d91   Thumb Code     2  interrupts_cw32f030.o(i.HardFault_Handler)
    I2C1_IRQHandler                          0x00000d93   Thumb Code     2  interrupts_cw32f030.o(i.I2C1_IRQHandler)
    I2C2_IRQHandler                          0x00000d95   Thumb Code     2  interrupts_cw32f030.o(i.I2C2_IRQHandler)
    KEYGPIO_Init                             0x00000d99   Thumb Code    62  main.o(i.KEYGPIO_Init)
    LVD_IRQHandler                           0x00000de9   Thumb Code     2  interrupts_cw32f030.o(i.LVD_IRQHandler)
    Mean_Value_Filter                        0x00000ded   Thumb Code    48  main.o(i.Mean_Value_Filter)
    NMI_Handler                              0x00000e21   Thumb Code     2  interrupts_cw32f030.o(i.NMI_Handler)
    PendSV_Handler                           0x00000e23   Thumb Code     2  interrupts_cw32f030.o(i.PendSV_Handler)
    RCC_Configuration                        0x00000e25   Thumb Code    66  main.o(i.RCC_Configuration)
    RCC_HCLKPRS_Config                       0x00000e75   Thumb Code    18  cw32f030_rcc.o(i.RCC_HCLKPRS_Config)
    RCC_HSI_Enable                           0x00000e95   Thumb Code    30  cw32f030_rcc.o(i.RCC_HSI_Enable)
    RCC_IRQHandler                           0x00000ebd   Thumb Code     2  interrupts_cw32f030.o(i.RCC_IRQHandler)
    RCC_PCLKPRS_Config                       0x00000ec1   Thumb Code    18  cw32f030_rcc.o(i.RCC_PCLKPRS_Config)
    RCC_PLL_Enable                           0x00000ee1   Thumb Code   124  cw32f030_rcc.o(i.RCC_PLL_Enable)
    RCC_SysClk_Switch                        0x00000f69   Thumb Code    46  cw32f030_rcc.o(i.RCC_SysClk_Switch)
    RCC_Sysctrl_GetHClkFreq                  0x00000fa9   Thumb Code   104  cw32f030_rcc.o(i.RCC_Sysctrl_GetHClkFreq)
    RCC_SystemCoreClockUpdate                0x00001025   Thumb Code     6  cw32f030_rcc.o(i.RCC_SystemCoreClockUpdate)
    RTC_IRQHandler                           0x00001031   Thumb Code     2  interrupts_cw32f030.o(i.RTC_IRQHandler)
    SPI1_IRQHandler                          0x00001033   Thumb Code     2  interrupts_cw32f030.o(i.SPI1_IRQHandler)
    SPI2_IRQHandler                          0x00001035   Thumb Code     2  interrupts_cw32f030.o(i.SPI2_IRQHandler)
    SVC_Handler                              0x00001037   Thumb Code     2  interrupts_cw32f030.o(i.SVC_Handler)
    Seg_Dis                                  0x00001039   Thumb Code   168  seg_dis.o(i.Seg_Dis)
    Seg_Init                                 0x000010e9   Thumb Code    58  seg_dis.o(i.Seg_Init)
    SysTick_Handler                          0x00001135   Thumb Code    12  cw32f030_systick.o(i.SysTick_Handler)
    SystemInit                               0x00001145   Thumb Code    46  system_cw32f030.o(i.SystemInit)
    UART1_IRQHandler                         0x00001181   Thumb Code     2  interrupts_cw32f030.o(i.UART1_IRQHandler)
    UART2_IRQHandler                         0x00001183   Thumb Code     2  interrupts_cw32f030.o(i.UART2_IRQHandler)
    UART3_IRQHandler                         0x00001185   Thumb Code     2  interrupts_cw32f030.o(i.UART3_IRQHandler)
    VC1_IRQHandler                           0x00001187   Thumb Code     2  interrupts_cw32f030.o(i.VC1_IRQHandler)
    VC2_IRQHandler                           0x00001189   Thumb Code     2  interrupts_cw32f030.o(i.VC2_IRQHandler)
    Volt_Cal                                 0x0000118d   Thumb Code   210  main.o(i.Volt_Cal)
    WDT_IRQHandler                           0x0000127d   Thumb Code     2  interrupts_cw32f030.o(i.WDT_IRQHandler)
    __ARM_common_switch8                     0x0000127f   Thumb Code    26  cw32f030_i2c.o(i.__ARM_common_switch8)
    __scatterload_copy                       0x00001299   Thumb Code    14  handlers.o(i.__scatterload_copy)
    __scatterload_null                       0x000012a7   Thumb Code     2  handlers.o(i.__scatterload_null)
    __scatterload_zeroinit                   0x000012a9   Thumb Code    14  handlers.o(i.__scatterload_zeroinit)
    flash_erase                              0x000012b9   Thumb Code    38  flash.o(i.flash_erase)
    flash_read                               0x000012e5   Thumb Code    30  flash.o(i.flash_read)
    flash_write                              0x00001305   Thumb Code    46  flash.o(i.flash_write)
    main                                     0x00001339   Thumb Code    78  main.o(i.main)
    read_vol_cur_calibration                 0x00001391   Thumb Code    72  main.o(i.read_vol_cur_calibration)
    save_calibration                         0x000013e5   Thumb Code    42  main.o(i.save_calibration)
    hsiprs_tbl                               0x00001414   Data          64  cw32f030_rcc.o(.constdata)
    Region$$Table$$Base                      0x00001478   Number         0  anon$$obj.o(Region$$Table)
    Region$$Table$$Limit                     0x00001498   Number         0  anon$$obj.o(Region$$Table)
    uwTickFreq                               0x20000000   Data           1  cw32f030_systick.o(.data)
    uwTickPrio                               0x20000004   Data           4  cw32f030_systick.o(.data)
    uwTick                                   0x20000008   Data           4  cw32f030_systick.o(.data)
    SystemCoreClock                          0x2000000c   Data           4  system_cw32f030.o(.data)
    Seg_Reg                                  0x20000012   Data           6  seg_dis.o(.data)
    Seg_Table                                0x20000018   Data          21  seg_dis.o(.data)
    Mode                                     0x20000030   Data           1  main.o(.data)
    BrushFlag                                0x20000031   Data           1  main.o(.data)
    V_Buffer                                 0x20000032   Data           2  main.o(.data)
    I_Buffer                                 0x20000034   Data           2  main.o(.data)
    timecount                                0x20000038   Data           4  main.o(.data)
    X05                                      0x2000003c   Data           4  main.o(.data)
    X15                                      0x20000040   Data           4  main.o(.data)
    Y15                                      0x20000044   Data           4  main.o(.data)
    Y05                                      0x20000048   Data           4  main.o(.data)
    IX05                                     0x2000004c   Data           4  main.o(.data)
    IX15                                     0x20000050   Data           4  main.o(.data)
    IY15                                     0x20000054   Data           4  main.o(.data)
    IY05                                     0x20000058   Data           4  main.o(.data)
    K                                        0x2000006c   Data           4  main.o(.data)
    KI                                       0x20000070   Data           4  main.o(.data)
    Volt_Buffer                              0x20000074   Data         200  adc.o(.bss)
    Curr_Buffer                              0x2000013c   Data         200  adc.o(.bss)
    __initial_sp                             0x20000408   Data           0  startup_cw32f030.o(STACK)



==============================================================================

Memory Map of the image

  Image Entry point : 0x000000c1

  Load Region LR_IROM1 (Base: 0x00000000, Size: 0x0000150c, Max: 0x00010000, ABSOLUTE)

    Execution Region ER_IROM1 (Exec base: 0x00000000, Load base: 0x00000000, Size: 0x00001498, Max: 0x00010000, ABSOLUTE)

    Exec Addr    Load Addr    Size         Type   Attr      Idx    E Section Name        Object

    0x00000000   0x00000000   0x000000c0   Data   RO         3582    RESET               startup_cw32f030.o
    0x000000c0   0x000000c0   0x00000000   Code   RO         3685  * .ARM.Collect$$$$00000000  mc_p.l(entry.o)
    0x000000c0   0x000000c0   0x00000004   Code   RO         3716    .ARM.Collect$$$$00000001  mc_p.l(entry2.o)
    0x000000c4   0x000000c4   0x00000004   Code   RO         3719    .ARM.Collect$$$$00000004  mc_p.l(entry5.o)
    0x000000c8   0x000000c8   0x00000000   Code   RO         3721    .ARM.Collect$$$$00000008  mc_p.l(entry7b.o)
    0x000000c8   0x000000c8   0x00000000   Code   RO         3723    .ARM.Collect$$$$0000000A  mc_p.l(entry8b.o)
    0x000000c8   0x000000c8   0x00000008   Code   RO         3724    .ARM.Collect$$$$0000000B  mc_p.l(entry9a.o)
    0x000000d0   0x000000d0   0x00000004   Code   RO         3731    .ARM.Collect$$$$0000000E  mc_p.l(entry12b.o)
    0x000000d4   0x000000d4   0x00000000   Code   RO         3726    .ARM.Collect$$$$0000000F  mc_p.l(entry10a.o)
    0x000000d4   0x000000d4   0x00000000   Code   RO         3728    .ARM.Collect$$$$00000011  mc_p.l(entry11a.o)
    0x000000d4   0x000000d4   0x00000004   Code   RO         3717    .ARM.Collect$$$$00002712  mc_p.l(entry2.o)
    0x000000d8   0x000000d8   0x0000003c   Code   RO         3583    .text               startup_cw32f030.o
    0x00000114   0x00000114   0x0000002c   Code   RO         3688    .text               mc_p.l(uidiv.o)
    0x00000140   0x00000140   0x00000024   Code   RO         3692    .text               mc_p.l(memcpya.o)
    0x00000164   0x00000164   0x000000b2   Code   RO         3696    .text               mf_p.l(fadd.o)
    0x00000216   0x00000216   0x0000007a   Code   RO         3698    .text               mf_p.l(fmul.o)
    0x00000290   0x00000290   0x0000007c   Code   RO         3700    .text               mf_p.l(fdiv.o)
    0x0000030c   0x0000030c   0x0000000e   Code   RO         3708    .text               mf_p.l(ffltui.o)
    0x0000031a   0x0000031a   0x00000028   Code   RO         3710    .text               mf_p.l(ffixui.o)
    0x00000342   0x00000342   0x00000000   Code   RO         3740    .text               mc_p.l(iusefp.o)
    0x00000342   0x00000342   0x00000082   Code   RO         3741    .text               mf_p.l(fepilogue.o)
    0x000003c4   0x000003c4   0x00000024   Code   RO         3747    .text               mc_p.l(init.o)
    0x000003e8   0x000003e8   0x00000034   Code   RO            4    i.ADC_BufEnSerialCh  cw32f030_adc.o
    0x0000041c   0x0000041c   0x00000010   Code   RO            6    i.ADC_ClearITPendingAll  cw32f030_adc.o
    0x0000042c   0x0000042c   0x0000001c   Code   RO           16    i.ADC_Enable        cw32f030_adc.o
    0x00000448   0x00000448   0x00000014   Code   RO           22    i.ADC_GetITStatus   cw32f030_adc.o
    0x0000045c   0x0000045c   0x00000010   Code   RO           24    i.ADC_GetSqr0Result  cw32f030_adc.o
    0x0000046c   0x0000046c   0x00000010   Code   RO           27    i.ADC_GetSqr3Result  cw32f030_adc.o
    0x0000047c   0x0000047c   0x00000002   Code   RO         3348    i.ADC_IRQHandler    interrupts_cw32f030.o
    0x0000047e   0x0000047e   0x00000002   PAD
    0x00000480   0x00000480   0x00000054   Code   RO           31    i.ADC_Init          cw32f030_adc.o
    0x000004d4   0x000004d4   0x00000044   Code   RO           33    i.ADC_SerialChCommon  cw32f030_adc.o
    0x00000518   0x00000518   0x00000018   Code   RO           34    i.ADC_SerialChContinuousModeCfg  cw32f030_adc.o
    0x00000530   0x00000530   0x0000001c   Code   RO           45    i.ADC_SoftwareStartConvCmd  cw32f030_adc.o
    0x0000054c   0x0000054c   0x00000034   Code   RO           46    i.ADC_Sqr01ChannelCfg  cw32f030_adc.o
    0x00000580   0x00000580   0x00000040   Code   RO           47    i.ADC_Sqr02ChannelCfg  cw32f030_adc.o
    0x000005c0   0x000005c0   0x00000048   Code   RO           48    i.ADC_Sqr03ChannelCfg  cw32f030_adc.o
    0x00000608   0x00000608   0x00000024   Code   RO           49    i.ADC_Sqr0ChannelCfg  cw32f030_adc.o
    0x0000062c   0x0000062c   0x00000018   Code   RO           50    i.ADC_StructInit    cw32f030_adc.o
    0x00000644   0x00000644   0x0000008c   Code   RO         3186    i.ADC_init          adc.o
    0x000006d0   0x000006d0   0x00000002   Code   RO         3349    i.ATIM_IRQHandler   interrupts_cw32f030.o
    0x000006d2   0x000006d2   0x00000002   Code   RO         3350    i.AWT_IRQHandler    interrupts_cw32f030.o
    0x000006d4   0x000006d4   0x00000128   Code   RO         3589    i.BTIM1_IRQHandler  main.o
    0x000007fc   0x000007fc   0x00000002   Code   RO         3351    i.BTIM2_IRQHandler  interrupts_cw32f030.o
    0x000007fe   0x000007fe   0x00000002   Code   RO         3352    i.BTIM3_IRQHandler  interrupts_cw32f030.o
    0x00000800   0x00000800   0x00000008   Code   RO          759    i.BTIM_ClearITPendingBit  cw32f030_btim.o
    0x00000808   0x00000808   0x00000014   Code   RO          760    i.BTIM_Cmd          cw32f030_btim.o
    0x0000081c   0x0000081c   0x0000000a   Code   RO          766    i.BTIM_GetITStatus  cw32f030_btim.o
    0x00000826   0x00000826   0x00000010   Code   RO          768    i.BTIM_ITConfig     cw32f030_btim.o
    0x00000836   0x00000836   0x00000002   PAD
    0x00000838   0x00000838   0x00000020   Code   RO          777    i.BTIM_TimeBaseInit  cw32f030_btim.o
    0x00000858   0x00000858   0x00000050   Code   RO         3219    i.Btim1_Init        btim1.o
    0x000008a8   0x000008a8   0x0000004c   Code   RO         3245    i.Close_Com         seg_dis.o
    0x000008f4   0x000008f4   0x0000004c   Code   RO         3590    i.ComputeK          main.o
    0x00000940   0x00000940   0x00000002   Code   RO         3353    i.DMACH1_IRQHandler  interrupts_cw32f030.o
    0x00000942   0x00000942   0x00000002   Code   RO         3354    i.DMACH23_IRQHandler  interrupts_cw32f030.o
    0x00000944   0x00000944   0x00000002   Code   RO         3355    i.DMACH45_IRQHandler  interrupts_cw32f030.o
    0x00000946   0x00000946   0x00000002   PAD
    0x00000948   0x00000948   0x00000028   Code   RO         3246    i.Dis_Refresh       seg_dis.o
    0x00000970   0x00000970   0x00000084   Code   RO         3247    i.Display           seg_dis.o
    0x000009f4   0x000009f4   0x0000006c   Code   RO         3591    i.DisplayBuff       main.o
    0x00000a60   0x00000a60   0x0000002c   Code   RO         3248    i.DisplayI          seg_dis.o
    0x00000a8c   0x00000a8c   0x00000084   Code   RO         3249    i.DisplaySETV       seg_dis.o
    0x00000b10   0x00000b10   0x00000002   Code   RO         3356    i.FAULT_IRQHandler  interrupts_cw32f030.o
    0x00000b12   0x00000b12   0x00000002   Code   RO         3357    i.FLASHRAM_IRQHandler  interrupts_cw32f030.o
    0x00000b14   0x00000b14   0x00000064   Code   RO         1093    i.FLASH_ErasePages  cw32f030_flash.o
    0x00000b78   0x00000b78   0x00000010   Code   RO         1100    i.FLASH_LockAllPages  cw32f030_flash.o
    0x00000b88   0x00000b88   0x0000001c   Code   RO         1104    i.FLASH_SetLatency  cw32f030_flash.o
    0x00000ba4   0x00000ba4   0x00000040   Code   RO         1108    i.FLASH_UnlockPages  cw32f030_flash.o
    0x00000be4   0x00000be4   0x00000068   Code   RO         3307    i.FLASH_WirteHalfWords  flash.o
    0x00000c4c   0x00000c4c   0x00000002   Code   RO         3358    i.GPIOA_IRQHandler  interrupts_cw32f030.o
    0x00000c4e   0x00000c4e   0x00000002   Code   RO         3359    i.GPIOB_IRQHandler  interrupts_cw32f030.o
    0x00000c50   0x00000c50   0x00000002   Code   RO         3360    i.GPIOC_IRQHandler  interrupts_cw32f030.o
    0x00000c52   0x00000c52   0x00000002   Code   RO         3361    i.GPIOF_IRQHandler  interrupts_cw32f030.o
    0x00000c54   0x00000c54   0x000000e4   Code   RO         1231    i.GPIO_Init         cw32f030_gpio.o
    0x00000d38   0x00000d38   0x0000000a   Code   RO         1234    i.GPIO_ReadPin      cw32f030_gpio.o
    0x00000d42   0x00000d42   0x0000000c   Code   RO         1237    i.GPIO_WritePin     cw32f030_gpio.o
    0x00000d4e   0x00000d4e   0x00000002   Code   RO         3362    i.GTIM1_IRQHandler  interrupts_cw32f030.o
    0x00000d50   0x00000d50   0x00000002   Code   RO         3363    i.GTIM2_IRQHandler  interrupts_cw32f030.o
    0x00000d52   0x00000d52   0x00000002   Code   RO         3364    i.GTIM3_IRQHandler  interrupts_cw32f030.o
    0x00000d54   0x00000d54   0x00000002   Code   RO         3365    i.GTIM4_IRQHandler  interrupts_cw32f030.o
    0x00000d56   0x00000d56   0x00000002   PAD
    0x00000d58   0x00000d58   0x00000038   Code   RO         3187    i.Get_ADC_Value     adc.o
    0x00000d90   0x00000d90   0x00000002   Code   RO         3366    i.HardFault_Handler  interrupts_cw32f030.o
    0x00000d92   0x00000d92   0x00000002   Code   RO         3367    i.I2C1_IRQHandler   interrupts_cw32f030.o
    0x00000d94   0x00000d94   0x00000002   Code   RO         3368    i.I2C2_IRQHandler   interrupts_cw32f030.o
    0x00000d96   0x00000d96   0x00000002   PAD
    0x00000d98   0x00000d98   0x00000050   Code   RO         3592    i.KEYGPIO_Init      main.o
    0x00000de8   0x00000de8   0x00000002   Code   RO         3369    i.LVD_IRQHandler    interrupts_cw32f030.o
    0x00000dea   0x00000dea   0x00000002   PAD
    0x00000dec   0x00000dec   0x00000034   Code   RO         3593    i.Mean_Value_Filter  main.o
    0x00000e20   0x00000e20   0x00000002   Code   RO         3370    i.NMI_Handler       interrupts_cw32f030.o
    0x00000e22   0x00000e22   0x00000002   Code   RO         3371    i.PendSV_Handler    interrupts_cw32f030.o
    0x00000e24   0x00000e24   0x00000050   Code   RO         3595    i.RCC_Configuration  main.o
    0x00000e74   0x00000e74   0x00000020   Code   RO         1984    i.RCC_HCLKPRS_Config  cw32f030_rcc.o
    0x00000e94   0x00000e94   0x00000028   Code   RO         1990    i.RCC_HSI_Enable    cw32f030_rcc.o
    0x00000ebc   0x00000ebc   0x00000002   Code   RO         3372    i.RCC_IRQHandler    interrupts_cw32f030.o
    0x00000ebe   0x00000ebe   0x00000002   PAD
    0x00000ec0   0x00000ec0   0x00000020   Code   RO         2002    i.RCC_PCLKPRS_Config  cw32f030_rcc.o
    0x00000ee0   0x00000ee0   0x00000088   Code   RO         2005    i.RCC_PLL_Enable    cw32f030_rcc.o
    0x00000f68   0x00000f68   0x00000040   Code   RO         2009    i.RCC_SysClk_Switch  cw32f030_rcc.o
    0x00000fa8   0x00000fa8   0x0000007c   Code   RO         2010    i.RCC_Sysctrl_GetHClkFreq  cw32f030_rcc.o
    0x00001024   0x00001024   0x0000000c   Code   RO         2012    i.RCC_SystemCoreClockUpdate  cw32f030_rcc.o
    0x00001030   0x00001030   0x00000002   Code   RO         3373    i.RTC_IRQHandler    interrupts_cw32f030.o
    0x00001032   0x00001032   0x00000002   Code   RO         3374    i.SPI1_IRQHandler   interrupts_cw32f030.o
    0x00001034   0x00001034   0x00000002   Code   RO         3375    i.SPI2_IRQHandler   interrupts_cw32f030.o
    0x00001036   0x00001036   0x00000002   Code   RO         3376    i.SVC_Handler       interrupts_cw32f030.o
    0x00001038   0x00001038   0x000000b0   Code   RO         3250    i.Seg_Dis           seg_dis.o
    0x000010e8   0x000010e8   0x0000004c   Code   RO         3251    i.Seg_Init          seg_dis.o
    0x00001134   0x00001134   0x00000010   Code   RO         2599    i.SysTick_Handler   cw32f030_systick.o
    0x00001144   0x00001144   0x0000003c   Code   RO         3133    i.SystemInit        system_cw32f030.o
    0x00001180   0x00001180   0x00000002   Code   RO         3377    i.UART1_IRQHandler  interrupts_cw32f030.o
    0x00001182   0x00001182   0x00000002   Code   RO         3378    i.UART2_IRQHandler  interrupts_cw32f030.o
    0x00001184   0x00001184   0x00000002   Code   RO         3379    i.UART3_IRQHandler  interrupts_cw32f030.o
    0x00001186   0x00001186   0x00000002   Code   RO         3380    i.VC1_IRQHandler    interrupts_cw32f030.o
    0x00001188   0x00001188   0x00000002   Code   RO         3381    i.VC2_IRQHandler    interrupts_cw32f030.o
    0x0000118a   0x0000118a   0x00000002   PAD
    0x0000118c   0x0000118c   0x000000f0   Code   RO         3596    i.Volt_Cal          main.o
    0x0000127c   0x0000127c   0x00000002   Code   RO         3382    i.WDT_IRQHandler    interrupts_cw32f030.o
    0x0000127e   0x0000127e   0x0000001a   Code   RO         1675    i.__ARM_common_switch8  cw32f030_i2c.o
    0x00001298   0x00001298   0x0000000e   Code   RO         3751    i.__scatterload_copy  mc_p.l(handlers.o)
    0x000012a6   0x000012a6   0x00000002   Code   RO         3752    i.__scatterload_null  mc_p.l(handlers.o)
    0x000012a8   0x000012a8   0x0000000e   Code   RO         3753    i.__scatterload_zeroinit  mc_p.l(handlers.o)
    0x000012b6   0x000012b6   0x00000002   PAD
    0x000012b8   0x000012b8   0x0000002c   Code   RO         3308    i.flash_erase       flash.o
    0x000012e4   0x000012e4   0x0000001e   Code   RO         3309    i.flash_read        flash.o
    0x00001302   0x00001302   0x00000002   PAD
    0x00001304   0x00001304   0x00000034   Code   RO         3310    i.flash_write       flash.o
    0x00001338   0x00001338   0x00000058   Code   RO         3597    i.main              main.o
    0x00001390   0x00001390   0x00000054   Code   RO         3598    i.read_vol_cur_calibration  main.o
    0x000013e4   0x000013e4   0x00000030   Code   RO         3599    i.save_calibration  main.o
    0x00001414   0x00001414   0x00000064   Data   RO         2014    .constdata          cw32f030_rcc.o
    0x00001478   0x00001478   0x00000020   Data   RO         3749    Region$$Table       anon$$obj.o


    Execution Region RW_IRAM1 (Exec base: 0x20000000, Load base: 0x00001498, Size: 0x00000408, Max: 0x00020000, ABSOLUTE)

    Exec Addr    Load Addr    Size         Type   Attr      Idx    E Section Name        Object

    0x20000000   0x00001498   0x0000000c   Data   RW         2601    .data               cw32f030_systick.o
    0x2000000c   0x000014a4   0x00000004   Data   RW         3136    .data               system_cw32f030.o
    0x20000010   0x000014a8   0x00000001   Data   RW         3189    .data               adc.o
    0x20000011   0x000014a9   0x0000001c   Data   RW         3252    .data               seg_dis.o
    0x2000002d   0x000014c5   0x00000003   PAD
    0x20000030   0x000014c8   0x00000044   Data   RW         3602    .data               main.o
    0x20000074        -       0x00000190   Zero   RW         3188    .bss                adc.o
    0x20000204   0x0000150c   0x00000004   PAD
    0x20000208        -       0x00000200   Zero   RW         3580    STACK               startup_cw32f030.o


==============================================================================

Image component sizes


      Code (inc. data)   RO Data    RW Data    ZI Data      Debug   Object Name

       196         16          0          1        400       1949   adc.o
        80         18          0          0          0       8669   btim1.o
       600         80          0          0          0     158699   cw32f030_adc.o
        86          4          0          0          0       7463   cw32f030_btim.o
       208         38          0          0          0       2823   cw32f030_flash.o
       250          4          0          0          0      50999   cw32f030_gpio.o
        26          0          0          0          0         72   cw32f030_i2c.o
       440        102        100          0          0       5819   cw32f030_rcc.o
        16          4          0         12          0       2025   cw32f030_systick.o
       230         20          0          0          0       3284   flash.o
        70          0          0          0          0      17717   interrupts_cw32f030.o
      1152        136          0         68          0       7538   main.o
       676         72          0         28          0       5414   seg_dis.o
        60         22        192          0        512        664   startup_cw32f030.o
        60         14          0          4          0       1431   system_cw32f030.o

    ----------------------------------------------------------------------
      4168        530        324        116        916     274566   Object Totals
         0          0         32          0          0          0   (incl. Generated)
        18          0          0          3          4          0   (incl. Padding)

    ----------------------------------------------------------------------

      Code (inc. data)   RO Data    RW Data    ZI Data      Debug   Library Member Name

         0          0          0          0          0          0   entry.o
         0          0          0          0          0          0   entry10a.o
         0          0          0          0          0          0   entry11a.o
         4          0          0          0          0          0   entry12b.o
         8          4          0          0          0          0   entry2.o
         4          0          0          0          0          0   entry5.o
         0          0          0          0          0          0   entry7b.o
         0          0          0          0          0          0   entry8b.o
         8          4          0          0          0          0   entry9a.o
        30          0          0          0          0          0   handlers.o
        36          8          0          0          0         68   init.o
         0          0          0          0          0          0   iusefp.o
        36          0          0          0          0         60   memcpya.o
        44          0          0          0          0         72   uidiv.o
       178          0          0          0          0        108   fadd.o
       124          0          0          0          0         72   fdiv.o
       130          0          0          0          0        144   fepilogue.o
        40          0          0          0          0         60   ffixui.o
        14          0          0          0          0         68   ffltui.o
       122          0          0          0          0         72   fmul.o

    ----------------------------------------------------------------------
       780         16          0          0          0        724   Library Totals
         2          0          0          0          0          0   (incl. Padding)

    ----------------------------------------------------------------------

      Code (inc. data)   RO Data    RW Data    ZI Data      Debug   Library Name

       170         16          0          0          0        200   mc_p.l
       608          0          0          0          0        524   mf_p.l

    ----------------------------------------------------------------------
       780         16          0          0          0        724   Library Totals

    ----------------------------------------------------------------------

==============================================================================


      Code (inc. data)   RO Data    RW Data    ZI Data      Debug   

      4948        546        324        116        916     271086   Grand Totals
      4948        546        324        116        916     271086   ELF Image Totals
      4948        546        324        116          0          0   ROM Totals

==============================================================================

    Total RO  Size (Code + RO Data)                 5272 (   5.15kB)
    Total RW  Size (RW Data + ZI Data)              1032 (   1.01kB)
    Total ROM Size (Code + RO Data + RW Data)       5388 (   5.26kB)

==============================================================================

