<html>
<body>
<pre>
<h1>礦ision Build Log</h1>
<h2>Tool Versions:</h2>
IDE-Version: μVision V5.38.0.0
Copyright (C) 2022 ARM Ltd and ARM Germany GmbH. All rights reserved.
License Information: 1 qiu, 1, LIC=JL28G-V89FM-MML9I-TXR8R-9LM29-P5CGD
 
Tool Versions:
Toolchain:       MDK-ARM Plus  Version: 5.38.0.0
Toolchain Path:  E:\dianzi\MDKv5\ARM\AC5\Bin
C Compiler:      Armcc.exe V5.06 update 7 (build 960)
Assembler:       Armasm.exe V5.06 update 7 (build 960)
Linker/Locator:  ArmLink.exe V5.06 update 7 (build 960)
Library Manager: ArmAr.exe V5.06 update 7 (build 960)
Hex Converter:   FromElf.exe V5.06 update 7 (build 960)
CPU DLL:         SARMCM3.DLL V5.38.0.0
Dialog DLL:      DARMCM1.DLL V1.19.6.0
Target DLL:      CMSIS_AGDI.dll V1.33.15.0
Dialog DLL:      TARMCM1.DLL V1.14.6.0
 
<h2>Project:</h2>
E:\StudyNote\study_CW32\实验例程\实验一 流水灯实验\GPIO.uvprojx
Project File Date:  02/06/2025

<h2>Output:</h2>
*** Using Compiler 'V5.06 update 7 (build 960)', folder: 'E:\dianzi\MDKv5\ARM\AC5\Bin'
Build target 'Target 1'
compiling cw32f030_btim.c...
assembling startup_cw32f030.s...
compiling cw32f030_flash.c...
compiling cw32f030_debug.c...
compiling cw32f030_crc.c...
compiling cw32f030_digitalsign.c...
compiling cw32f030_awt.c...
compiling cw32f030_atim.c...
compiling cw32f030_dma.c...
compiling cw32f030_gtim.c...
compiling cw32f030_gpio.c...
compiling interrupts_cw32f030.c...
compiling cw32f030_adc.c...
compiling cw32f030_iwdt.c...
compiling cw32f030_i2c.c...
compiling MAIN.c...
compiling cw32f030_lvd.c...
compiling cw32f030_ram.c...
compiling cw32f030_pwr.c...
compiling cw32f030_rcc.c...
compiling cw32f030_systick.c...
compiling cw32f030_rtc.c...
compiling cw32f030_wwdt.c...
compiling system_cw32f030.c...
compiling cw32f030_spi.c...
compiling cw32f030_uart.c...
compiling cw32f030_vc.c...
linking...
Program Size: Code=2144 RO-data=324 RW-data=16 ZI-data=1120  
FromELF: creating hex file...
".\Objects\GPIO.axf" - 0 Error(s), 0 Warning(s).

<h2>Software Packages used:</h2>

Package Vendor: ARM
                http://www.keil.com/pack/ARM.CMSIS.5.9.0.pack
                ARM.CMSIS.5.9.0
                CMSIS (Common Microcontroller Software Interface Standard)
   * Component: CORE Version: 5.6.0

<h2>Collection of Component include folders:</h2>
  ./RTE/_Target_1
  E:/dianzi/MDKv5/ARM/CMSIS/5.9.0/CMSIS/Core/Include
  E:/dianzi/MDKv5/ARM/CMSIS/5.9.0/Device/ARM/ARMCM0plus/Include

<h2>Collection of Component Files used:</h2>

   * Component: ARM::CMSIS:CORE:5.6.0
Build Time Elapsed:  00:00:00
</pre>
</body>
</html>
