<html>
<body>
<pre>
<h1>礦ision Build Log</h1>
<h2>Tool Versions:</h2>
IDE-Version: μVision V5.38.0.0
Copyright (C) 2022 ARM Ltd and ARM Germany GmbH. All rights reserved.
License Information: 1 qiu, 1, LIC=JL28G-V89FM-MML9I-TXR8R-9LM29-P5CGD
 
Tool Versions:
Toolchain:       MDK-ARM Plus  Version: 5.38.0.0
Toolchain Path:  E:\dianzi\MDKv5\ARM\AC5\Bin
C Compiler:      Armcc.exe V5.06 update 7 (build 960)
Assembler:       Armasm.exe V5.06 update 7 (build 960)
Linker/Locator:  ArmLink.exe V5.06 update 7 (build 960)
Library Manager: ArmAr.exe V5.06 update 7 (build 960)
Hex Converter:   FromElf.exe V5.06 update 7 (build 960)
CPU DLL:         SARMCM3.DLL V5.38.0.0
Dialog DLL:      DARMCM1.DLL V1.19.6.0
Target DLL:      UL2CM3.DLL V1.164.8.0
Dialog DLL:      TARMCM1.DLL V1.14.6.0
 
<h2>Project:</h2>
E:\StudyNote\study_CW32\5.实战项目\1.基于CW32F030的电压电流表\2.软件逐渐实现\4.数码管动态显示\Project\empty.uvprojx
Project File Date:  03/01/2025

<h2>Output:</h2>
*** Using Compiler 'V5.06 update 7 (build 960)', folder: 'E:\dianzi\MDKv5\ARM\AC5\Bin'
Build target 'TIM'
compiling main.c...
compiling tim.c...
compiling systick.c...
compiling seg.c...
..\User\seg\seg.c(43): warning:  #188-D: enumerated type mixed with another type
                  GPIO_WritePin(CW_GPIOA,GPIO_PIN_2,(Dis_Value >> i) & 0x01);    //PA02,A
..\User\seg\seg.c(46): warning:  #188-D: enumerated type mixed with another type
                  GPIO_WritePin(CW_GPIOA,GPIO_PIN_0,(Dis_Value >> i) & 0x01);    //PA00,B
..\User\seg\seg.c(49): warning:  #188-D: enumerated type mixed with another type
                GPIO_WritePin(CW_GPIOA,GPIO_PIN_4,(Dis_Value >> i) & 0x01);    //PA04,C
..\User\seg\seg.c(52): warning:  #188-D: enumerated type mixed with another type
                  GPIO_WritePin(CW_GPIOA,GPIO_PIN_6,(Dis_Value >> i) & 0x01);    //PA06,D
..\User\seg\seg.c(55): warning:  #188-D: enumerated type mixed with another type
                  GPIO_WritePin(CW_GPIOA,GPIO_PIN_7,(Dis_Value >> i) & 0x01);    //PA07,E
..\User\seg\seg.c(58): warning:  #188-D: enumerated type mixed with another type
                  GPIO_WritePin(CW_GPIOA,GPIO_PIN_1,(Dis_Value >> i) & 0x01);    //PA01,F
..\User\seg\seg.c(61): warning:  #188-D: enumerated type mixed with another type
                  GPIO_WritePin(CW_GPIOA,GPIO_PIN_3,(Dis_Value >> i) & 0x01);    //PA03,G
..\User\seg\seg.c(64): warning:  #188-D: enumerated type mixed with another type
                  GPIO_WritePin(CW_GPIOA,GPIO_PIN_5,(Dis_Value >> i) & 0x01);    //PA05,DP
..\User\seg\seg.c: 8 warnings, 0 errors
compiling interrupts_cw32f030.c...
linking...
Program Size: Code=2552 RO-data=324 RW-data=40 ZI-data=512  
FromELF: creating hex file...
"..\Output\template.axf" - 0 Error(s), 8 Warning(s).

<h2>Software Packages used:</h2>

Package Vendor: ARM
                http://www.keil.com/pack/ARM.CMSIS.5.9.0.pack
                ARM.CMSIS.5.9.0
                CMSIS (Common Microcontroller Software Interface Standard)
   * Component: CORE Version: 5.6.0

Package Vendor: WHXY
                
                WHXY.CW32F030_DFP.1.0.5
                CW32 ARM Cortex-M0+ Device Family Pack

<h2>Collection of Component include folders:</h2>
  ./RTE/_TIM
  E:/dianzi/MDKv5/ARM/CMSIS/5.9.0/CMSIS/Core/Include
  E:/dianzi/MDKv5/WHXY/CW32F030_DFP/1.0.5/Device/Include

<h2>Collection of Component Files used:</h2>

   * Component: ARM::CMSIS:CORE:5.6.0
Build Time Elapsed:  00:00:00
</pre>
</body>
</html>
