<html>
<body>
<pre>
<h1>礦ision Build Log</h1>
<h2>Tool Versions:</h2>
IDE-Version: μVision V5.38.0.0
Copyright (C) 2022 ARM Ltd and ARM Germany GmbH. All rights reserved.
License Information: 1 qiu, 1, LIC=JL28G-V89FM-MML9I-TXR8R-9LM29-P5CGD
 
Tool Versions:
Toolchain:       MDK-ARM Plus  Version: 5.38.0.0
Toolchain Path:  E:\dianzi\MDKv5\ARM\AC5\Bin
C Compiler:      Armcc.exe V5.06 update 7 (build 960)
Assembler:       Armasm.exe V5.06 update 7 (build 960)
Linker/Locator:  ArmLink.exe V5.06 update 7 (build 960)
Library Manager: ArmAr.exe V5.06 update 7 (build 960)
Hex Converter:   FromElf.exe V5.06 update 7 (build 960)
CPU DLL:         SARMCM3.DLL V5.38.0.0
Dialog DLL:      DARMCM1.DLL V1.19.6.0
Target DLL:      CMSIS_AGDI.dll V1.33.15.0
Dialog DLL:      TARMCM1.DLL V1.14.6.0
 
<h2>Project:</h2>
E:\StudyNote\study_CW32\5.实战项目\1.基于CW32F030的电压电流表\2.软件逐渐实现\6.均值滤波\均值滤波.uvprojx
Project File Date:  08/12/2024

<h2>Output:</h2>
*** Using Compiler 'V5.06 update 7 (build 960)', folder: 'E:\dianzi\MDKv5\ARM\AC5\Bin'
Build target '均值滤波'
compiling cw32f030_iwdt.c...
compiling cw32f030_adc.c...
compiling cw32f030_dma.c...
compiling cw32f030_digitalsign.c...
compiling cw32f030_lvd.c...
compiling cw32f030_flash.c...
compiling cw32f030_crc.c...
compiling cw32f030_atim.c...
compiling cw32f030_awt.c...
compiling cw32f030_debug.c...
compiling cw32f030_btim.c...
compiling cw32f030_gpio.c...
compiling cw32f030_gtim.c...
compiling cw32f030_i2c.c...
compiling cw32f030_pwr.c...
compiling cw32f030_ram.c...
assembling startup_cw32f030.s...
compiling cw32f030_rcc.c...
compiling cw32f030_rtc.c...
compiling cw32f030_spi.c...
compiling cw32f030_systick.c...
compiling cw32f030_wwdt.c...
compiling cw32f030_uart.c...
compiling system_cw32f030.c...
compiling BTIM1.c...
compiling cw32f030_vc.c...
compiling Seg_Display.c...
Hardware\Seg_Display.c(52): warning:  #188-D: enumerated type mixed with another type
                GPIO_WritePin(CW_GPIOA,GPIO_PIN_2,(Dis_Value >> i) & 0x01);    //PA02,A
Hardware\Seg_Display.c(55): warning:  #188-D: enumerated type mixed with another type
                GPIO_WritePin(CW_GPIOA,GPIO_PIN_0,(Dis_Value >> i) & 0x01);    //PA00,B
Hardware\Seg_Display.c(58): warning:  #188-D: enumerated type mixed with another type
                GPIO_WritePin(CW_GPIOA,GPIO_PIN_4,(Dis_Value >> i) & 0x01);    //PA04,C
Hardware\Seg_Display.c(61): warning:  #188-D: enumerated type mixed with another type
                GPIO_WritePin(CW_GPIOA,GPIO_PIN_6,(Dis_Value >> i) & 0x01);    //PA06,D
Hardware\Seg_Display.c(64): warning:  #188-D: enumerated type mixed with another type
                GPIO_WritePin(CW_GPIOA,GPIO_PIN_7,(Dis_Value >> i) & 0x01);    //PA07,E
Hardware\Seg_Display.c(67): warning:  #188-D: enumerated type mixed with another type
                GPIO_WritePin(CW_GPIOA,GPIO_PIN_1,(Dis_Value >> i) & 0x01);    //PA01,F
Hardware\Seg_Display.c(70): warning:  #188-D: enumerated type mixed with another type
                GPIO_WritePin(CW_GPIOA,GPIO_PIN_3,(Dis_Value >> i) & 0x01);    //PA03,G
Hardware\Seg_Display.c(73): warning:  #188-D: enumerated type mixed with another type
                GPIO_WritePin(CW_GPIOA,GPIO_PIN_5,(Dis_Value >> i) & 0x01);    //PA05,DP
Hardware\Seg_Display.c: 8 warnings, 0 errors
compiling ADC.c...
compiling main.c...
compiling interrupts_cw32f030.c...
linking...
Program Size: Code=4392 RO-data=324 RW-data=56 ZI-data=1160  
".\Objects\均值滤波.axf" - 0 Error(s), 8 Warning(s).

<h2>Software Packages used:</h2>

Package Vendor: ARM
                http://www.keil.com/pack/ARM.CMSIS.5.9.0.pack
                ARM.CMSIS.5.9.0
                CMSIS (Common Microcontroller Software Interface Standard)
   * Component: CORE Version: 5.6.0

Package Vendor: WHXY
                
                WHXY.CW32F030_DFP.1.0.5
                CW32 ARM Cortex-M0+ Device Family Pack

<h2>Collection of Component include folders:</h2>
  ./RTE/_________
  E:/dianzi/MDKv5/ARM/CMSIS/5.9.0/CMSIS/Core/Include
  E:/dianzi/MDKv5/WHXY/CW32F030_DFP/1.0.5/Device/Include

<h2>Collection of Component Files used:</h2>

   * Component: ARM::CMSIS:CORE:5.6.0
Build Time Elapsed:  00:00:01
</pre>
</body>
</html>
