<html>
<body>
<pre>
<h1>礦ision Build Log</h1>
<h2>Tool Versions:</h2>
IDE-Version: μVision V5.39.0.0
Copyright (C) 2023 ARM Ltd and ARM Germany GmbH. All rights reserved.
License Information: p m, 电子科技大学, LIC=----
 
Tool Versions:
Toolchain:       MDK-Lite  Version: 5.39.0.0
Toolchain Path:  D:\Software\Keil5.39\ARM\ARM_Compiler_5.06u7\Bin
C Compiler:      Armcc.exe V5.06 update 7 (build 960)
Assembler:       Armasm.exe V5.06 update 7 (build 960)
Linker/Locator:  ArmLink.exe V5.06 update 7 (build 960)
Library Manager: ArmAr.exe V5.06 update 7 (build 960)
Hex Converter:   FromElf.exe V5.06 update 7 (build 960)
CPU DLL:         SARMCM3.DLL V5.39.0.0
Dialog DLL:      DARMCM1.DLL V1.19.6.0
Target DLL:      CMSIS_AGDI.dll V1.33.16.0
Dialog DLL:      TARMCM1.DLL V1.14.6.0
 
<h2>Project:</h2>
D:\Desktop\工作\文档、视频\CW32直流有刷电机学习套件\CW32基础实验\CW32F030工程模板\Keil5\工程模板.uvprojx
Project File Date:  04/23/2024

<h2>Output:</h2>
*** Using Compiler 'V5.06 update 7 (build 960)', folder: 'D:\Software\Keil5.39\ARM\ARM_Compiler_5.06u7\Bin'
Rebuild target '工程模板'
compiling cw32f030_digitalsign.c...
compiling cw32f030_flash.c...
compiling cw32f030_adc.c...
compiling cw32f030_i2c.c...
compiling cw32f030_gpio.c...
compiling cw32f030_iwdt.c...
compiling cw32f030_crc.c...
compiling cw32f030_pwr.c...
compiling cw32f030_debug.c...
compiling cw32f030_awt.c...
compiling cw32f030_lvd.c...
compiling cw32f030_dma.c...
compiling cw32f030_btim.c...
compiling cw32f030_gtim.c...
compiling cw32f030_atim.c...
compiling cw32f030_ram.c...
assembling startup_cw32f030.s...
compiling cw32f030_rcc.c...
compiling cw32f030_spi.c...
compiling cw32f030_systick.c...
compiling cw32f030_rtc.c...
compiling cw32f030_uart.c...
compiling cw32f030_wwdt.c...
compiling system_cw32f030.c...
compiling cw32f030_vc.c...
compiling main.c...
compiling interrupts_cw32f030.c...
linking...
Program Size: Code=1676 RO-data=324 RW-data=16 ZI-data=1120  
".\Objects\工程模板.axf" - 0 Error(s), 0 Warning(s).

<h2>Software Packages used:</h2>

Package Vendor: ARM
                http://www.keil.com/pack/ARM.CMSIS.5.9.0.pack
                ARM::CMSIS@5.9.0
                CMSIS (Common Microcontroller Software Interface Standard)
   * Component: CORE Version: 5.6.0

Package Vendor: WHXY
                
                WHXY::CW32F030_DFP@1.0.5
                CW32 ARM Cortex-M0+ Device Family Pack

<h2>Collection of Component include folders:</h2>
  ./RTE/_________
  D:/Software/Keil5.39/ARM/CMSIS/5.9.0/CMSIS/Core/Include
  D:/Software/Keil5.39/WHXY/CW32F030_DFP/1.0.5/Device/Include

<h2>Collection of Component Files used:</h2>

   * Component: ARM::CMSIS:CORE@5.6.0
Build Time Elapsed:  00:00:01
</pre>
</body>
</html>
