Component: ARM Compiler 5.06 update 7 (build 960) Tool: armlink [4d3601]

==============================================================================

Image Symbol Table

    Local Symbols

    Symbol Name                              Value     Ov Type        Size  Object(Section)

    RESET                                    0x00000000   Section      192  startup_cw32f030.o(RESET)
    ../clib/microlib/division.c              0x00000000   Number         0  ldiv.o ABSOLUTE
    ../clib/microlib/division.c              0x00000000   Number         0  uidiv.o ABSOLUTE
    ../clib/microlib/division.c              0x00000000   Number         0  uldiv.o ABSOLUTE
    ../clib/microlib/init/entry.s            0x00000000   Number         0  entry12b.o ABSOLUTE
    ../clib/microlib/init/entry.s            0x00000000   Number         0  entry12a.o ABSOLUTE
    ../clib/microlib/init/entry.s            0x00000000   Number         0  entry11b.o ABSOLUTE
    ../clib/microlib/init/entry.s            0x00000000   Number         0  entry11a.o ABSOLUTE
    ../clib/microlib/init/entry.s            0x00000000   Number         0  entry10b.o ABSOLUTE
    ../clib/microlib/init/entry.s            0x00000000   Number         0  entry10a.o ABSOLUTE
    ../clib/microlib/init/entry.s            0x00000000   Number         0  entry9b.o ABSOLUTE
    ../clib/microlib/init/entry.s            0x00000000   Number         0  entry9a.o ABSOLUTE
    ../clib/microlib/init/entry.s            0x00000000   Number         0  entry.o ABSOLUTE
    ../clib/microlib/init/entry.s            0x00000000   Number         0  entry8b.o ABSOLUTE
    ../clib/microlib/init/entry.s            0x00000000   Number         0  entry8a.o ABSOLUTE
    ../clib/microlib/init/entry.s            0x00000000   Number         0  entry7b.o ABSOLUTE
    ../clib/microlib/init/entry.s            0x00000000   Number         0  entry7a.o ABSOLUTE
    ../clib/microlib/init/entry.s            0x00000000   Number         0  entry5.o ABSOLUTE
    ../clib/microlib/init/entry.s            0x00000000   Number         0  entry2.o ABSOLUTE
    ../clib/microlib/longlong.c              0x00000000   Number         0  llushr.o ABSOLUTE
    ../clib/microlib/longlong.c              0x00000000   Number         0  llshl.o ABSOLUTE
    ../clib/microlib/string/memcpy.c         0x00000000   Number         0  memcpyb.o ABSOLUTE
    ../clib/microlib/string/memcpy.c         0x00000000   Number         0  memcpya.o ABSOLUTE
    ..\..\..\..\IdeSupport\MDK\startup_cw32f030.s 0x00000000   Number         0  startup_cw32f030.o ABSOLUTE
    ..\..\..\..\Libraries\src\cw32f030_flash.c 0x00000000   Number         0  cw32f030_flash.o ABSOLUTE
    ..\..\..\..\Libraries\src\cw32f030_gpio.c 0x00000000   Number         0  cw32f030_gpio.o ABSOLUTE
    ..\..\..\..\Libraries\src\cw32f030_rcc.c 0x00000000   Number         0  cw32f030_rcc.o ABSOLUTE
    ..\..\..\..\Libraries\src\system_cw32f030.c 0x00000000   Number         0  system_cw32f030.o ABSOLUTE
    ..\USER\src\interrupts_cw32f030.c        0x00000000   Number         0  interrupts_cw32f030.o ABSOLUTE
    ..\USER\src\main.c                       0x00000000   Number         0  main.o ABSOLUTE
    ..\\..\\..\\..\\Libraries\\src\\cw32f030_flash.c 0x00000000   Number         0  cw32f030_flash.o ABSOLUTE
    ..\\..\\..\\..\\Libraries\\src\\cw32f030_gpio.c 0x00000000   Number         0  cw32f030_gpio.o ABSOLUTE
    ..\\..\\..\\..\\Libraries\\src\\cw32f030_rcc.c 0x00000000   Number         0  cw32f030_rcc.o ABSOLUTE
    ..\\..\\..\\..\\Libraries\\src\\system_cw32f030.c 0x00000000   Number         0  system_cw32f030.o ABSOLUTE
    ..\\USER\\src\\interrupts_cw32f030.c     0x00000000   Number         0  interrupts_cw32f030.o ABSOLUTE
    ..\\USER\\src\\main.c                    0x00000000   Number         0  main.o ABSOLUTE
    dc.s                                     0x00000000   Number         0  dc.o ABSOLUTE
    handlers.s                               0x00000000   Number         0  handlers.o ABSOLUTE
    init.s                                   0x00000000   Number         0  init.o ABSOLUTE
    .ARM.Collect$$$$00000000                 0x000000c0   Section        0  entry.o(.ARM.Collect$$$$00000000)
    .ARM.Collect$$$$00000001                 0x000000c0   Section        4  entry2.o(.ARM.Collect$$$$00000001)
    .ARM.Collect$$$$00000004                 0x000000c4   Section        4  entry5.o(.ARM.Collect$$$$00000004)
    .ARM.Collect$$$$00000008                 0x000000c8   Section        0  entry7b.o(.ARM.Collect$$$$00000008)
    .ARM.Collect$$$$0000000A                 0x000000c8   Section        0  entry8b.o(.ARM.Collect$$$$0000000A)
    .ARM.Collect$$$$0000000B                 0x000000c8   Section        8  entry9a.o(.ARM.Collect$$$$0000000B)
    .ARM.Collect$$$$0000000E                 0x000000d0   Section        4  entry12b.o(.ARM.Collect$$$$0000000E)
    .ARM.Collect$$$$0000000F                 0x000000d4   Section        0  entry10a.o(.ARM.Collect$$$$0000000F)
    .ARM.Collect$$$$00000011                 0x000000d4   Section        0  entry11a.o(.ARM.Collect$$$$00000011)
    .ARM.Collect$$$$00002712                 0x000000d4   Section        4  entry2.o(.ARM.Collect$$$$00002712)
    __lit__00000000                          0x000000d4   Data           4  entry2.o(.ARM.Collect$$$$00002712)
    .text                                    0x000000d8   Section       60  startup_cw32f030.o(.text)
    .text                                    0x00000114   Section        0  uidiv.o(.text)
    .text                                    0x00000140   Section        0  ldiv.o(.text)
    .text                                    0x0000018c   Section        0  memcpya.o(.text)
    .text                                    0x000001b0   Section        0  uldiv.o(.text)
    .text                                    0x00000210   Section       36  init.o(.text)
    .text                                    0x00000234   Section        0  llshl.o(.text)
    .text                                    0x00000254   Section        0  llushr.o(.text)
    i.ADC_IRQHandler                         0x00000276   Section        0  interrupts_cw32f030.o(i.ADC_IRQHandler)
    i.ATIM_IRQHandler                        0x00000278   Section        0  interrupts_cw32f030.o(i.ATIM_IRQHandler)
    i.AWT_IRQHandler                         0x0000027a   Section        0  interrupts_cw32f030.o(i.AWT_IRQHandler)
    i.BTIM1_IRQHandler                       0x0000027c   Section        0  interrupts_cw32f030.o(i.BTIM1_IRQHandler)
    i.BTIM2_IRQHandler                       0x0000027e   Section        0  interrupts_cw32f030.o(i.BTIM2_IRQHandler)
    i.BTIM3_IRQHandler                       0x00000280   Section        0  interrupts_cw32f030.o(i.BTIM3_IRQHandler)
    i.DMACH1_IRQHandler                      0x00000282   Section        0  interrupts_cw32f030.o(i.DMACH1_IRQHandler)
    i.DMACH23_IRQHandler                     0x00000284   Section        0  interrupts_cw32f030.o(i.DMACH23_IRQHandler)
    i.DMACH45_IRQHandler                     0x00000286   Section        0  interrupts_cw32f030.o(i.DMACH45_IRQHandler)
    i.FAULT_IRQHandler                       0x00000288   Section        0  interrupts_cw32f030.o(i.FAULT_IRQHandler)
    i.FLASHRAM_IRQHandler                    0x0000028a   Section        0  interrupts_cw32f030.o(i.FLASHRAM_IRQHandler)
    i.FLASH_SetLatency                       0x0000028c   Section        0  cw32f030_flash.o(i.FLASH_SetLatency)
    i.FirmwareDelay                          0x000002c4   Section        0  system_cw32f030.o(i.FirmwareDelay)
    i.GPIOA_IRQHandler                       0x000002d6   Section        0  interrupts_cw32f030.o(i.GPIOA_IRQHandler)
    i.GPIOB_IRQHandler                       0x000002d8   Section        0  interrupts_cw32f030.o(i.GPIOB_IRQHandler)
    i.GPIOC_IRQHandler                       0x000002da   Section        0  interrupts_cw32f030.o(i.GPIOC_IRQHandler)
    i.GPIOF_IRQHandler                       0x000002dc   Section        0  interrupts_cw32f030.o(i.GPIOF_IRQHandler)
    i.GPIO_Init                              0x000002e0   Section        0  cw32f030_gpio.o(i.GPIO_Init)
    i.GTIM1_IRQHandler                       0x000003e0   Section        0  interrupts_cw32f030.o(i.GTIM1_IRQHandler)
    i.GTIM2_IRQHandler                       0x000003e2   Section        0  interrupts_cw32f030.o(i.GTIM2_IRQHandler)
    i.GTIM3_IRQHandler                       0x000003e4   Section        0  interrupts_cw32f030.o(i.GTIM3_IRQHandler)
    i.GTIM4_IRQHandler                       0x000003e6   Section        0  interrupts_cw32f030.o(i.GTIM4_IRQHandler)
    i.HardFault_Handler                      0x000003e8   Section        0  interrupts_cw32f030.o(i.HardFault_Handler)
    i.I2C1_IRQHandler                        0x000003ec   Section        0  interrupts_cw32f030.o(i.I2C1_IRQHandler)
    i.I2C2_IRQHandler                        0x000003ee   Section        0  interrupts_cw32f030.o(i.I2C2_IRQHandler)
    i.LVD_IRQHandler                         0x000003f0   Section        0  interrupts_cw32f030.o(i.LVD_IRQHandler)
    i.NMI_Handler                            0x000003f2   Section        0  interrupts_cw32f030.o(i.NMI_Handler)
    i.PendSV_Handler                         0x000003f4   Section        0  interrupts_cw32f030.o(i.PendSV_Handler)
    i.RCC_AHBPeriphClk_Enable                0x000003f8   Section        0  cw32f030_rcc.o(i.RCC_AHBPeriphClk_Enable)
    i.RCC_HCLK_OUT                           0x00000418   Section        0  cw32f030_rcc.o(i.RCC_HCLK_OUT)
    i.RCC_HSE_Disable                        0x00000460   Section        0  cw32f030_rcc.o(i.RCC_HSE_Disable)
    i.RCC_HSE_Enable                         0x0000047c   Section        0  cw32f030_rcc.o(i.RCC_HSE_Enable)
    i.RCC_HSI_Disable                        0x00000548   Section        0  cw32f030_rcc.o(i.RCC_HSI_Disable)
    i.RCC_HSI_Enable                         0x00000564   Section        0  cw32f030_rcc.o(i.RCC_HSI_Enable)
    i.RCC_IRQHandler                         0x00000598   Section        0  interrupts_cw32f030.o(i.RCC_IRQHandler)
    i.RCC_PCLK_OUT                           0x0000059c   Section        0  cw32f030_rcc.o(i.RCC_PCLK_OUT)
    i.RCC_PLL_Disable                        0x000005e4   Section        0  cw32f030_rcc.o(i.RCC_PLL_Disable)
    i.RCC_PLL_Enable                         0x00000600   Section        0  cw32f030_rcc.o(i.RCC_PLL_Enable)
    i.RCC_SysClk_Switch                      0x000006b4   Section        0  cw32f030_rcc.o(i.RCC_SysClk_Switch)
    i.RCC_Sysctrl_GetHClkFreq                0x000006f4   Section        0  cw32f030_rcc.o(i.RCC_Sysctrl_GetHClkFreq)
    i.RCC_SystemCoreClockUpdate              0x000007cc   Section        0  cw32f030_rcc.o(i.RCC_SystemCoreClockUpdate)
    i.RTC_IRQHandler                         0x000007d8   Section        0  interrupts_cw32f030.o(i.RTC_IRQHandler)
    i.SPI1_IRQHandler                        0x000007da   Section        0  interrupts_cw32f030.o(i.SPI1_IRQHandler)
    i.SPI2_IRQHandler                        0x000007dc   Section        0  interrupts_cw32f030.o(i.SPI2_IRQHandler)
    i.SVC_Handler                            0x000007de   Section        0  interrupts_cw32f030.o(i.SVC_Handler)
    i.SystemCoreClockUpdate                  0x000007e0   Section        0  system_cw32f030.o(i.SystemCoreClockUpdate)
    i.SystemInit                             0x000007f0   Section        0  system_cw32f030.o(i.SystemInit)
    i.UART1_IRQHandler                       0x0000082c   Section        0  interrupts_cw32f030.o(i.UART1_IRQHandler)
    i.UART2_IRQHandler                       0x0000082e   Section        0  interrupts_cw32f030.o(i.UART2_IRQHandler)
    i.UART3_IRQHandler                       0x00000830   Section        0  interrupts_cw32f030.o(i.UART3_IRQHandler)
    i.VC1_IRQHandler                         0x00000832   Section        0  interrupts_cw32f030.o(i.VC1_IRQHandler)
    i.VC2_IRQHandler                         0x00000834   Section        0  interrupts_cw32f030.o(i.VC2_IRQHandler)
    i.WDT_IRQHandler                         0x00000836   Section        0  interrupts_cw32f030.o(i.WDT_IRQHandler)
    i.__ARM_common_switch8                   0x00000838   Section        0  cw32f030_rcc.o(i.__ARM_common_switch8)
    i.__scatterload_copy                     0x00000854   Section       14  handlers.o(i.__scatterload_copy)
    i.__scatterload_null                     0x00000862   Section        2  handlers.o(i.__scatterload_null)
    i.__scatterload_zeroinit                 0x00000864   Section       14  handlers.o(i.__scatterload_zeroinit)
    i.main                                   0x00000874   Section        0  main.o(i.main)
    .constdata                               0x00000980   Section      100  cw32f030_rcc.o(.constdata)
    .data                                    0x20000000   Section        4  system_cw32f030.o(.data)
    STACK                                    0x20000008   Section      512  startup_cw32f030.o(STACK)

    Global Symbols

    Symbol Name                              Value     Ov Type        Size  Object(Section)

    BuildAttributes$$THM_ISAv3M$S$PE$A:L22$X:L11$S22$IEEE1$IW$USESV6$~STKCKD$USESV7$~SHL$OSPACE$EBA8$MICROLIB$REQ8$PRES8$EABIv2 0x00000000   Number         0  anon$$obj.o ABSOLUTE
    __ARM_use_no_argv                        0x00000000   Number         0  main.o ABSOLUTE
    __Vectors                                0x00000000   Data           0  startup_cw32f030.o(RESET)
    __arm_fini_                               - Undefined Weak Reference
    __cpp_initialize__aeabi_                  - Undefined Weak Reference
    __cxa_finalize                            - Undefined Weak Reference
    __decompress                              - Undefined Weak Reference
    _clock_init                               - Undefined Weak Reference
    _microlib_exit                            - Undefined Weak Reference
    __Vectors_End                            0x000000c0   Data           0  startup_cw32f030.o(RESET)
    __Vectors_Size                           0x000000c0   Number         0  startup_cw32f030.o ABSOLUTE
    __main                                   0x000000c1   Thumb Code     0  entry.o(.ARM.Collect$$$$00000000)
    _main_stk                                0x000000c1   Thumb Code     0  entry2.o(.ARM.Collect$$$$00000001)
    _main_scatterload                        0x000000c5   Thumb Code     0  entry5.o(.ARM.Collect$$$$00000004)
    __main_after_scatterload                 0x000000c9   Thumb Code     0  entry5.o(.ARM.Collect$$$$00000004)
    _main_clock                              0x000000c9   Thumb Code     0  entry7b.o(.ARM.Collect$$$$00000008)
    _main_cpp_init                           0x000000c9   Thumb Code     0  entry8b.o(.ARM.Collect$$$$0000000A)
    _main_init                               0x000000c9   Thumb Code     0  entry9a.o(.ARM.Collect$$$$0000000B)
    __rt_lib_shutdown_fini                   0x000000d1   Thumb Code     0  entry12b.o(.ARM.Collect$$$$0000000E)
    __rt_final_cpp                           0x000000d5   Thumb Code     0  entry10a.o(.ARM.Collect$$$$0000000F)
    __rt_final_exit                          0x000000d5   Thumb Code     0  entry11a.o(.ARM.Collect$$$$00000011)
    Reset_Handler                            0x000000d9   Thumb Code    26  startup_cw32f030.o(.text)
    SysTick_Handler                          0x000000fb   Thumb Code     2  startup_cw32f030.o(.text)
    __aeabi_uidiv                            0x00000115   Thumb Code     0  uidiv.o(.text)
    __aeabi_uidivmod                         0x00000115   Thumb Code    44  uidiv.o(.text)
    __aeabi_ldivmod                          0x00000141   Thumb Code    76  ldiv.o(.text)
    __aeabi_memcpy                           0x0000018d   Thumb Code    36  memcpya.o(.text)
    __aeabi_memcpy4                          0x0000018d   Thumb Code     0  memcpya.o(.text)
    __aeabi_memcpy8                          0x0000018d   Thumb Code     0  memcpya.o(.text)
    __aeabi_uldivmod                         0x000001b1   Thumb Code    96  uldiv.o(.text)
    __scatterload                            0x00000211   Thumb Code    28  init.o(.text)
    __scatterload_rt2                        0x00000211   Thumb Code     0  init.o(.text)
    __aeabi_llsl                             0x00000235   Thumb Code    32  llshl.o(.text)
    _ll_shift_l                              0x00000235   Thumb Code     0  llshl.o(.text)
    __aeabi_llsr                             0x00000255   Thumb Code    34  llushr.o(.text)
    _ll_ushift_r                             0x00000255   Thumb Code     0  llushr.o(.text)
    ADC_IRQHandler                           0x00000277   Thumb Code     2  interrupts_cw32f030.o(i.ADC_IRQHandler)
    ATIM_IRQHandler                          0x00000279   Thumb Code     2  interrupts_cw32f030.o(i.ATIM_IRQHandler)
    AWT_IRQHandler                           0x0000027b   Thumb Code     2  interrupts_cw32f030.o(i.AWT_IRQHandler)
    BTIM1_IRQHandler                         0x0000027d   Thumb Code     2  interrupts_cw32f030.o(i.BTIM1_IRQHandler)
    BTIM2_IRQHandler                         0x0000027f   Thumb Code     2  interrupts_cw32f030.o(i.BTIM2_IRQHandler)
    BTIM3_IRQHandler                         0x00000281   Thumb Code     2  interrupts_cw32f030.o(i.BTIM3_IRQHandler)
    DMACH1_IRQHandler                        0x00000283   Thumb Code     2  interrupts_cw32f030.o(i.DMACH1_IRQHandler)
    DMACH23_IRQHandler                       0x00000285   Thumb Code     2  interrupts_cw32f030.o(i.DMACH23_IRQHandler)
    DMACH45_IRQHandler                       0x00000287   Thumb Code     2  interrupts_cw32f030.o(i.DMACH45_IRQHandler)
    FAULT_IRQHandler                         0x00000289   Thumb Code     2  interrupts_cw32f030.o(i.FAULT_IRQHandler)
    FLASHRAM_IRQHandler                      0x0000028b   Thumb Code     2  interrupts_cw32f030.o(i.FLASHRAM_IRQHandler)
    FLASH_SetLatency                         0x0000028d   Thumb Code    42  cw32f030_flash.o(i.FLASH_SetLatency)
    FirmwareDelay                            0x000002c5   Thumb Code    18  system_cw32f030.o(i.FirmwareDelay)
    GPIOA_IRQHandler                         0x000002d7   Thumb Code     2  interrupts_cw32f030.o(i.GPIOA_IRQHandler)
    GPIOB_IRQHandler                         0x000002d9   Thumb Code     2  interrupts_cw32f030.o(i.GPIOB_IRQHandler)
    GPIOC_IRQHandler                         0x000002db   Thumb Code     2  interrupts_cw32f030.o(i.GPIOC_IRQHandler)
    GPIOF_IRQHandler                         0x000002dd   Thumb Code     2  interrupts_cw32f030.o(i.GPIOF_IRQHandler)
    GPIO_Init                                0x000002e1   Thumb Code   252  cw32f030_gpio.o(i.GPIO_Init)
    GTIM1_IRQHandler                         0x000003e1   Thumb Code     2  interrupts_cw32f030.o(i.GTIM1_IRQHandler)
    GTIM2_IRQHandler                         0x000003e3   Thumb Code     2  interrupts_cw32f030.o(i.GTIM2_IRQHandler)
    GTIM3_IRQHandler                         0x000003e5   Thumb Code     2  interrupts_cw32f030.o(i.GTIM3_IRQHandler)
    GTIM4_IRQHandler                         0x000003e7   Thumb Code     2  interrupts_cw32f030.o(i.GTIM4_IRQHandler)
    HardFault_Handler                        0x000003e9   Thumb Code     4  interrupts_cw32f030.o(i.HardFault_Handler)
    I2C1_IRQHandler                          0x000003ed   Thumb Code     2  interrupts_cw32f030.o(i.I2C1_IRQHandler)
    I2C2_IRQHandler                          0x000003ef   Thumb Code     2  interrupts_cw32f030.o(i.I2C2_IRQHandler)
    LVD_IRQHandler                           0x000003f1   Thumb Code     2  interrupts_cw32f030.o(i.LVD_IRQHandler)
    NMI_Handler                              0x000003f3   Thumb Code     2  interrupts_cw32f030.o(i.NMI_Handler)
    PendSV_Handler                           0x000003f5   Thumb Code     2  interrupts_cw32f030.o(i.PendSV_Handler)
    RCC_AHBPeriphClk_Enable                  0x000003f9   Thumb Code    28  cw32f030_rcc.o(i.RCC_AHBPeriphClk_Enable)
    RCC_HCLK_OUT                             0x00000419   Thumb Code    66  cw32f030_rcc.o(i.RCC_HCLK_OUT)
    RCC_HSE_Disable                          0x00000461   Thumb Code    20  cw32f030_rcc.o(i.RCC_HSE_Disable)
    RCC_HSE_Enable                           0x0000047d   Thumb Code   178  cw32f030_rcc.o(i.RCC_HSE_Enable)
    RCC_HSI_Disable                          0x00000549   Thumb Code    20  cw32f030_rcc.o(i.RCC_HSI_Disable)
    RCC_HSI_Enable                           0x00000565   Thumb Code    44  cw32f030_rcc.o(i.RCC_HSI_Enable)
    RCC_IRQHandler                           0x00000599   Thumb Code     2  interrupts_cw32f030.o(i.RCC_IRQHandler)
    RCC_PCLK_OUT                             0x0000059d   Thumb Code    66  cw32f030_rcc.o(i.RCC_PCLK_OUT)
    RCC_PLL_Disable                          0x000005e5   Thumb Code    20  cw32f030_rcc.o(i.RCC_PLL_Disable)
    RCC_PLL_Enable                           0x00000601   Thumb Code   168  cw32f030_rcc.o(i.RCC_PLL_Enable)
    RCC_SysClk_Switch                        0x000006b5   Thumb Code    54  cw32f030_rcc.o(i.RCC_SysClk_Switch)
    RCC_Sysctrl_GetHClkFreq                  0x000006f5   Thumb Code   194  cw32f030_rcc.o(i.RCC_Sysctrl_GetHClkFreq)
    RCC_SystemCoreClockUpdate                0x000007cd   Thumb Code     6  cw32f030_rcc.o(i.RCC_SystemCoreClockUpdate)
    RTC_IRQHandler                           0x000007d9   Thumb Code     2  interrupts_cw32f030.o(i.RTC_IRQHandler)
    SPI1_IRQHandler                          0x000007db   Thumb Code     2  interrupts_cw32f030.o(i.SPI1_IRQHandler)
    SPI2_IRQHandler                          0x000007dd   Thumb Code     2  interrupts_cw32f030.o(i.SPI2_IRQHandler)
    SVC_Handler                              0x000007df   Thumb Code     2  interrupts_cw32f030.o(i.SVC_Handler)
    SystemCoreClockUpdate                    0x000007e1   Thumb Code     8  system_cw32f030.o(i.SystemCoreClockUpdate)
    SystemInit                               0x000007f1   Thumb Code    54  system_cw32f030.o(i.SystemInit)
    UART1_IRQHandler                         0x0000082d   Thumb Code     2  interrupts_cw32f030.o(i.UART1_IRQHandler)
    UART2_IRQHandler                         0x0000082f   Thumb Code     2  interrupts_cw32f030.o(i.UART2_IRQHandler)
    UART3_IRQHandler                         0x00000831   Thumb Code     2  interrupts_cw32f030.o(i.UART3_IRQHandler)
    VC1_IRQHandler                           0x00000833   Thumb Code     2  interrupts_cw32f030.o(i.VC1_IRQHandler)
    VC2_IRQHandler                           0x00000835   Thumb Code     2  interrupts_cw32f030.o(i.VC2_IRQHandler)
    WDT_IRQHandler                           0x00000837   Thumb Code     2  interrupts_cw32f030.o(i.WDT_IRQHandler)
    __ARM_common_switch8                     0x00000839   Thumb Code    28  cw32f030_rcc.o(i.__ARM_common_switch8)
    __scatterload_copy                       0x00000855   Thumb Code    14  handlers.o(i.__scatterload_copy)
    __scatterload_null                       0x00000863   Thumb Code     2  handlers.o(i.__scatterload_null)
    __scatterload_zeroinit                   0x00000865   Thumb Code    14  handlers.o(i.__scatterload_zeroinit)
    main                                     0x00000875   Thumb Code   240  main.o(i.main)
    hsiprs_tbl                               0x00000980   Data          64  cw32f030_rcc.o(.constdata)
    Region$$Table$$Base                      0x000009e4   Number         0  anon$$obj.o(Region$$Table)
    Region$$Table$$Limit                     0x00000a04   Number         0  anon$$obj.o(Region$$Table)
    SystemCoreClock                          0x20000000   Data           4  system_cw32f030.o(.data)
    __initial_sp                             0x20000208   Data           0  startup_cw32f030.o(STACK)



==============================================================================

Memory Map of the image

  Image Entry point : 0x000000c1

  Load Region LR_IROM1 (Base: 0x00000000, Size: 0x00000a08, Max: 0x00010000, ABSOLUTE)

    Execution Region ER_IROM1 (Exec base: 0x00000000, Load base: 0x00000000, Size: 0x00000a04, Max: 0x00010000, ABSOLUTE)

    Exec Addr    Load Addr    Size         Type   Attr      Idx    E Section Name        Object

    0x00000000   0x00000000   0x000000c0   Data   RO            3    RESET               startup_cw32f030.o
    0x000000c0   0x000000c0   0x00000000   Code   RO          909  * .ARM.Collect$$$$00000000  mc_p.l(entry.o)
    0x000000c0   0x000000c0   0x00000004   Code   RO          920    .ARM.Collect$$$$00000001  mc_p.l(entry2.o)
    0x000000c4   0x000000c4   0x00000004   Code   RO          923    .ARM.Collect$$$$00000004  mc_p.l(entry5.o)
    0x000000c8   0x000000c8   0x00000000   Code   RO          925    .ARM.Collect$$$$00000008  mc_p.l(entry7b.o)
    0x000000c8   0x000000c8   0x00000000   Code   RO          927    .ARM.Collect$$$$0000000A  mc_p.l(entry8b.o)
    0x000000c8   0x000000c8   0x00000008   Code   RO          928    .ARM.Collect$$$$0000000B  mc_p.l(entry9a.o)
    0x000000d0   0x000000d0   0x00000004   Code   RO          935    .ARM.Collect$$$$0000000E  mc_p.l(entry12b.o)
    0x000000d4   0x000000d4   0x00000000   Code   RO          930    .ARM.Collect$$$$0000000F  mc_p.l(entry10a.o)
    0x000000d4   0x000000d4   0x00000000   Code   RO          932    .ARM.Collect$$$$00000011  mc_p.l(entry11a.o)
    0x000000d4   0x000000d4   0x00000004   Code   RO          921    .ARM.Collect$$$$00002712  mc_p.l(entry2.o)
    0x000000d8   0x000000d8   0x0000003c   Code   RO            4    .text               startup_cw32f030.o
    0x00000114   0x00000114   0x0000002c   Code   RO          912    .text               mc_p.l(uidiv.o)
    0x00000140   0x00000140   0x0000004c   Code   RO          914    .text               mc_p.l(ldiv.o)
    0x0000018c   0x0000018c   0x00000024   Code   RO          916    .text               mc_p.l(memcpya.o)
    0x000001b0   0x000001b0   0x00000060   Code   RO          936    .text               mc_p.l(uldiv.o)
    0x00000210   0x00000210   0x00000024   Code   RO          938    .text               mc_p.l(init.o)
    0x00000234   0x00000234   0x00000020   Code   RO          940    .text               mc_p.l(llshl.o)
    0x00000254   0x00000254   0x00000022   Code   RO          942    .text               mc_p.l(llushr.o)
    0x00000276   0x00000276   0x00000002   Code   RO          130    i.ADC_IRQHandler    interrupts_cw32f030.o
    0x00000278   0x00000278   0x00000002   Code   RO          131    i.ATIM_IRQHandler   interrupts_cw32f030.o
    0x0000027a   0x0000027a   0x00000002   Code   RO          132    i.AWT_IRQHandler    interrupts_cw32f030.o
    0x0000027c   0x0000027c   0x00000002   Code   RO          133    i.BTIM1_IRQHandler  interrupts_cw32f030.o
    0x0000027e   0x0000027e   0x00000002   Code   RO          134    i.BTIM2_IRQHandler  interrupts_cw32f030.o
    0x00000280   0x00000280   0x00000002   Code   RO          135    i.BTIM3_IRQHandler  interrupts_cw32f030.o
    0x00000282   0x00000282   0x00000002   Code   RO          136    i.DMACH1_IRQHandler  interrupts_cw32f030.o
    0x00000284   0x00000284   0x00000002   Code   RO          137    i.DMACH23_IRQHandler  interrupts_cw32f030.o
    0x00000286   0x00000286   0x00000002   Code   RO          138    i.DMACH45_IRQHandler  interrupts_cw32f030.o
    0x00000288   0x00000288   0x00000002   Code   RO          139    i.FAULT_IRQHandler  interrupts_cw32f030.o
    0x0000028a   0x0000028a   0x00000002   Code   RO          140    i.FLASHRAM_IRQHandler  interrupts_cw32f030.o
    0x0000028c   0x0000028c   0x00000038   Code   RO          711    i.FLASH_SetLatency  cw32f030_flash.o
    0x000002c4   0x000002c4   0x00000012   Code   RO           12    i.FirmwareDelay     system_cw32f030.o
    0x000002d6   0x000002d6   0x00000002   Code   RO          141    i.GPIOA_IRQHandler  interrupts_cw32f030.o
    0x000002d8   0x000002d8   0x00000002   Code   RO          142    i.GPIOB_IRQHandler  interrupts_cw32f030.o
    0x000002da   0x000002da   0x00000002   Code   RO          143    i.GPIOC_IRQHandler  interrupts_cw32f030.o
    0x000002dc   0x000002dc   0x00000002   Code   RO          144    i.GPIOF_IRQHandler  interrupts_cw32f030.o
    0x000002de   0x000002de   0x00000002   PAD
    0x000002e0   0x000002e0   0x00000100   Code   RO          835    i.GPIO_Init         cw32f030_gpio.o
    0x000003e0   0x000003e0   0x00000002   Code   RO          145    i.GTIM1_IRQHandler  interrupts_cw32f030.o
    0x000003e2   0x000003e2   0x00000002   Code   RO          146    i.GTIM2_IRQHandler  interrupts_cw32f030.o
    0x000003e4   0x000003e4   0x00000002   Code   RO          147    i.GTIM3_IRQHandler  interrupts_cw32f030.o
    0x000003e6   0x000003e6   0x00000002   Code   RO          148    i.GTIM4_IRQHandler  interrupts_cw32f030.o
    0x000003e8   0x000003e8   0x00000004   Code   RO          149    i.HardFault_Handler  interrupts_cw32f030.o
    0x000003ec   0x000003ec   0x00000002   Code   RO          150    i.I2C1_IRQHandler   interrupts_cw32f030.o
    0x000003ee   0x000003ee   0x00000002   Code   RO          151    i.I2C2_IRQHandler   interrupts_cw32f030.o
    0x000003f0   0x000003f0   0x00000002   Code   RO          152    i.LVD_IRQHandler    interrupts_cw32f030.o
    0x000003f2   0x000003f2   0x00000002   Code   RO          153    i.NMI_Handler       interrupts_cw32f030.o
    0x000003f4   0x000003f4   0x00000002   Code   RO          154    i.PendSV_Handler    interrupts_cw32f030.o
    0x000003f6   0x000003f6   0x00000002   PAD
    0x000003f8   0x000003f8   0x00000020   Code   RO          360    i.RCC_AHBPeriphClk_Enable  cw32f030_rcc.o
    0x00000418   0x00000418   0x00000048   Code   RO          384    i.RCC_HCLK_OUT      cw32f030_rcc.o
    0x00000460   0x00000460   0x0000001c   Code   RO          385    i.RCC_HSE_Disable   cw32f030_rcc.o
    0x0000047c   0x0000047c   0x000000cc   Code   RO          386    i.RCC_HSE_Enable    cw32f030_rcc.o
    0x00000548   0x00000548   0x0000001c   Code   RO          388    i.RCC_HSI_Disable   cw32f030_rcc.o
    0x00000564   0x00000564   0x00000034   Code   RO          389    i.RCC_HSI_Enable    cw32f030_rcc.o
    0x00000598   0x00000598   0x00000002   Code   RO          155    i.RCC_IRQHandler    interrupts_cw32f030.o
    0x0000059a   0x0000059a   0x00000002   PAD
    0x0000059c   0x0000059c   0x00000048   Code   RO          402    i.RCC_PCLK_OUT      cw32f030_rcc.o
    0x000005e4   0x000005e4   0x0000001c   Code   RO          403    i.RCC_PLL_Disable   cw32f030_rcc.o
    0x00000600   0x00000600   0x000000b4   Code   RO          404    i.RCC_PLL_Enable    cw32f030_rcc.o
    0x000006b4   0x000006b4   0x00000040   Code   RO          408    i.RCC_SysClk_Switch  cw32f030_rcc.o
    0x000006f4   0x000006f4   0x000000d8   Code   RO          409    i.RCC_Sysctrl_GetHClkFreq  cw32f030_rcc.o
    0x000007cc   0x000007cc   0x0000000c   Code   RO          411    i.RCC_SystemCoreClockUpdate  cw32f030_rcc.o
    0x000007d8   0x000007d8   0x00000002   Code   RO          156    i.RTC_IRQHandler    interrupts_cw32f030.o
    0x000007da   0x000007da   0x00000002   Code   RO          157    i.SPI1_IRQHandler   interrupts_cw32f030.o
    0x000007dc   0x000007dc   0x00000002   Code   RO          158    i.SPI2_IRQHandler   interrupts_cw32f030.o
    0x000007de   0x000007de   0x00000002   Code   RO          159    i.SVC_Handler       interrupts_cw32f030.o
    0x000007e0   0x000007e0   0x00000010   Code   RO           14    i.SystemCoreClockUpdate  system_cw32f030.o
    0x000007f0   0x000007f0   0x0000003c   Code   RO           15    i.SystemInit        system_cw32f030.o
    0x0000082c   0x0000082c   0x00000002   Code   RO          160    i.UART1_IRQHandler  interrupts_cw32f030.o
    0x0000082e   0x0000082e   0x00000002   Code   RO          161    i.UART2_IRQHandler  interrupts_cw32f030.o
    0x00000830   0x00000830   0x00000002   Code   RO          162    i.UART3_IRQHandler  interrupts_cw32f030.o
    0x00000832   0x00000832   0x00000002   Code   RO          163    i.VC1_IRQHandler    interrupts_cw32f030.o
    0x00000834   0x00000834   0x00000002   Code   RO          164    i.VC2_IRQHandler    interrupts_cw32f030.o
    0x00000836   0x00000836   0x00000002   Code   RO          165    i.WDT_IRQHandler    interrupts_cw32f030.o
    0x00000838   0x00000838   0x0000001c   Code   RO          690    i.__ARM_common_switch8  cw32f030_rcc.o
    0x00000854   0x00000854   0x0000000e   Code   RO          946    i.__scatterload_copy  mc_p.l(handlers.o)
    0x00000862   0x00000862   0x00000002   Code   RO          947    i.__scatterload_null  mc_p.l(handlers.o)
    0x00000864   0x00000864   0x0000000e   Code   RO          948    i.__scatterload_zeroinit  mc_p.l(handlers.o)
    0x00000872   0x00000872   0x00000002   PAD
    0x00000874   0x00000874   0x0000010c   Code   RO           94    i.main              main.o
    0x00000980   0x00000980   0x00000064   Data   RO          413    .constdata          cw32f030_rcc.o
    0x000009e4   0x000009e4   0x00000020   Data   RO          944    Region$$Table       anon$$obj.o


    Execution Region RW_IRAM1 (Exec base: 0x20000000, Load base: 0x00000a04, Size: 0x00000208, Max: 0x00002000, ABSOLUTE)

    Exec Addr    Load Addr    Size         Type   Attr      Idx    E Section Name        Object

    0x20000000   0x00000a04   0x00000004   Data   RW           16    .data               system_cw32f030.o
    0x20000004   0x00000a08   0x00000004   PAD
    0x20000008        -       0x00000200   Zero   RW            1    STACK               startup_cw32f030.o


==============================================================================

Image component sizes


      Code (inc. data)   RO Data    RW Data    ZI Data      Debug   Object Name

        56         14          0          0          0        615   cw32f030_flash.o
       256          4          0          0          0       1164   cw32f030_gpio.o
      1016        132        100          0          0       8596   cw32f030_rcc.o
        74          0          0          0          0      18380   interrupts_cw32f030.o
       268         28          0          0          0      49191   main.o
        60         22        192          0        512        748   startup_cw32f030.o
        94         14          0          4          0     138159   system_cw32f030.o

    ----------------------------------------------------------------------
      1830        214        324          4        516     216853   Object Totals
         0          0         32          0          0          0   (incl. Generated)
         6          0          0          0          4          0   (incl. Padding)

    ----------------------------------------------------------------------

      Code (inc. data)   RO Data    RW Data    ZI Data      Debug   Library Member Name

         0          0          0          0          0          0   entry.o
         0          0          0          0          0          0   entry10a.o
         0          0          0          0          0          0   entry11a.o
         4          0          0          0          0          0   entry12b.o
         8          4          0          0          0          0   entry2.o
         4          0          0          0          0          0   entry5.o
         0          0          0          0          0          0   entry7b.o
         0          0          0          0          0          0   entry8b.o
         8          4          0          0          0          0   entry9a.o
        30          0          0          0          0          0   handlers.o
        36          8          0          0          0         68   init.o
        76          0          0          0          0         76   ldiv.o
        32          0          0          0          0         68   llshl.o
        34          0          0          0          0         68   llushr.o
        36          0          0          0          0         60   memcpya.o
        44          0          0          0          0         72   uidiv.o
        96          0          0          0          0         84   uldiv.o

    ----------------------------------------------------------------------
       410         16          0          0          0        496   Library Totals
         2          0          0          0          0          0   (incl. Padding)

    ----------------------------------------------------------------------

      Code (inc. data)   RO Data    RW Data    ZI Data      Debug   Library Name

       408         16          0          0          0        496   mc_p.l

    ----------------------------------------------------------------------
       410         16          0          0          0        496   Library Totals

    ----------------------------------------------------------------------

==============================================================================


      Code (inc. data)   RO Data    RW Data    ZI Data      Debug   

      2240        230        324          4        516     215037   Grand Totals
      2240        230        324          4        516     215037   ELF Image Totals
      2240        230        324          4          0          0   ROM Totals

==============================================================================

    Total RO  Size (Code + RO Data)                 2564 (   2.50kB)
    Total RW  Size (RW Data + ZI Data)               520 (   0.51kB)
    Total ROM Size (Code + RO Data + RW Data)       2568 (   2.51kB)

==============================================================================

