<html>
<body>
<pre>
<h1>礦ision Build Log</h1>
<h2>Tool Versions:</h2>
IDE-Version: μVision V5.38.0.0
Copyright (C) 2022 ARM Ltd and ARM Germany GmbH. All rights reserved.
License Information: 1 qiu, 1, LIC=JL28G-V89FM-MML9I-TXR8R-9LM29-P5CGD
 
Tool Versions:
Toolchain:       MDK-ARM Plus  Version: 5.38.0.0
Toolchain Path:  E:\dianzi\MDKv5\ARM\AC5\Bin
C Compiler:      Armcc.exe V5.06 update 7 (build 960)
Assembler:       Armasm.exe V5.06 update 7 (build 960)
Linker/Locator:  ArmLink.exe V5.06 update 7 (build 960)
Library Manager: ArmAr.exe V5.06 update 7 (build 960)
Hex Converter:   FromElf.exe V5.06 update 7 (build 960)
CPU DLL:         SARMCM3.DLL V5.38.0.0
Dialog DLL:      DARMCM1.DLL V1.19.6.0
Target DLL:      STLink\ST-LINKIII-KEIL_SWO.dll V3.1.0.0
Dialog DLL:      TARMCM1.DLL V1.14.6.0
 
<h2>Project:</h2>
E:\StudyNote\study_CW32\5.实战项目\1.基于CW32F030的电压电流表\2.软件逐渐实现\7.采集电压显示\GPIO.uvprojx
Project File Date:  03/02/2025

<h2>Output:</h2>
*** Using Compiler 'V5.06 update 7 (build 960)', folder: 'E:\dianzi\MDKv5\ARM\AC5\Bin'
Build target 'Target 1'
compiling MAIN.c...
USER\MAIN.c(127): warning:  #177-D: variable "t"  was declared but never referenced
  	float t,KT1;
USER\MAIN.c(127): warning:  #177-D: variable "KT1"  was declared but never referenced
  	float t,KT1;
USER\MAIN.c(136): warning:  #177-D: variable "Cnt"  was declared but never referenced
    static uint32_t Cnt=0,keytime=0,timecount1=0,ledcount=0;
USER\MAIN.c(136): warning:  #177-D: variable "keytime"  was declared but never referenced
    static uint32_t Cnt=0,keytime=0,timecount1=0,ledcount=0;
USER\MAIN.c(136): warning:  #177-D: variable "timecount1"  was declared but never referenced
    static uint32_t Cnt=0,keytime=0,timecount1=0,ledcount=0;
USER\MAIN.c: 5 warnings, 0 errors
linking...
Program Size: Code=2936 RO-data=324 RW-data=60 ZI-data=716  
".\Objects\GPIO.axf" - 0 Error(s), 5 Warning(s).

<h2>Software Packages used:</h2>

Package Vendor: ARM
                http://www.keil.com/pack/ARM.CMSIS.5.9.0.pack
                ARM.CMSIS.5.9.0
                CMSIS (Common Microcontroller Software Interface Standard)
   * Component: CORE Version: 5.6.0

<h2>Collection of Component include folders:</h2>
  ./RTE/_Target_1
  E:/dianzi/MDKv5/ARM/CMSIS/5.9.0/CMSIS/Core/Include
  E:/dianzi/MDKv5/ARM/CMSIS/5.9.0/Device/ARM/ARMCM0plus/Include

<h2>Collection of Component Files used:</h2>

   * Component: ARM::CMSIS:CORE:5.6.0
Build Time Elapsed:  00:00:00
</pre>
</body>
</html>
